start 18:35:59
31248200b0fcf27351d066f0b55e0eecaac97d4f7287d44b3c41f9c4b23d7d3c  /workspace/notes/lint/measure/parser/base/bun
7e1111b462362a5748907049a1c7a424638fbdc976790a9e265d05ebfb04b8e6  /workspace/notes/lint/measure/parser/head/bun
1.4.3-canary.1+e3566be88
1.4.3-canary.1+be1ebe529
== harvest with the base binary 18:36:00
rc 0
1547 lines, bun 1.4.3 e3566be889995ffff8b08823b9233617f979c889
09 unchanged
== gen targeted 18:36:05
/tmp/gdr1b/gd/corpus.targeted.json: 3952 sources
rc 0
-rw-r--r-- 1 root root 254541 Oct  1 18:36 corpus.targeted.json
== harness base small 18:36:05
/tmp/gdr1b/out/base.small.jsonl.gz: 209628 inputs x 15 apis, 0 crashes, 60.8 s, bun 1.4.3 e3566be889995ffff8b08823b9233617f979c889
rc 0
== harness head small 18:37:06
/tmp/gdr1b/out/head.small.jsonl.gz: 209628 inputs x 15 apis, 0 crashes, 58.8 s, bun 1.4.3 be1ebe529527481e0a74cbfdb4f8d6a28f3be4eb
rc 0
== harness base targeted 18:38:05
/tmp/gdr1b/out/base.targeted.jsonl.gz: 3952 inputs x 15 apis, 0 crashes, 2.1 s, bun 1.4.3 e3566be889995ffff8b08823b9233617f979c889
rc 0
== harness head targeted 18:38:08
/tmp/gdr1b/out/head.targeted.jsonl.gz: 3952 inputs x 15 apis, 0 crashes, 2.3 s, bun 1.4.3 be1ebe529527481e0a74cbfdb4f8d6a28f3be4eb
rc 0
== harness base testrows 18:38:10
/tmp/gdr1b/out/base.testrows.jsonl.gz: 301 inputs x 15 apis, 0 crashes, 0.6 s, bun 1.4.3 e3566be889995ffff8b08823b9233617f979c889
rc 0
== harness head testrows 18:38:11
/tmp/gdr1b/out/head.testrows.jsonl.gz: 301 inputs x 15 apis, 0 crashes, 0.6 s, bun 1.4.3 be1ebe529527481e0a74cbfdb4f8d6a28f3be4eb
rc 0
== oracle testrows 18:38:12
/tmp/gdr1b/out/oracle.testrows.jsonl.gz: 301 sources, 292 parse as .ts without a diagnostic, 286 of them without a grammar error of the checker, 0 where the checker threw, typescript 6.0.2
rc 0
== oracle targeted 18:38:15
/tmp/gdr1b/out/oracle.targeted.jsonl.gz: 3952 sources, 3662 parse as .ts without a diagnostic, 1898 of them without a grammar error of the checker, 0 where the checker threw, typescript 6.0.2
rc 0
== oracle small 18:38:24
/tmp/gdr1b/out/oracle.small.jsonl.gz: 209628 sources, 47057 parse as .ts without a diagnostic, 42366 of them without a grammar error of the checker, 0 where the checker threw, typescript 6.0.2
rc 0
end 18:39:30
