no-dupe-keys: 47 cases: same 14, missing 29, bun-rejects 4
missing: "const o = { a: 1, a: 2 };" [ts] [module]
    eslint: 1:19 Duplicate key 'a'.
    bun:    (none)
missing: "const o = { a: 1 as number, a: 2 };" [ts] [module]
    eslint: 1:29 Duplicate key 'a'.
    bun:    (none)
missing: "const o = { [\"a\"]: 1, a: 2 };" [ts] [module]
    eslint: 1:23 Duplicate key 'a'.
    bun:    (none)
missing: "const o = { [(\"a\")]: 1, a: 2 };" [ts] [module]
    eslint: 1:25 Duplicate key 'a'.
    bun:    (none)
missing: "const o = { [((\"a\"))]: 1, [\"a\"]: 2 };" [ts] [module]
    eslint: 1:28 Duplicate key 'a'.
    bun:    (none)
missing: "const o = { a: 1, [(\"a\")]: 2 };" [ts] [module]
    eslint: 1:21 Duplicate key 'a'.
    bun:    (none)
missing: "const o = { a: 1, a: 2 } as const;" [ts] [module]
    eslint: 1:19 Duplicate key 'a'.
    bun:    (none)
missing: "const o = <T>{ a: 1, a: 2 };" [ts] [module]
    eslint: 1:22 Duplicate key 'a'.
    bun:    (none)
missing: "const o = { a: 1, a: 2 } satisfies T;" [ts] [module]
    eslint: 1:19 Duplicate key 'a'.
    bun:    (none)
missing: "const o = ({ a: 1, a: 2 })!;" [ts] [module]
    eslint: 1:20 Duplicate key 'a'.
    bun:    (none)
missing: "const o = { m<T>(x: T) {}, m() {} };" [ts] [module]
    eslint: 1:28 Duplicate key 'm'.
    bun:    (none)
missing: "const o = { get a(): number { return 1 }, get a(): number { return 2 } };" [ts] [module]
    eslint: 1:47 Duplicate key 'a'.
    bun:    (none)
missing: "const o = { a, a };" [ts] [module]
    eslint: 1:16 Duplicate key 'a'.
    bun:    (none)
missing: "const o = { a: 1, \"a\": 2, [`a`]: 3 };" [ts] [module]
    eslint: 1:19 Duplicate key 'a'. | 1:28 Duplicate key 'a'.
    bun:    (none)
missing: "const o = { 1: 1, [1]: 2, [(1)]: 3 };" [ts] [module]
    eslint: 1:20 Duplicate key '1'. | 1:29 Duplicate key '1'.
    bun:    (none)
bun-rejects: "enum E { A, A }" [ts] [module]
    eslint: (none)
    bun:    REJECTS syntax "A" has already been declared
bun-rejects: "enum E { A = 1, \"A\" = 2 }" [ts] [module]
    eslint: (none)
    bun:    REJECTS syntax "A" has already been declared
missing: "function f(a = { x: 1, x: 2 }): void {}" [ts] [module]
    eslint: 1:24 Duplicate key 'x'.
    bun:    (none)
missing: "class A { p = { x: 1, x: 2 } }" [ts] [module]
    eslint: 1:23 Duplicate key 'x'.
    bun:    (none)
missing: "namespace N { export const o = { a: 1, a: 2 } }" [ts] [module]
    eslint: 1:40 Duplicate key 'a'.
    bun:    (none)
missing: "declare namespace N { const a = { x: 1, x: 2 }; }" [ts] [module]
    eslint: 1:41 Duplicate key 'x'.
    bun:    (none)
missing: "let x = { a: 1, a: 2 } as unknown as T;" [ts] [module]
    eslint: 1:17 Duplicate key 'a'.
    bun:    (none)
missing: "f<T>({ a: 1, a: 2 })" [ts] [module]
    eslint: 1:14 Duplicate key 'a'.
    bun:    (none)
missing: "const o = { async *a() {}, a: 1 }" [ts] [module]
    eslint: 1:28 Duplicate key 'a'.
    bun:    (none)
missing: "const o = { a: (1)!, a: (2) as T }" [ts] [module]
    eslint: 1:22 Duplicate key 'a'.
    bun:    (none)
bun-rejects: "({ a: 1, a: 2 } = x);" [ts] [module]
    eslint: (none)
    bun:    REJECTS syntax Invalid assignment target | syntax Invalid assignment target
bun-rejects: "({ a: { b: 1, b: 2 } as T } = x)" [ts] [module]
    eslint: 1:15 Duplicate key 'b'.
    bun:    REJECTS syntax Invalid assignment target | syntax Invalid assignment target
missing: "export = { a: 1, a: 2 };" [ts] [module]
    eslint: 1:18 Duplicate key 'a'.
    bun:    (none)
missing: "export default { a: 1, a: 2 } as T;" [ts] [module]
    eslint: 1:24 Duplicate key 'a'.
    bun:    (none)
missing: "const e = <div style={{ a: 1, a: 2 }} />;" [tsx] [module]
    eslint: 1:31 Duplicate key 'a'.
    bun:    (none)
missing: "const e = <T,>(x: T) => ({ a: 1, a: 2 });" [tsx] [module]
    eslint: 1:34 Duplicate key 'a'.
    bun:    (none)
missing: "export const o = { a: 1, a: 2 };" [mts] [module]
    eslint: 1:26 Duplicate key 'a'.
    bun:    (none)
missing: "module.exports = { a: 1, a: 2 };" [cts] [commonjs]
    eslint: 1:26 Duplicate key 'a'.
    bun:    (none)
