    Checking memchr v2.8.0
    Checking allocator-api2 v0.2.21
    Checking konst_macro_rules v0.2.19
    Checking bun_opaque v0.0.0 (/workspace/wt/cli/src/opaque)
   Compiling libc v0.2.186
   Compiling thiserror v2.0.18
    Checking bun_simdutf_sys v0.0.0 (/workspace/wt/cli/src/simdutf_sys)
   Compiling bun_core v0.0.0 (/workspace/wt/cli/src/bun_core)
    Checking bytemuck v1.25.0
    Checking itoa v1.0.18
    Checking strum v0.26.3
    Checking bun_output_tags v0.0.0 (/workspace/wt/cli/src/bun_output_tags)
    Checking enum-map v2.7.3
    Checking bun_mimalloc_sys v0.0.0 (/workspace/wt/cli/src/mimalloc_sys)
    Checking konst v0.2.20
    Checking bun_windows_sys v0.0.0 (/workspace/wt/cli/src/windows_sys)
   Compiling rustix v0.38.44
    Checking scopeguard v1.2.0
    Checking bstr v1.12.1
    Checking bitflags v2.11.1
    Checking linux-raw-sys v0.4.15
    Checking const_format v0.2.36
    Checking hashbrown v0.15.5
    Checking smallvec v1.15.1
    Checking rustc-hash v2.1.2
    Checking enumset v1.1.10
    Checking bun_wyhash v0.0.0 (/workspace/wt/cli/src/wyhash)
    Checking bun_highway v0.0.0 (/workspace/wt/cli/src/highway)
    Checking bun_libuv_sys v0.0.0 (/workspace/wt/cli/src/libuv_sys)
    Checking bun_alloc v0.0.0 (/workspace/wt/cli/src/bun_alloc)
    Checking bun_hash v0.0.0 (/workspace/wt/cli/src/hash)
    Checking bun_errno v0.0.0 (/workspace/wt/cli/src/errno)
    Checking bun_ptr v0.0.0 (/workspace/wt/cli/src/ptr)
    Checking bun_collections v0.0.0 (/workspace/wt/cli/src/collections)
    Checking bun_paths v0.0.0 (/workspace/wt/cli/src/paths)
    Checking bun_sys v0.0.0 (/workspace/wt/cli/src/sys)
    Checking bun_perf v0.0.0 (/workspace/wt/cli/src/perf)
    Checking bun_ast v0.0.0 (/tmp/c2probe/ast)
    Finished `dev` profile [unoptimized + debuginfo] target(s) in 18.98s
check-exit(aarch64-unknown-linux-gnu)=0
