// Jest Snapshot v1, https://jestjs.io/docs/snapshot-testing

exports[`custom-media-queries.css format 1`] = `
====================================options=====================================
parsers: ["css"]
                                                      printWidth: 80 (default) |
=====================================input======================================
@custom-media     --small-viewport ( max-width:30em   )


;

@media (      --small-viewport    ){
.rule{color:blue;}
}

=====================================output=====================================
@custom-media --small-viewport (max-width: 30em);

@media (--small-viewport) {
  .rule {
    color: blue;
  }
}

================================================================================
`;
