---
source: crates/oxc_formatter/tests/fixtures/mod.rs
---
==================== Input ====================
TelemetryTrustedValue(
  instance.capabilities.get(
    TerminalCapability?.PromptTypeDetection
  )?.promptType
)

new TelemetryTrustedValue(
  instance.capabilities.get(
    TerminalCapability?.PromptTypeDetection
  )?.promptType
)
==================== Output ====================
------------------
{ printWidth: 80 }
------------------
TelemetryTrustedValue(
  instance.capabilities.get(TerminalCapability?.PromptTypeDetection)
    ?.promptType,
);

new TelemetryTrustedValue(
  instance.capabilities.get(TerminalCapability?.PromptTypeDetection)
    ?.promptType,
);

-------------------
{ printWidth: 100 }
-------------------
TelemetryTrustedValue(
  instance.capabilities.get(TerminalCapability?.PromptTypeDetection)?.promptType,
);

new TelemetryTrustedValue(
  instance.capabilities.get(TerminalCapability?.PromptTypeDetection)?.promptType,
);

===================== End =====================
