bun test v1.4.3-canary.1 (367d939d9)

test/cli/lint/conformance.test.ts:
(pass) reference > the pinned answers are those of the commits that UPSTREAM names [6.89ms]
(pass) reference > the corpus holds the cases, the baselines and the lists of the pinned commits [5.43ms]
(pass) reference > the list has the instances of the reference's run: 14,915, of which 12,797 run and 2,118 are skipped [102.01ms]
(pass) reference > the list has the digests of the reference's own run of its suite [24.85ms]
(pass) reference > the corpus has the oracle that the list says for every instance that runs [43.63ms]
(pass) reference > the case and space tables are those of Go [56.64ms]
(pass) directives > the vectors of the reference parser [26.15ms]
(pass) variations > 72 of the 126 declared options vary [0.56ms]
(pass) variations > no setting [0.17ms]
(pass) variations > one value [0.42ms]
(pass) variations > two values [0.99ms]
(pass) variations > a value twice [0.09ms]
(pass) variations > one value by two names keeps the first name [0.03ms]
(pass) variations > the cross product, keys sorted in the name [0.07ms]
(pass) variations > the last occurrence wins [0.02ms]
(pass) variations > every value [0.81ms]
(pass) variations > every value but one [0.07ms]
(pass) variations > every value but one leaves nothing to vary [0.02ms]
(pass) variations > a value that is taken out again [0.03ms]
(pass) variations > a name in upper case [0.02ms]
(pass) variations > an option that does not vary
(pass) variations > a set of variations that is empty stops the case [0.11ms]
(pass) variations > 25 variations are the most [0.32ms]
(pass) enumerator > the sample holds cases of both suites, the named cases, and an instance of every reason of a skip [2.70ms]
(pass) enumerator > the instances of one of 40 cases and of the named cases are their lines of the list: group 1 [20.40ms]
(pass) enumerator > the instances of one of 40 cases and of the named cases are their lines of the list: group 2 [20.41ms]
(pass) enumerator > the instances of one of 40 cases and of the named cases are their lines of the list: group 3 [13.46ms]
(pass) enumerator > the instances of one of 40 cases and of the named cases are their lines of the list: group 4 [15.14ms]
(pass) enumerator > the instances of one of 40 cases and of the named cases are their lines of the list: group 5 [8.72ms]
(pass) enumerator > the instances of one of 40 cases and of the named cases are their lines of the list: group 6 [7.00ms]
(pass) enumerator > the instances of one of 40 cases and of the named cases are their lines of the list: group 7 [16.47ms]
(pass) enumerator > the instances of one of 40 cases and of the named cases are their lines of the list: group 8 [20.05ms]
(pass) enumerator > the instances of one of 40 cases and of the named cases are their lines of the list: group 9 [12.04ms]
(pass) enumerator > 45 cases are left out by name and 8 are run for their diagnostics alone [5.76ms]
(pass) error baselines > the sample is 200 files of both tools, and holds the files in the pretty form [1.02ms]
(pass) error baselines > read and written again, the bytes are the same: group 1 [30.08ms]
(pass) error baselines > read and written again, the bytes are the same: group 2 [2.31ms]
(pass) error baselines > read and written again, the bytes are the same: group 3 [10.37ms]
(pass) error baselines > read and written again, the bytes are the same: group 4 [34.43ms]
(pass) error baselines > read and written again, the bytes are the same: group 5 [6.42ms]
(pass) error baselines > read and written again, the bytes are the same: group 6 [9.66ms]
(pass) error baselines > read and written again, the bytes are the same: group 7 [8.95ms]
(pass) error baselines > read and written again, the bytes are the same: group 8 [8.20ms]
(pass) error baselines > read and written again, the bytes are the same: group 9 [12.97ms]
(pass) error baselines > read and written again, the bytes are the same: group 10 [27.03ms]
(pass) error baselines > read and written again, the bytes are the same: group 11 [10.62ms]
(pass) error baselines > read and written again, the bytes are the same: group 12 [3.52ms]
(pass) run > the bytes of the baseline are the bytes of the oracle, or it is no pass [2.91ms]
(pass) run > a check that reports nothing passes no instance with errors, and a diagnostic fails an instance without [0.33ms]
(pass) run > the first section alone, which is all that the plain format holds, is reported apart and is never a pass [0.53ms]
(pass) run > what is no list of diagnostics of the instance is no pass [0.55ms]
(pass) run > replayed oracles pass and a check that reports nothing passes no instance with errors: group 1 [27.32ms]
(pass) run > replayed oracles pass and a check that reports nothing passes no instance with errors: group 2 [10.59ms]
(pass) run > replayed oracles pass and a check that reports nothing passes no instance with errors: group 3 [7.24ms]
(pass) run > replayed oracles pass and a check that reports nothing passes no instance with errors: group 4 [12.31ms]
(pass) run > replayed oracles pass and a check that reports nothing passes no instance with errors: group 5 [8.60ms]
(pass) run > replayed oracles pass and a check that reports nothing passes no instance with errors: group 6 [4.82ms]
(pass) run > replayed oracles pass and a check that reports nothing passes no instance with errors: group 7 [1.88ms]
(pass) run > the sample had instances with errors and without [0.11ms]
(pass) expectations > the file has one form [0.22ms]
(pass) expectations > a listed name that does not pass is a failure, and a name that passes enters and never leaves [2.69ms]
(pass) expectations > the names that pass and are not listed are printed with the one command that adds them [0.12ms]
(pass) expectations > a check that reports nothing adds no name: list C takes no more names of a directory than list E has [0.05ms]
(pass) plain format > one located diagnostic [0.26ms]
(pass) plain format > empty text is an empty list [0.02ms]
(pass) plain format > a chain: two spaces per level, siblings and a way back up [0.17ms]
(pass) plain format > a line that is deeper than one level below the line before keeps its spaces [0.04ms]
(pass) plain format > names: spaces, parentheses, a drive, a line break of Windows [0.04ms]
(pass) plain format > a line that starts with a category has no file [0.03ms]
(pass) plain format > the code of a rule [0.02ms]
(pass) plain format > a text with a crash report is refused whole [0.02ms]
(pass) plain format > a text with a code frame is refused whole
(pass) plain format > a text with an empty line is refused whole
(pass) plain format > a text with a chain line first is refused whole
(pass) plain format > a text with one space is refused whole
(pass) plain format > a text with spaces only is refused whole
(pass) plain format > a text with no line break at the end is refused whole
(pass) plain format > a text with no code is refused whole
(pass) plain format > a text with a summary is refused whole
(pass) plain format > a text with line zero is refused whole
(pass) plain format > a text with an unknown category is refused whole
(pass) plain format > a text with a debug log is refused whole
(pass) plain format > the first section of the baselines of one of 250 cases is the plain format [11.97ms]
(pass) default check > the probe: a command that is no file [77.30ms]
(pass) default check > the probe: a command that dies [618.05ms]
(pass) default check > the probe: a command that runs its operand [669.14ms]
(pass) default check > the probe: a command that takes the flag and does nothing [725.77ms]
(pass) default check > a command that runs its operand gets no instance [577.78ms]
(pass) default check > the probe: a command that lints [1044.60ms]
(pass) default check > a command that lints gets the written unit as its operand, and no diagnostic passes an instance without errors [1714.06ms]
(pass) default check > stderr is read in the plain format, chain lines too: the first section is the oracle's, and that is no pass [1596.20ms]
(pass) default check > a run that breaks the rules is a crash and never an empty list of diagnostics: an exit code that is none of 0, 1 and 2 [1533.10ms]
(pass) default check > a run that breaks the rules is a crash and never an empty list of diagnostics: the exit code of a refusal [1517.33ms]
(pass) default check > a run that breaks the rules is a crash and never an empty list of diagnostics: text on stdout [1515.04ms]
(pass) default check > a run that breaks the rules is a crash and never an empty list of diagnostics: no error and the exit code 2 [1515.17ms]
(pass) default check > a run that breaks the rules is a crash and never an empty list of diagnostics: a line of no form [1515.50ms]
(pass) default check > a run that breaks the rules is a crash and never an empty list of diagnostics: an error and the exit code 0 [1515.32ms]
(pass) default check > a run that breaks the rules is a crash and never an empty list of diagnostics: a file that is not of the instance [1508.85ms]
(pass) default check > a run that breaks the rules is a crash and never an empty list of diagnostics: an error of the command [1508.62ms]
(pass) default check > a run that breaks the rules is a crash and never an empty list of diagnostics: a signal [1508.38ms]
(pass) default check > a run that breaks the rules is a crash and never an empty list of diagnostics: a diagnostic of a rule [1581.38ms]
(pass) default check > never equal to an oracle without errors: a stand-in [1581.16ms]
(pass) default check > never equal to an oracle without errors: the code -1 [1610.57ms]
(pass) listed instances > a batch passes when the oracle is replayed, and fails its names of list E when nothing is reported [98.14ms]
(pass) listed instances > a name in the list of the other class, a skipped instance and a name of no instance are failures [7.26ms]
(pass) expectations.json > is in the form that the update writes [0.04ms]

 106 pass
 0 fail
 172 expect() calls
Ran 106 tests across 1 file. [3.59s]
TIME wall 4.138 s user 0.916 s sys 0.280 s
