bun test v1.4.3-canary.1 (367d939d9)

test/cli/lint/conformance.test.ts:
(pass) reference > the pinned answers are those of the commits that UPSTREAM names [3.55ms]
(pass) reference > the corpus holds the cases, the baselines and the lists of the pinned commits [43.14ms]
(pass) reference > the list has the instances of the reference's run: 14,915, of which 12,797 run and 2,118 are skipped [27.14ms]
(pass) reference > the case and space tables are those of Go [141.35ms]
(pass) directives > the vectors of the reference parser [17.91ms]
(pass) variations > 72 of the 126 declared options vary [0.54ms]
(pass) variations > no setting [0.23ms]
(pass) variations > one value [0.45ms]
(pass) variations > two values [0.70ms]
(pass) variations > a value twice [0.74ms]
(pass) variations > one value by two names keeps the first name [0.04ms]
(pass) variations > the cross product, keys sorted in the name [0.08ms]
(pass) variations > the last occurrence wins [0.02ms]
(pass) variations > every value [0.24ms]
(pass) variations > every value but one [0.43ms]
(pass) variations > every value but one leaves nothing to vary [0.02ms]
(pass) variations > a value that is taken out again [0.06ms]
(pass) variations > a name in upper case [0.04ms]
(pass) variations > an option that does not vary
(pass) variations > a set of variations that is empty stops the case [0.10ms]
(pass) variations > 25 variations are the most [1.49ms]
(pass) enumerator > the sample holds cases of both suites [0.54ms]
(pass) enumerator > the instances of one of 40 cases are their lines of the list: group 1 [64.38ms]
(pass) enumerator > the instances of one of 40 cases are their lines of the list: group 2 [68.39ms]
(pass) enumerator > the instances of one of 40 cases are their lines of the list: group 3 [44.14ms]
(pass) enumerator > the instances of one of 40 cases are their lines of the list: group 4 [52.00ms]
(pass) enumerator > the instances of one of 40 cases are their lines of the list: group 5 [26.65ms]
(pass) enumerator > the instances of one of 40 cases are their lines of the list: group 6 [30.68ms]
(pass) enumerator > the instances of one of 40 cases are their lines of the list: group 7 [31.84ms]
(pass) enumerator > the instances of one of 40 cases are their lines of the list: group 8 [53.25ms]
(pass) enumerator > the instances of one of 40 cases are their lines of the list: group 9 [10.02ms]
(pass) enumerator > 45 cases are left out by name and 8 are run for their diagnostics alone [8.87ms]
(pass) enumerator > every instance is its line of the list, and the counts are those of the reference [12276.20ms]
(pass) error baselines > the sample is 200 files of both tools, and holds the files in the pretty form [0.56ms]
(pass) error baselines > read and written again, the bytes are the same: group 1 [44.61ms]
(pass) error baselines > read and written again, the bytes are the same: group 2 [3.58ms]
(pass) error baselines > read and written again, the bytes are the same: group 3 [13.73ms]
(pass) error baselines > read and written again, the bytes are the same: group 4 [30.15ms]
(pass) error baselines > read and written again, the bytes are the same: group 5 [15.94ms]
(pass) error baselines > read and written again, the bytes are the same: group 6 [16.01ms]
(pass) error baselines > read and written again, the bytes are the same: group 7 [19.83ms]
(pass) error baselines > read and written again, the bytes are the same: group 8 [24.47ms]
(pass) error baselines > read and written again, the bytes are the same: group 9 [22.81ms]
(pass) error baselines > read and written again, the bytes are the same: group 10 [33.23ms]
(pass) error baselines > read and written again, the bytes are the same: group 11 [29.76ms]
(pass) error baselines > read and written again, the bytes are the same: group 12 [16.66ms]
(pass) run > the bytes of the baseline are the bytes of the oracle, or it is no pass [4.58ms]
(pass) run > a check that reports nothing passes no instance with errors, and a diagnostic fails an instance without [0.31ms]
(pass) run > the first section alone, which is all that the plain format holds, is reported apart and is never a pass [0.89ms]
(pass) run > what is no list of diagnostics of the instance is no pass [1.16ms]
(pass) run > replayed oracles pass and a check that reports nothing passes no instance with errors: group 1 [55.82ms]
(pass) run > replayed oracles pass and a check that reports nothing passes no instance with errors: group 2 [16.11ms]
(pass) run > replayed oracles pass and a check that reports nothing passes no instance with errors: group 3 [17.36ms]
(pass) run > replayed oracles pass and a check that reports nothing passes no instance with errors: group 4 [7.25ms]
(pass) run > replayed oracles pass and a check that reports nothing passes no instance with errors: group 5 [14.72ms]
(pass) run > replayed oracles pass and a check that reports nothing passes no instance with errors: group 6 [9.81ms]
(pass) run > replayed oracles pass and a check that reports nothing passes no instance with errors: group 7 [8.83ms]
(pass) run > the sample had instances with errors and without [0.09ms]
(pass) expectations > the file has one form [0.38ms]
(pass) expectations > a listed name that does not pass is a failure, and a name that passes enters and never leaves [1.73ms]
(pass) expectations > the names that pass and are not listed are printed with the one command that adds them [0.11ms]
(pass) expectations > a check that reports nothing adds no name: list C takes no more names of a directory than list E has [0.05ms]
(pass) plain format > one located diagnostic [0.24ms]
(pass) plain format > empty text is an empty list [0.01ms]
(pass) plain format > a chain: two spaces per level, siblings and a way back up [0.98ms]
(pass) plain format > a line that is deeper than one level below the line before keeps its spaces [0.06ms]
(pass) plain format > names: spaces, parentheses, a drive, a line break of Windows [0.07ms]
(pass) plain format > a line that starts with a category has no file [0.04ms]
(pass) plain format > the code of a rule [0.34ms]
(pass) plain format > a text with a crash report is refused whole [0.02ms]
(pass) plain format > a text with a code frame is refused whole
(pass) plain format > a text with an empty line is refused whole
(pass) plain format > a text with a chain line first is refused whole
(pass) plain format > a text with one space is refused whole
(pass) plain format > a text with spaces only is refused whole
(pass) plain format > a text with no line break at the end is refused whole
(pass) plain format > a text with no code is refused whole
(pass) plain format > a text with a summary is refused whole
(pass) plain format > a text with line zero is refused whole
(pass) plain format > a text with an unknown category is refused whole
(pass) plain format > a text with a debug log is refused whole
(pass) plain format > the first section of the baselines of one of 250 cases is the plain format [9.61ms]
(pass) default check > the probe: a command that is no file [166.62ms]
(pass) default check > the probe: a command that dies [754.66ms]
(pass) default check > the probe: a command that runs its operand [946.17ms]
(pass) default check > the probe: a command that takes the flag and does nothing [874.12ms]
(pass) default check > a command that runs its operand gets no instance [650.39ms]
(pass) default check > the probe: a command that lints [1330.72ms]
(pass) default check > a command that lints gets the written unit as its operand, and no diagnostic passes an instance without errors [2979.31ms]
(pass) default check > stderr is read in the plain format, chain lines too: the first section is the oracle's, and that is no pass [2950.87ms]
(pass) default check > a run that breaks the rules is a crash and never an empty list of diagnostics: the exit code of a refusal [2601.68ms]
(pass) default check > a run that breaks the rules is a crash and never an empty list of diagnostics: an exit code that is none of 0, 1 and 2 [2602.27ms]
(pass) default check > a run that breaks the rules is a crash and never an empty list of diagnostics: an error and the exit code 0 [2601.18ms]
(pass) default check > a run that breaks the rules is a crash and never an empty list of diagnostics: a line of no form [2601.41ms]
(pass) default check > a run that breaks the rules is a crash and never an empty list of diagnostics: a file that is not of the instance [2597.12ms]
(pass) default check > a run that breaks the rules is a crash and never an empty list of diagnostics: an error of the command [2597.00ms]
(pass) default check > a run that breaks the rules is a crash and never an empty list of diagnostics: a signal [2596.51ms]
(pass) default check > a run that breaks the rules is a crash and never an empty list of diagnostics: a diagnostic of a rule [2682.74ms]
(pass) default check > never equal to an oracle without errors: the code -1 [2801.92ms]
(pass) default check > a run that breaks the rules is a crash and never an empty list of diagnostics: text on stdout [2803.33ms]
(pass) default check > never equal to an oracle without errors: a stand-in [2803.47ms]
(pass) default check > a run that breaks the rules is a crash and never an empty list of diagnostics: no error and the exit code 2 [2807.60ms]
(pass) listed instances > a batch passes when the oracle is replayed, and fails its names of list E when nothing is reported [34.95ms]
(pass) listed instances > a name in the list of the other class, a skipped instance and a name of no instance are failures [13.15ms]
(pass) expectations.json > is in the form that the update writes [0.06ms]

 105 pass
 0 fail
 171 expect() calls
Ran 105 tests across 1 file. [18.34s]
TIME wall 18.440 s user 2.484 s sys 0.731 s
