bun test v1.4.3 (3110ce85c)

test/cli/lint/conformance.test.ts:
(pass) reference > the pinned answers are those of the commits that UPSTREAM names [12.81ms]
(pass) reference > the corpus holds the cases, the baselines and the lists of the pinned commits [247.55ms]
(pass) reference > the list has the instances of the reference's run: 14,915, of which 12,797 run and 2,118 are skipped [3098.08ms]
(pass) reference > the case and space tables are those of Go [1763.33ms]
(pass) directives > the vectors of the reference parser [741.49ms]
(pass) variations > 72 of the 126 declared options vary [13.93ms]
(pass) variations > no setting [13.71ms]
(pass) variations > one value [46.64ms]
(pass) variations > two values [16.14ms]
(pass) variations > a value twice [12.84ms]
(pass) variations > one value by two names keeps the first name [6.06ms]
(pass) variations > the cross product, keys sorted in the name [8.46ms]
(pass) variations > the last occurrence wins [1.32ms]
(pass) variations > every value [1.86ms]
(pass) variations > every value but one [3.48ms]
(pass) variations > every value but one leaves nothing to vary [5.35ms]
(pass) variations > a value that is taken out again [1.52ms]
(pass) variations > a name in upper case [1.97ms]
(pass) variations > an option that does not vary [0.58ms]
(pass) variations > a set of variations that is empty stops the case [10.72ms]
(pass) variations > 25 variations are the most [45.37ms]
(pass) enumerator > the sample holds cases of both suites [66.32ms]
(pass) enumerator > the instances of one of 40 cases are their lines of the list: group 1 [2593.88ms]
(pass) enumerator > the instances of one of 40 cases are their lines of the list: group 2 [851.19ms]
(pass) enumerator > the instances of one of 40 cases are their lines of the list: group 3 [1055.12ms]
(pass) enumerator > the instances of one of 40 cases are their lines of the list: group 4 [645.70ms]
(pass) enumerator > the instances of one of 40 cases are their lines of the list: group 5 [585.58ms]
(pass) enumerator > the instances of one of 40 cases are their lines of the list: group 6 [702.46ms]
(pass) enumerator > the instances of one of 40 cases are their lines of the list: group 7 [952.62ms]
(pass) enumerator > the instances of one of 40 cases are their lines of the list: group 8 [900.10ms]
(pass) enumerator > the instances of one of 40 cases are their lines of the list: group 9 [287.07ms]
(pass) enumerator > 45 cases are left out by name and 8 are run for their diagnostics alone [227.18ms]
(skip) enumerator > every instance is its line of the list, and the counts are those of the reference
(pass) error baselines > the sample is 200 files of both tools, and holds the files in the pretty form [27.42ms]
(pass) error baselines > read and written again, the bytes are the same: group 1 [2605.24ms]
(pass) error baselines > read and written again, the bytes are the same: group 2 [186.01ms]
(pass) error baselines > read and written again, the bytes are the same: group 3 [666.00ms]
(pass) error baselines > read and written again, the bytes are the same: group 4 [2248.29ms]
(pass) error baselines > read and written again, the bytes are the same: group 5 [1039.18ms]
(pass) error baselines > read and written again, the bytes are the same: group 6 [1174.92ms]
(pass) error baselines > read and written again, the bytes are the same: group 7 [1615.46ms]
(pass) error baselines > read and written again, the bytes are the same: group 8 [1841.25ms]
(pass) error baselines > read and written again, the bytes are the same: group 9 [1756.64ms]
(pass) error baselines > read and written again, the bytes are the same: group 10 [4392.94ms]
(pass) error baselines > read and written again, the bytes are the same: group 11 [774.65ms]
(pass) error baselines > read and written again, the bytes are the same: group 12 [354.26ms]
(pass) run > the bytes of the baseline are the bytes of the oracle, or it is no pass [266.52ms]
(pass) run > a check that reports nothing passes no instance with errors, and a diagnostic fails an instance without [12.25ms]
(pass) run > the first section alone, which is all that the plain format holds, is reported apart and is never a pass [22.83ms]
(pass) run > what is no list of diagnostics of the instance is no pass [18.83ms]
(pass) run > replayed oracles pass and a check that reports nothing passes no instance with errors: group 1 [1257.33ms]
(pass) run > replayed oracles pass and a check that reports nothing passes no instance with errors: group 2 [182.47ms]
(pass) run > replayed oracles pass and a check that reports nothing passes no instance with errors: group 3 [323.34ms]
(pass) run > replayed oracles pass and a check that reports nothing passes no instance with errors: group 4 [233.76ms]
(pass) run > replayed oracles pass and a check that reports nothing passes no instance with errors: group 5 [1460.37ms]
(pass) run > replayed oracles pass and a check that reports nothing passes no instance with errors: group 6 [398.13ms]
(pass) run > replayed oracles pass and a check that reports nothing passes no instance with errors: group 7 [521.87ms]
(pass) run > the sample had instances with errors and without [5.54ms]
(pass) expectations > the file has one form [39.66ms]
(pass) expectations > a listed name that does not pass is a failure, and a name that passes enters and never leaves [156.99ms]
(pass) expectations > the names that pass and are not listed are printed with the one command that adds them [35.04ms]
(pass) expectations > a check that reports nothing adds no name: list C takes no more names of a directory than list E has [11.21ms]
(pass) plain format > one located diagnostic [31.74ms]
(pass) plain format > empty text is an empty list [4.73ms]
(pass) plain format > a chain: two spaces per level, siblings and a way back up [40.89ms]
(pass) plain format > a line that is deeper than one level below the line before keeps its spaces [9.88ms]
(pass) plain format > names: spaces, parentheses, a drive, a line break of Windows [10.05ms]
(pass) plain format > a line that starts with a category has no file [6.24ms]
(pass) plain format > the code of a rule [8.13ms]
(pass) plain format > a text with a crash report is refused whole [7.97ms]
(pass) plain format > a text with a code frame is refused whole [4.41ms]
(pass) plain format > a text with an empty line is refused whole [1.05ms]
(pass) plain format > a text with a chain line first is refused whole [0.58ms]
(pass) plain format > a text with one space is refused whole [0.66ms]
(pass) plain format > a text with spaces only is refused whole [0.75ms]
(pass) plain format > a text with no line break at the end is refused whole [2.50ms]
(pass) plain format > a text with no code is refused whole [0.58ms]
(pass) plain format > a text with a summary is refused whole [0.54ms]
(pass) plain format > a text with line zero is refused whole [0.61ms]
(pass) plain format > a text with an unknown category is refused whole [0.48ms]
(pass) plain format > a text with a debug log is refused whole [3.53ms]
(pass) plain format > the first section of the baselines of one of 250 cases is the plain format [1316.95ms]
(pass) default check > the probe: a command that is no file [161.05ms]
(pass) default check > the probe: a command that dies [1259.60ms]
(pass) default check > the probe: a command that takes the flag and does nothing [2246.99ms]
(pass) default check > the probe: a command that runs its operand [2455.98ms]
(pass) default check > a command that runs its operand gets no instance [2441.95ms]
(pass) default check > the probe: a command that lints [5187.22ms]
(pass) default check > a command that lints gets the written unit as its operand, and no diagnostic passes an instance without errors [7089.99ms]
(pass) default check > a run that breaks the rules is a crash and never an empty list of diagnostics: an exit code that is none of 0, 1 and 2 [5217.76ms]
(pass) default check > a run that breaks the rules is a crash and never an empty list of diagnostics: a line of no form [3402.67ms]
(pass) default check > a run that breaks the rules is a crash and never an empty list of diagnostics: the exit code of a refusal [4038.63ms]
(pass) default check > stderr is read in the plain format, chain lines too: the first section is the oracle's, and that is no pass [7555.70ms]
(pass) default check > a run that breaks the rules is a crash and never an empty list of diagnostics: no error and the exit code 2 [1629.65ms]
(pass) default check > a run that breaks the rules is a crash and never an empty list of diagnostics: an error and the exit code 0 [2162.69ms]
(pass) default check > a run that breaks the rules is a crash and never an empty list of diagnostics: a file that is not of the instance [1833.50ms]
(pass) default check > a run that breaks the rules is a crash and never an empty list of diagnostics: an error of the command [2277.36ms]
(pass) default check > a run that breaks the rules is a crash and never an empty list of diagnostics: a signal [2363.42ms]
(pass) default check > a run that breaks the rules is a crash and never an empty list of diagnostics: text on stdout [4028.22ms]
(pass) default check > a run that breaks the rules is a crash and never an empty list of diagnostics: a diagnostic of a rule [3088.59ms]
(pass) default check > never equal to an oracle without errors: a stand-in [2029.20ms]
(pass) default check > never equal to an oracle without errors: the code -1 [1664.21ms]
(pass) listed instances > a batch passes when the oracle is replayed, and fails its names of list E when nothing is reported [565.13ms]
(pass) listed instances > a name in the list of the other class, a skipped instance and a name of no instance are failures [105.61ms]
(pass) expectations.json > is in the form that the update writes [2.29ms]

1 tests skipped:
(skip) enumerator > every instance is its line of the list, and the counts are those of the reference

 104 pass
 1 skip
 0 fail
 167 expect() calls
Ran 105 tests across 1 file. [62.60s]
TIME wall 62.844 s user 65.940 s sys 3.458 s
