bun test v1.4.3 (3110ce85c)

test/cli/lint/conformance.test.ts:
(pass) reference > the pinned answers are those of the commits that UPSTREAM names [16.05ms]
(pass) reference > the corpus holds the cases, the baselines and the lists of the pinned commits [383.48ms]
(pass) reference > the list has the instances of the reference's run: 14,915, of which 12,797 run and 2,118 are skipped [2995.74ms]
(skip) reference > the list has the digests of the reference's own run of its suite
(skip) reference > the corpus has the oracle that the list says for every instance that runs
(pass) reference > the case and space tables are those of Go [1572.46ms]
(pass) directives > the vectors of the reference parser [1444.94ms]
(pass) variations > 72 of the 126 declared options vary [15.05ms]
(pass) variations > no setting [10.69ms]
(pass) variations > one value [33.61ms]
(pass) variations > two values [24.97ms]
(pass) variations > a value twice [16.98ms]
(pass) variations > one value by two names keeps the first name [12.82ms]
(pass) variations > the cross product, keys sorted in the name [29.53ms]
(pass) variations > the last occurrence wins [1.73ms]
(pass) variations > every value [8.11ms]
(pass) variations > every value but one [19.52ms]
(pass) variations > every value but one leaves nothing to vary [18.03ms]
(pass) variations > a value that is taken out again [17.03ms]
(pass) variations > a name in upper case [11.47ms]
(pass) variations > an option that does not vary [0.73ms]
(pass) variations > a set of variations that is empty stops the case [38.99ms]
(pass) variations > 25 variations are the most [195.54ms]
(pass) enumerator > the sample holds cases of both suites [108.20ms]
(pass) enumerator > the instances of one of 40 cases are their lines of the list: group 1 [3140.89ms]
(pass) enumerator > the instances of one of 40 cases are their lines of the list: group 2 [826.77ms]
(pass) enumerator > the instances of one of 40 cases are their lines of the list: group 3 [1558.42ms]
(pass) enumerator > the instances of one of 40 cases are their lines of the list: group 4 [884.71ms]
(pass) enumerator > the instances of one of 40 cases are their lines of the list: group 5 [884.18ms]
(pass) enumerator > the instances of one of 40 cases are their lines of the list: group 6 [895.77ms]
(pass) enumerator > the instances of one of 40 cases are their lines of the list: group 7 [590.86ms]
(pass) enumerator > the instances of one of 40 cases are their lines of the list: group 8 [499.66ms]
(pass) enumerator > the instances of one of 40 cases are their lines of the list: group 9 [182.31ms]
(pass) enumerator > 45 cases are left out by name and 8 are run for their diagnostics alone [141.54ms]
(pass) error baselines > the sample is 200 files of both tools, and holds the files in the pretty form [16.86ms]
(pass) error baselines > read and written again, the bytes are the same: group 1 [1854.28ms]
(pass) error baselines > read and written again, the bytes are the same: group 2 [216.73ms]
(pass) error baselines > read and written again, the bytes are the same: group 3 [634.00ms]
(pass) error baselines > read and written again, the bytes are the same: group 4 [2458.97ms]
(pass) error baselines > read and written again, the bytes are the same: group 5 [630.36ms]
(pass) error baselines > read and written again, the bytes are the same: group 6 [562.84ms]
(pass) error baselines > read and written again, the bytes are the same: group 7 [665.57ms]
(pass) error baselines > read and written again, the bytes are the same: group 8 [651.36ms]
(pass) error baselines > read and written again, the bytes are the same: group 9 [857.05ms]
(pass) error baselines > read and written again, the bytes are the same: group 10 [2254.61ms]
(pass) error baselines > read and written again, the bytes are the same: group 11 [945.04ms]
(pass) error baselines > read and written again, the bytes are the same: group 12 [834.41ms]
(pass) run > the bytes of the baseline are the bytes of the oracle, or it is no pass [531.58ms]
(pass) run > a check that reports nothing passes no instance with errors, and a diagnostic fails an instance without [54.38ms]
(pass) run > the first section alone, which is all that the plain format holds, is reported apart and is never a pass [92.49ms]
(pass) run > what is no list of diagnostics of the instance is no pass [47.81ms]
(pass) run > replayed oracles pass and a check that reports nothing passes no instance with errors: group 1 [2072.60ms]
(pass) run > replayed oracles pass and a check that reports nothing passes no instance with errors: group 2 [1484.09ms]
(pass) run > replayed oracles pass and a check that reports nothing passes no instance with errors: group 3 [677.49ms]
(pass) run > replayed oracles pass and a check that reports nothing passes no instance with errors: group 4 [1382.06ms]
(pass) run > replayed oracles pass and a check that reports nothing passes no instance with errors: group 5 [2767.06ms]
(pass) run > replayed oracles pass and a check that reports nothing passes no instance with errors: group 6 [1448.05ms]
(pass) run > replayed oracles pass and a check that reports nothing passes no instance with errors: group 7 [1279.90ms]
(pass) run > the sample had instances with errors and without [3.01ms]
(pass) expectations > the file has one form [27.23ms]
(pass) expectations > a listed name that does not pass is a failure, and a name that passes enters and never leaves [124.51ms]
(pass) expectations > the names that pass and are not listed are printed with the one command that adds them [15.54ms]
(pass) expectations > a check that reports nothing adds no name: list C takes no more names of a directory than list E has [10.78ms]
(pass) plain format > one located diagnostic [16.99ms]
(pass) plain format > empty text is an empty list [2.82ms]
(pass) plain format > a chain: two spaces per level, siblings and a way back up [18.34ms]
(pass) plain format > a line that is deeper than one level below the line before keeps its spaces [5.78ms]
(pass) plain format > names: spaces, parentheses, a drive, a line break of Windows [5.03ms]
(pass) plain format > a line that starts with a category has no file [2.33ms]
(pass) plain format > the code of a rule [2.64ms]
(pass) plain format > a text with a crash report is refused whole [2.21ms]
(pass) plain format > a text with a code frame is refused whole [0.66ms]
(pass) plain format > a text with an empty line is refused whole [0.43ms]
(pass) plain format > a text with a chain line first is refused whole [0.43ms]
(pass) plain format > a text with one space is refused whole [0.42ms]
(pass) plain format > a text with spaces only is refused whole [0.51ms]
(pass) plain format > a text with no line break at the end is refused whole [0.30ms]
(pass) plain format > a text with no code is refused whole [0.33ms]
(pass) plain format > a text with a summary is refused whole [0.45ms]
(pass) plain format > a text with line zero is refused whole [0.67ms]
(pass) plain format > a text with an unknown category is refused whole [0.40ms]
(pass) plain format > a text with a debug log is refused whole [0.33ms]
(pass) plain format > the first section of the baselines of one of 250 cases is the plain format [1205.37ms]
(pass) default check > the probe: a command that is no file [137.92ms]
(pass) default check > the probe: a command that dies [896.82ms]
(pass) default check > the probe: a command that runs its operand [2597.65ms]
(pass) default check > the probe: a command that takes the flag and does nothing [3007.38ms]
(pass) default check > the probe: a command that lints [6322.80ms]
(pass) default check > a command that runs its operand gets no instance [3997.42ms]
(pass) default check > a run that breaks the rules is a crash and never an empty list of diagnostics: an exit code that is none of 0, 1 and 2 [7371.26ms]
(pass) default check > a command that lints gets the written unit as its operand, and no diagnostic passes an instance without errors [12883.84ms]
(pass) default check > stderr is read in the plain format, chain lines too: the first section is the oracle's, and that is no pass [12416.15ms]
(pass) default check > a run that breaks the rules is a crash and never an empty list of diagnostics: a line of no form [7979.32ms]
(pass) default check > a run that breaks the rules is a crash and never an empty list of diagnostics: an error and the exit code 0 [4614.90ms]
(pass) default check > a run that breaks the rules is a crash and never an empty list of diagnostics: the exit code of a refusal [10497.58ms]
(pass) default check > a run that breaks the rules is a crash and never an empty list of diagnostics: no error and the exit code 2 [4632.07ms]
(pass) default check > a run that breaks the rules is a crash and never an empty list of diagnostics: text on stdout [5638.90ms]
(pass) default check > a run that breaks the rules is a crash and never an empty list of diagnostics: a file that is not of the instance [4971.04ms]
(pass) default check > a run that breaks the rules is a crash and never an empty list of diagnostics: an error of the command [5500.29ms]
(pass) default check > a run that breaks the rules is a crash and never an empty list of diagnostics: a signal [3047.87ms]
(pass) default check > a run that breaks the rules is a crash and never an empty list of diagnostics: a diagnostic of a rule [4662.02ms]
(pass) default check > never equal to an oracle without errors: the code -1 [3059.40ms]
(pass) default check > never equal to an oracle without errors: a stand-in [3501.80ms]
(pass) listed instances > a batch passes when the oracle is replayed, and fails its names of list E when nothing is reported [1115.53ms]
(pass) listed instances > a name in the list of the other class, a skipped instance and a name of no instance are failures [41.03ms]
(pass) expectations.json > is in the form that the update writes [2.32ms]

2 tests skipped:
(skip) reference > the list has the digests of the reference's own run of its suite
(skip) reference > the corpus has the oracle that the list says for every instance that runs

 104 pass
 2 skip
 0 fail
 168 expect() calls
Ran 106 tests across 1 file. [75.16s]
TIME wall 75.549 s user 65.760 s sys 3.773 s
