------------------
{ printWidth: 80 }
------------------
(a?.b /* a */).x(1).y(2).z(3);
(a?.b /* a */).x(1).y(2).z(3);
(a?.b) // a
  .x(1)
  .y(2)
  .z(3);
(f?.x(1) /* a */).y(2);
(f?.x /* a */)(1);
(f?.x /* a */)(1)?.y(2).z(3);
f?.x(1) /* a */
  ?.y(2)
  .z(3);
(a?.b /* a */).c;
(a?.b.x(1).y(2))!.z(3);
// a

-------------------
{ printWidth: 100 }
-------------------
(a?.b /* a */).x(1).y(2).z(3);
(a?.b /* a */).x(1).y(2).z(3);
(a?.b) // a
  .x(1)
  .y(2)
  .z(3);
(f?.x(1) /* a */).y(2);
(f?.x /* a */)(1);
(f?.x /* a */)(1)?.y(2).z(3);
f?.x(1) /* a */
  ?.y(2)
  .z(3);
(a?.b /* a */).c;
(a?.b.x(1).y(2))!.z(3);
// a

===================== End =====================
