------------------
{ printWidth: 80 }
------------------
a = [
  5, 0,
  /* unused */
  0, 0,
  /* impossible */
  0,
];
b = [1, 2, /* c */ 3, 4];
c = [1, 2 /* c */, 3];
d = [
  1,
  // e
  2,
];

-------------------
{ printWidth: 100 }
-------------------
a = [
  5, 0,
  /* unused */
  0, 0,
  /* impossible */
  0,
];
b = [1, 2, /* c */ 3, 4];
c = [1, 2 /* c */, 3];
d = [
  1,
  // e
  2,
];

===================== End =====================
