---
source: crates/oxc_formatter/tests/fixtures/mod.rs
---
==================== Input ====================
export class Cls /* YES */ {
  // class body comment
}


export class Mutliline /* Y
E
S */ {
  // class body comment
}

==================== Output ====================
------------------
{ printWidth: 80 }
------------------
export class Cls /* YES */ {
  // class body comment
}

export class Mutliline /* Y
E
S */ {
  // class body comment
}

-------------------
{ printWidth: 100 }
-------------------
export class Cls /* YES */ {
  // class body comment
}

export class Mutliline /* Y
E
S */ {
  // class body comment
}

===================== End =====================
