bun test v1.4.3-canary.1 (367d939d9)

test/cli/lint/conformance.test.ts:
(pass) reference > the pinned answers are those of the commits that UPSTREAM names [0.72ms]
(pass) reference > the corpus holds the cases, the baselines and the lists of the pinned commits [14.77ms]
(pass) reference > the list has the instances of the reference's run: 14,915, of which 12,797 run and 2,118 are skipped [44.48ms]
(pass) reference > the case and space tables are those of Go [142.05ms]
(pass) repository > CI and `bun test` find their tests by these rules [4.39ms]
(pass) repository > the rules take a file for a test by its name, and CI by its directory too [2.89ms]
(pass) repository > no file below conformance/ is a test, and CI enters every directory [105.71ms]
(pass) directives > the vectors of the reference parser [16.20ms]
(pass) variations > 72 of the 126 declared options vary [0.96ms]
(pass) variations > no setting [0.26ms]
(pass) variations > one value [0.65ms]
(pass) variations > two values [5.08ms]
(pass) variations > a value twice [0.15ms]
(pass) variations > one value by two names keeps the first name [0.06ms]
(pass) variations > the cross product, keys sorted in the name [0.13ms]
(pass) variations > the last occurrence wins [0.04ms]
(pass) variations > every value [0.09ms]
(pass) variations > every value but one [0.99ms]
(pass) variations > every value but one leaves nothing to vary [0.21ms]
(pass) variations > a value that is taken out again [5.96ms]
(pass) variations > a name in upper case [0.07ms]
(pass) variations > an option that does not vary [0.01ms]
(pass) variations > a set of variations that is empty stops the case [0.17ms]
(pass) variations > 25 variations are the most [0.66ms]
(pass) enumerator > the sample holds cases of both suites [0.35ms]
(pass) enumerator > the instances of one of 40 cases are their lines of the list: group 1 [85.93ms]
(pass) enumerator > the instances of one of 40 cases are their lines of the list: group 2 [51.93ms]
(pass) enumerator > the instances of one of 40 cases are their lines of the list: group 3 [43.92ms]
(pass) enumerator > the instances of one of 40 cases are their lines of the list: group 4 [57.53ms]
(pass) enumerator > the instances of one of 40 cases are their lines of the list: group 5 [60.00ms]
(pass) enumerator > the instances of one of 40 cases are their lines of the list: group 6 [32.33ms]
(pass) enumerator > the instances of one of 40 cases are their lines of the list: group 7 [41.36ms]
(pass) enumerator > the instances of one of 40 cases are their lines of the list: group 8 [36.60ms]
(pass) enumerator > the instances of one of 40 cases are their lines of the list: group 9 [16.58ms]
(pass) enumerator > 45 cases are left out by name and 8 are run for their diagnostics alone [7.55ms]
(pass) enumerator > every instance is its line of the list, and the counts are those of the reference [27839.06ms]
(pass) error baselines > the sample is 200 files of both tools, and holds the files in the pretty form [0.80ms]
(pass) error baselines > read and written again, the bytes are the same: group 1 [36.32ms]
(pass) error baselines > read and written again, the bytes are the same: group 2 [3.04ms]
(pass) error baselines > read and written again, the bytes are the same: group 3 [14.72ms]
(pass) error baselines > read and written again, the bytes are the same: group 4 [32.99ms]
(pass) error baselines > read and written again, the bytes are the same: group 5 [11.31ms]
(pass) error baselines > read and written again, the bytes are the same: group 6 [14.93ms]
(pass) error baselines > read and written again, the bytes are the same: group 7 [16.66ms]
(pass) error baselines > read and written again, the bytes are the same: group 8 [15.20ms]
(pass) error baselines > read and written again, the bytes are the same: group 9 [25.41ms]
(pass) error baselines > read and written again, the bytes are the same: group 10 [28.47ms]
(pass) error baselines > read and written again, the bytes are the same: group 11 [21.35ms]
(pass) error baselines > read and written again, the bytes are the same: group 12 [20.30ms]
(pass) run > the bytes of the baseline are the bytes of the oracle, or it is no pass [2.93ms]
(pass) run > a check that reports nothing passes no instance with errors, and a diagnostic fails an instance without [0.19ms]
(pass) run > the first section alone, which is all that the plain format holds, is reported apart and is never a pass [0.37ms]
(pass) run > what is no list of diagnostics of the instance is no pass [0.30ms]
(pass) run > replayed oracles pass and a check that reports nothing passes no instance with errors: group 1 [29.78ms]
(pass) run > replayed oracles pass and a check that reports nothing passes no instance with errors: group 2 [6.52ms]
(pass) run > replayed oracles pass and a check that reports nothing passes no instance with errors: group 3 [7.61ms]
(pass) run > replayed oracles pass and a check that reports nothing passes no instance with errors: group 4 [7.47ms]
(pass) run > replayed oracles pass and a check that reports nothing passes no instance with errors: group 5 [13.46ms]
(pass) run > replayed oracles pass and a check that reports nothing passes no instance with errors: group 6 [6.15ms]
(pass) run > replayed oracles pass and a check that reports nothing passes no instance with errors: group 7 [5.55ms]
(pass) run > the sample had instances with errors and without [0.13ms]
(pass) expectations > the file has one form [0.47ms]
(pass) expectations > a listed name that does not pass is a failure, and a name that passes enters and never leaves [0.60ms]
(pass) expectations > the names that pass and are not listed are printed with the one command that adds them [0.10ms]
(pass) expectations > a check that reports nothing adds no name: list C takes no more names of a directory than list E has [0.04ms]
(pass) plain format > one located diagnostic [0.26ms]
(pass) plain format > empty text is an empty list [0.31ms]
(pass) plain format > a chain: two spaces per level, siblings and a way back up [0.19ms]
(pass) plain format > a line that is deeper than one level below the line before keeps its spaces [0.04ms]
(pass) plain format > names: spaces, parentheses, a drive, a line break of Windows [0.04ms]
(pass) plain format > a line that starts with a category has no file [0.02ms]
(pass) plain format > the code of a rule [0.02ms]
(pass) plain format > a text with a crash report is refused whole [0.02ms]
(pass) plain format > a text with a code frame is refused whole
(pass) plain format > a text with an empty line is refused whole
(pass) plain format > a text with a chain line first is refused whole
(pass) plain format > a text with one space is refused whole
(pass) plain format > a text with spaces only is refused whole
(pass) plain format > a text with no line break at the end is refused whole
(pass) plain format > a text with no code is refused whole
(pass) plain format > a text with a summary is refused whole
(pass) plain format > a text with line zero is refused whole
(pass) plain format > a text with an unknown category is refused whole
(pass) plain format > a text with a debug log is refused whole
(pass) plain format > the first section of the baselines of one of 250 cases is the plain format [7.50ms]
(pass) default check > the probe: a command that is no file [315.44ms]
(pass) default check > the probe: a command that dies [1053.47ms]
(pass) default check > the probe: a command that runs its operand [1275.63ms]
(pass) default check > a command that runs its operand gets no instance [406.16ms]
(pass) default check > the probe: a command that takes the flag and does nothing [1260.78ms]
(pass) default check > the probe: a command that lints [2294.35ms]
(pass) default check > stderr is read in the plain format, chain lines too: the first section is the oracle's, and that is no pass [1324.22ms]
(pass) default check > a run that breaks the rules is a crash and never an empty list of diagnostics: an exit code that is none of 0, 1 and 2 [1270.97ms]
(pass) default check > a run that breaks the rules is a crash and never an empty list of diagnostics: the exit code of a refusal [1270.48ms]
(pass) default check > a run that breaks the rules is a crash and never an empty list of diagnostics: a line of no form [1270.35ms]
(pass) default check > a command that lints gets the written unit as its operand, and no diagnostic passes an instance without errors [1348.52ms]
(pass) default check > a run that breaks the rules is a crash and never an empty list of diagnostics: an error and the exit code 0 [1270.25ms]
(pass) default check > a run that breaks the rules is a crash and never an empty list of diagnostics: no error and the exit code 2 [1270.13ms]
(pass) default check > a run that breaks the rules is a crash and never an empty list of diagnostics: text on stdout [1270.03ms]
(pass) default check > a run that breaks the rules is a crash and never an empty list of diagnostics: a signal [1269.67ms]
(pass) default check > a run that breaks the rules is a crash and never an empty list of diagnostics: a file that is not of the instance [1269.95ms]
(pass) default check > a run that breaks the rules is a crash and never an empty list of diagnostics: an error of the command [1348.37ms]
(pass) default check > a run that breaks the rules is a crash and never an empty list of diagnostics: a diagnostic of a rule [1348.29ms]
(pass) default check > never equal to an oracle without errors: the code -1 [1639.39ms]
(pass) default check > never equal to an oracle without errors: a stand-in [1639.67ms]
(pass) listed instances > a batch passes when the oracle is replayed, and fails its names of list E when nothing is reported [14.39ms]
(pass) listed instances > a name in the list of the other class, a skipped instance and a name of no instance are failures [1.01ms]
(pass) expectations.json > is in the form that the update writes [0.06ms]

 108 pass
 0 fail
 1 snapshots, 175 expect() calls
Ran 108 tests across 1 file. [35.07s]
exit 0
