bun test v1.4.3 (3110ce85c)

test/cli/lint/conformance.test.ts:
(pass) reference > the pinned answers are those of the commits that UPSTREAM names [11.24ms]
(pass) reference > the corpus holds the cases, the baselines and the lists of the pinned commits [200.54ms]
(pass) reference > the list has the instances of the reference's run: 14,915, of which 12,797 run and 2,118 are skipped [3471.92ms]
(pass) reference > the case and space tables are those of Go [987.47ms]
(pass) repository > CI and `bun test` find their tests by these rules [42.26ms]
(pass) repository > the rules take a file for a test by its name, and CI by its directory too [108.70ms]
(skip) repository > no file below conformance/ is a test, and CI enters every directory
(pass) directives > the vectors of the reference parser [413.74ms]
(pass) variations > 72 of the 126 declared options vary [11.97ms]
(pass) variations > no setting [7.70ms]
(pass) variations > one value [23.12ms]
(pass) variations > two values [13.02ms]
(pass) variations > a value twice [9.92ms]
(pass) variations > one value by two names keeps the first name [7.05ms]
(pass) variations > the cross product, keys sorted in the name [14.64ms]
(pass) variations > the last occurrence wins [11.75ms]
(pass) variations > every value [10.96ms]
(pass) variations > every value but one [35.05ms]
(pass) variations > every value but one leaves nothing to vary [8.71ms]
(pass) variations > a value that is taken out again [2.32ms]
(pass) variations > a name in upper case [2.23ms]
(pass) variations > an option that does not vary [0.63ms]
(pass) variations > a set of variations that is empty stops the case [7.03ms]
(pass) variations > 25 variations are the most [132.62ms]
(pass) enumerator > the sample holds cases of both suites [20.42ms]
(pass) enumerator > the instances of one of 40 cases are their lines of the list: group 1 [2005.00ms]
(pass) enumerator > the instances of one of 40 cases are their lines of the list: group 2 [1251.85ms]
(pass) enumerator > the instances of one of 40 cases are their lines of the list: group 3 [441.52ms]
(pass) enumerator > the instances of one of 40 cases are their lines of the list: group 4 [539.80ms]
(pass) enumerator > the instances of one of 40 cases are their lines of the list: group 5 [540.67ms]
(pass) enumerator > the instances of one of 40 cases are their lines of the list: group 6 [531.49ms]
(pass) enumerator > the instances of one of 40 cases are their lines of the list: group 7 [595.82ms]
(pass) enumerator > the instances of one of 40 cases are their lines of the list: group 8 [359.05ms]
(pass) enumerator > the instances of one of 40 cases are their lines of the list: group 9 [121.27ms]
(pass) enumerator > 45 cases are left out by name and 8 are run for their diagnostics alone [218.39ms]
(skip) enumerator > every instance is its line of the list, and the counts are those of the reference
(pass) error baselines > the sample is 200 files of both tools, and holds the files in the pretty form [77.34ms]
(pass) error baselines > read and written again, the bytes are the same: group 1 [1597.21ms]
(pass) error baselines > read and written again, the bytes are the same: group 2 [221.90ms]
(pass) error baselines > read and written again, the bytes are the same: group 3 [354.20ms]
(pass) error baselines > read and written again, the bytes are the same: group 4 [1175.06ms]
(pass) error baselines > read and written again, the bytes are the same: group 5 [284.21ms]
(pass) error baselines > read and written again, the bytes are the same: group 6 [484.38ms]
(pass) error baselines > read and written again, the bytes are the same: group 7 [485.23ms]
(pass) error baselines > read and written again, the bytes are the same: group 8 [792.31ms]
(pass) error baselines > read and written again, the bytes are the same: group 9 [639.42ms]
(pass) error baselines > read and written again, the bytes are the same: group 10 [1566.47ms]
(pass) error baselines > read and written again, the bytes are the same: group 11 [1127.77ms]
(pass) error baselines > read and written again, the bytes are the same: group 12 [286.95ms]
(pass) run > the bytes of the baseline are the bytes of the oracle, or it is no pass [133.47ms]
(pass) run > a check that reports nothing passes no instance with errors, and a diagnostic fails an instance without [14.90ms]
(pass) run > the first section alone, which is all that the plain format holds, is reported apart and is never a pass [37.46ms]
(pass) run > what is no list of diagnostics of the instance is no pass [26.18ms]
(pass) run > replayed oracles pass and a check that reports nothing passes no instance with errors: group 1 [1284.82ms]
(pass) run > replayed oracles pass and a check that reports nothing passes no instance with errors: group 2 [230.47ms]
(pass) run > replayed oracles pass and a check that reports nothing passes no instance with errors: group 3 [247.86ms]
(pass) run > replayed oracles pass and a check that reports nothing passes no instance with errors: group 4 [186.08ms]
(pass) run > replayed oracles pass and a check that reports nothing passes no instance with errors: group 5 [1212.11ms]
(pass) run > replayed oracles pass and a check that reports nothing passes no instance with errors: group 6 [349.57ms]
(pass) run > replayed oracles pass and a check that reports nothing passes no instance with errors: group 7 [219.06ms]
(pass) run > the sample had instances with errors and without [2.98ms]
(pass) expectations > the file has one form [13.53ms]
(pass) expectations > a listed name that does not pass is a failure, and a name that passes enters and never leaves [35.78ms]
(pass) expectations > the names that pass and are not listed are printed with the one command that adds them [6.53ms]
(pass) expectations > a check that reports nothing adds no name: list C takes no more names of a directory than list E has [4.69ms]
(pass) plain format > one located diagnostic [9.46ms]
(pass) plain format > empty text is an empty list [1.68ms]
(pass) plain format > a chain: two spaces per level, siblings and a way back up [13.78ms]
(pass) plain format > a line that is deeper than one level below the line before keeps its spaces [6.29ms]
(pass) plain format > names: spaces, parentheses, a drive, a line break of Windows [5.58ms]
(pass) plain format > a line that starts with a category has no file [3.21ms]
(pass) plain format > the code of a rule [2.47ms]
(pass) plain format > a text with a crash report is refused whole [2.68ms]
(pass) plain format > a text with a code frame is refused whole [0.65ms]
(pass) plain format > a text with an empty line is refused whole [0.69ms]
(pass) plain format > a text with a chain line first is refused whole [0.42ms]
(pass) plain format > a text with one space is refused whole [0.42ms]
(pass) plain format > a text with spaces only is refused whole [0.45ms]
(pass) plain format > a text with no line break at the end is refused whole [0.28ms]
(pass) plain format > a text with no code is refused whole [0.28ms]
(pass) plain format > a text with a summary is refused whole [0.42ms]
(pass) plain format > a text with line zero is refused whole [0.37ms]
(pass) plain format > a text with an unknown category is refused whole [0.33ms]
(pass) plain format > a text with a debug log is refused whole [0.28ms]
(pass) plain format > the first section of the baselines of one of 250 cases is the plain format [776.71ms]
(pass) default check > the probe: a command that is no file [274.26ms]
(pass) default check > the probe: a command that dies [1146.05ms]
(pass) default check > the probe: a command that runs its operand [3885.89ms]
(pass) default check > the probe: a command that takes the flag and does nothing [4978.67ms]
(pass) default check > the probe: a command that lints [6012.74ms]
(pass) default check > a command that runs its operand gets no instance [2232.50ms]
(pass) default check > a run that breaks the rules is a crash and never an empty list of diagnostics: the exit code of a refusal [6899.14ms]
(pass) default check > a run that breaks the rules is a crash and never an empty list of diagnostics: an exit code that is none of 0, 1 and 2 [7629.50ms]
(pass) default check > a run that breaks the rules is a crash and never an empty list of diagnostics: a line of no form [6804.31ms]
(pass) default check > a command that lints gets the written unit as its operand, and no diagnostic passes an instance without errors [12143.30ms]
(pass) default check > stderr is read in the plain format, chain lines too: the first section is the oracle's, and that is no pass [12229.06ms]
(pass) default check > a run that breaks the rules is a crash and never an empty list of diagnostics: an error and the exit code 0 [2710.70ms]
(pass) default check > a run that breaks the rules is a crash and never an empty list of diagnostics: a file that is not of the instance [3079.90ms]
(pass) default check > a run that breaks the rules is a crash and never an empty list of diagnostics: no error and the exit code 2 [3709.79ms]
(pass) default check > a run that breaks the rules is a crash and never an empty list of diagnostics: text on stdout [4306.58ms]
(pass) default check > a run that breaks the rules is a crash and never an empty list of diagnostics: a signal [1609.34ms]
(pass) default check > a run that breaks the rules is a crash and never an empty list of diagnostics: an error of the command [4589.34ms]
(pass) default check > a run that breaks the rules is a crash and never an empty list of diagnostics: a diagnostic of a rule [3056.59ms]
(pass) default check > never equal to an oracle without errors: a stand-in [3553.73ms]
(pass) default check > never equal to an oracle without errors: the code -1 [3440.78ms]
(pass) listed instances > a batch passes when the oracle is replayed, and fails its names of list E when nothing is reported [1000.87ms]
(pass) listed instances > a name in the list of the other class, a skipped instance and a name of no instance are failures [27.38ms]
(pass) expectations.json > is in the form that the update writes [1.84ms]

2 tests skipped:
(skip) repository > no file below conformance/ is a test, and CI enters every directory
(skip) enumerator > every instance is its line of the list, and the counts are those of the reference

 106 pass
 2 skip
 0 fail
 1 snapshots, 170 expect() calls
Ran 108 tests across 1 file. [58.20s]
exit 0
