loadavg 730.85 729.99 698.16 256/27530 549875
bun test v1.4.3-canary.1 (367d939d9)

test/cli/lint/conformance.test.ts:
(pass) reference > the pinned answers are those of the commits that UPSTREAM names [0.15ms]
(pass) reference > the corpus holds the cases, the baselines and the lists of the pinned commits [14.37ms]
(pass) reference > the list has the instances of the reference's run: 14,915, of which 12,797 run and 2,118 are skipped [204.83ms]
(pass) reference > the case and space tables are those of Go [85.82ms]
(pass) directives > the vectors of the reference parser [9.78ms]
(pass) variations > 72 of the 126 declared options vary [0.12ms]
(pass) variations > no setting [0.16ms]
(pass) variations > one value [0.31ms]
(pass) variations > two values [0.15ms]
(pass) variations > a value twice [0.06ms]
(pass) variations > one value by two names keeps the first name [0.03ms]
(pass) variations > the cross product, keys sorted in the name [0.05ms]
(pass) variations > the last occurrence wins [0.01ms]
(pass) variations > every value [0.02ms]
(pass) variations > every value but one [0.05ms]
(pass) variations > every value but one leaves nothing to vary [0.02ms]
(pass) variations > a value that is taken out again [0.02ms]
(pass) variations > a name in upper case [0.02ms]
(pass) variations > an option that does not vary
(pass) variations > a set of variations that is empty stops the case [0.08ms]
(pass) variations > 25 variations are the most [0.43ms]
(pass) enumerator > the sample holds cases of both suites [0.18ms]
(pass) enumerator > the instances of one of 40 cases are their lines of the list: group 1 [54.94ms]
(pass) enumerator > the instances of one of 40 cases are their lines of the list: group 2 [52.86ms]
(pass) enumerator > the instances of one of 40 cases are their lines of the list: group 3 [53.97ms]
(pass) enumerator > the instances of one of 40 cases are their lines of the list: group 4 [49.35ms]
(pass) enumerator > the instances of one of 40 cases are their lines of the list: group 5 [45.06ms]
(pass) enumerator > the instances of one of 40 cases are their lines of the list: group 6 [38.81ms]
(pass) enumerator > the instances of one of 40 cases are their lines of the list: group 7 [51.12ms]
(pass) enumerator > the instances of one of 40 cases are their lines of the list: group 8 [40.53ms]
(pass) enumerator > the instances of one of 40 cases are their lines of the list: group 9 [21.00ms]
(pass) enumerator > 45 cases are left out by name and 8 are run for their diagnostics alone [28.10ms]
(pass) enumerator > every instance is its line of the list, and the counts are those of the reference [11768.17ms]
(pass) error baselines > the sample is 200 files of both tools, and holds the files in the pretty form [1.05ms]
(pass) error baselines > read and written again, the bytes are the same: group 1 [54.70ms]
(pass) error baselines > read and written again, the bytes are the same: group 2 [4.69ms]
(pass) error baselines > read and written again, the bytes are the same: group 3 [14.14ms]
(pass) error baselines > read and written again, the bytes are the same: group 4 [36.15ms]
(pass) error baselines > read and written again, the bytes are the same: group 5 [14.09ms]
(pass) error baselines > read and written again, the bytes are the same: group 6 [12.90ms]
(pass) error baselines > read and written again, the bytes are the same: group 7 [19.62ms]
(pass) error baselines > read and written again, the bytes are the same: group 8 [17.65ms]
(pass) error baselines > read and written again, the bytes are the same: group 9 [40.66ms]
(pass) error baselines > read and written again, the bytes are the same: group 10 [36.84ms]
(pass) error baselines > read and written again, the bytes are the same: group 11 [29.25ms]
(pass) error baselines > read and written again, the bytes are the same: group 12 [17.08ms]
(pass) run > the bytes of the baseline are the bytes of the oracle, or it is no pass [3.03ms]
(pass) run > a check that reports nothing passes no instance with errors, and a diagnostic fails an instance without [2.69ms]
(pass) run > the first section alone, which is all that the plain format holds, is reported apart and is never a pass [1.42ms]
(pass) run > what is no list of diagnostics of the instance is no pass [0.44ms]
(pass) run > replayed oracles pass and a check that reports nothing passes no instance with errors: group 1 [36.90ms]
(pass) run > replayed oracles pass and a check that reports nothing passes no instance with errors: group 2 [31.83ms]
(pass) run > replayed oracles pass and a check that reports nothing passes no instance with errors: group 3 [14.61ms]
(pass) run > replayed oracles pass and a check that reports nothing passes no instance with errors: group 4 [37.63ms]
(pass) run > replayed oracles pass and a check that reports nothing passes no instance with errors: group 5 [20.30ms]
(pass) run > replayed oracles pass and a check that reports nothing passes no instance with errors: group 6 [8.05ms]
(pass) run > replayed oracles pass and a check that reports nothing passes no instance with errors: group 7 [10.45ms]
(pass) run > the sample had instances with errors and without [0.07ms]
(pass) expectations > the file has one form [0.21ms]
(pass) expectations > a listed name that does not pass is a failure, and a name that passes enters and never leaves [0.49ms]
(pass) expectations > the names that pass and are not listed are printed with the one command that adds them [0.11ms]
(pass) expectations > a check that reports nothing adds no name: list C takes no more names of a directory than list E has [0.04ms]
(pass) plain format > one located diagnostic [0.22ms]
(pass) plain format > empty text is an empty list [0.01ms]
(pass) plain format > a chain: two spaces per level, siblings and a way back up [110.91ms]
(pass) plain format > a line that is deeper than one level below the line before keeps its spaces [0.24ms]
(pass) plain format > names: spaces, parentheses, a drive, a line break of Windows [0.10ms]
(pass) plain format > a line that starts with a category has no file [0.04ms]
(pass) plain format > the code of a rule [0.03ms]
(pass) plain format > a text with a crash report is refused whole [0.04ms]
(pass) plain format > a text with a code frame is refused whole
(pass) plain format > a text with an empty line is refused whole
(pass) plain format > a text with a chain line first is refused whole
(pass) plain format > a text with one space is refused whole
(pass) plain format > a text with spaces only is refused whole
(pass) plain format > a text with no line break at the end is refused whole
(pass) plain format > a text with no code is refused whole
(pass) plain format > a text with a summary is refused whole
(pass) plain format > a text with line zero is refused whole
(pass) plain format > a text with an unknown category is refused whole
(pass) plain format > a text with a debug log is refused whole
(pass) plain format > the first section of the baselines of one of 250 cases is the plain format [11.28ms]
(pass) default check > the probe: a command that is no file [92.74ms]
(pass) default check > the probe: a command that dies [586.08ms]
(pass) default check > the probe: a command that runs its operand [697.23ms]
(pass) default check > the probe: a command that takes the flag and does nothing [681.59ms]
(pass) default check > the probe: a command that lints [736.94ms]
(pass) default check > a command that runs its operand gets no instance [387.30ms]
(pass) default check > a command that lints gets the written unit as its operand, and no diagnostic passes an instance without errors [1709.87ms]
(pass) default check > a run that breaks the rules is a crash and never an empty list of diagnostics: an exit code that is none of 0, 1 and 2 [1612.59ms]
(pass) default check > a run that breaks the rules is a crash and never an empty list of diagnostics: the exit code of a refusal [1612.08ms]
(pass) default check > stderr is read in the plain format, chain lines too: the first section is the oracle's, and that is no pass [1641.17ms]
(pass) default check > a run that breaks the rules is a crash and never an empty list of diagnostics: an error and the exit code 0 [1611.73ms]
(pass) default check > a run that breaks the rules is a crash and never an empty list of diagnostics: a line of no form [1611.90ms]
(pass) default check > a run that breaks the rules is a crash and never an empty list of diagnostics: no error and the exit code 2 [1611.56ms]
(pass) default check > a run that breaks the rules is a crash and never an empty list of diagnostics: text on stdout [1611.41ms]
(pass) default check > a run that breaks the rules is a crash and never an empty list of diagnostics: an error of the command [1622.81ms]
(pass) default check > a run that breaks the rules is a crash and never an empty list of diagnostics: a signal [1672.58ms]
(pass) default check > never equal to an oracle without errors: the code -1 [1910.87ms]
(pass) default check > a run that breaks the rules is a crash and never an empty list of diagnostics: a file that is not of the instance [1916.38ms]
(pass) default check > never equal to an oracle without errors: a stand-in [1915.83ms]
(pass) default check > a run that breaks the rules is a crash and never an empty list of diagnostics: a diagnostic of a rule [1916.11ms]
(pass) listed instances > a batch passes when the oracle is replayed, and fails its names of list E when nothing is reported [8.68ms]
(pass) listed instances > a name in the list of the other class, a skipped instance and a name of no instance are failures [0.80ms]
(pass) expectations.json > is in the form that the update writes [0.04ms]

 105 pass
 0 fail
 171 expect() calls
Ran 105 tests across 1 file. [16.93s]
TIME real 17.273 user 2.646 sys 0.911
exit 0
