loadavg 689.93 718.86 695.72 361/29320 550974
bun test v1.4.3-canary.1 (367d939d9)

test/cli/lint/conformance.test.ts:
(pass) reference > the pinned answers are those of the commits that UPSTREAM names [0.19ms]
(pass) reference > the corpus holds the cases, the baselines and the lists of the pinned commits [7.38ms]
(pass) reference > the list has the instances of the reference's run: 14,915, of which 12,797 run and 2,118 are skipped [64.53ms]
(pass) reference > the case and space tables are those of Go [52.06ms]
(pass) directives > the vectors of the reference parser [7.45ms]
(pass) variations > 72 of the 126 declared options vary [0.40ms]
(pass) variations > no setting [0.16ms]
(pass) variations > one value [0.44ms]
(pass) variations > two values [1.00ms]
(pass) variations > a value twice [0.12ms]
(pass) variations > one value by two names keeps the first name [0.02ms]
(pass) variations > the cross product, keys sorted in the name [0.05ms]
(pass) variations > the last occurrence wins [0.01ms]
(pass) variations > every value [0.18ms]
(pass) variations > every value but one [0.43ms]
(pass) variations > every value but one leaves nothing to vary [0.02ms]
(pass) variations > a value that is taken out again [0.02ms]
(pass) variations > a name in upper case [0.02ms]
(pass) variations > an option that does not vary
(pass) variations > a set of variations that is empty stops the case [0.11ms]
(pass) variations > 25 variations are the most [0.26ms]
(pass) enumerator > the sample holds cases of both suites [0.22ms]
(pass) enumerator > the instances of one of 40 cases are their lines of the list: group 1 [66.66ms]
(pass) enumerator > the instances of one of 40 cases are their lines of the list: group 2 [64.16ms]
(pass) enumerator > the instances of one of 40 cases are their lines of the list: group 3 [46.67ms]
(pass) enumerator > the instances of one of 40 cases are their lines of the list: group 4 [41.38ms]
(pass) enumerator > the instances of one of 40 cases are their lines of the list: group 5 [35.72ms]
(pass) enumerator > the instances of one of 40 cases are their lines of the list: group 6 [30.58ms]
(pass) enumerator > the instances of one of 40 cases are their lines of the list: group 7 [38.15ms]
(pass) enumerator > the instances of one of 40 cases are their lines of the list: group 8 [34.17ms]
(pass) enumerator > the instances of one of 40 cases are their lines of the list: group 9 [8.13ms]
(pass) enumerator > 45 cases are left out by name and 8 are run for their diagnostics alone [6.40ms]
(pass) enumerator > every instance is its line of the list, and the counts are those of the reference [11918.73ms]
(pass) error baselines > the sample is 200 files of both tools, and holds the files in the pretty form [1.46ms]
(pass) error baselines > read and written again, the bytes are the same: group 1 [36.71ms]
(pass) error baselines > read and written again, the bytes are the same: group 2 [3.41ms]
(pass) error baselines > read and written again, the bytes are the same: group 3 [10.74ms]
(pass) error baselines > read and written again, the bytes are the same: group 4 [25.47ms]
(pass) error baselines > read and written again, the bytes are the same: group 5 [10.14ms]
(pass) error baselines > read and written again, the bytes are the same: group 6 [25.01ms]
(pass) error baselines > read and written again, the bytes are the same: group 7 [28.12ms]
(pass) error baselines > read and written again, the bytes are the same: group 8 [16.03ms]
(pass) error baselines > read and written again, the bytes are the same: group 9 [18.66ms]
(pass) error baselines > read and written again, the bytes are the same: group 10 [23.45ms]
(pass) error baselines > read and written again, the bytes are the same: group 11 [18.07ms]
(pass) error baselines > read and written again, the bytes are the same: group 12 [13.58ms]
(pass) run > the bytes of the baseline are the bytes of the oracle, or it is no pass [2.23ms]
(pass) run > a check that reports nothing passes no instance with errors, and a diagnostic fails an instance without [0.20ms]
(pass) run > the first section alone, which is all that the plain format holds, is reported apart and is never a pass [0.30ms]
(pass) run > what is no list of diagnostics of the instance is no pass [0.30ms]
(pass) run > replayed oracles pass and a check that reports nothing passes no instance with errors: group 1 [49.39ms]
(pass) run > replayed oracles pass and a check that reports nothing passes no instance with errors: group 2 [9.29ms]
(pass) run > replayed oracles pass and a check that reports nothing passes no instance with errors: group 3 [8.90ms]
(pass) run > replayed oracles pass and a check that reports nothing passes no instance with errors: group 4 [52.02ms]
(pass) run > replayed oracles pass and a check that reports nothing passes no instance with errors: group 5 [13.00ms]
(pass) run > replayed oracles pass and a check that reports nothing passes no instance with errors: group 6 [10.25ms]
(pass) run > replayed oracles pass and a check that reports nothing passes no instance with errors: group 7 [8.45ms]
(pass) run > the sample had instances with errors and without [1.11ms]
(pass) expectations > the file has one form [0.23ms]
(pass) expectations > a listed name that does not pass is a failure, and a name that passes enters and never leaves [1.56ms]
(pass) expectations > the names that pass and are not listed are printed with the one command that adds them [0.09ms]
(pass) expectations > a check that reports nothing adds no name: list C takes no more names of a directory than list E has [0.04ms]
(pass) plain format > one located diagnostic [0.68ms]
(pass) plain format > empty text is an empty list [0.18ms]
(pass) plain format > a chain: two spaces per level, siblings and a way back up [0.21ms]
(pass) plain format > a line that is deeper than one level below the line before keeps its spaces [0.05ms]
(pass) plain format > names: spaces, parentheses, a drive, a line break of Windows [0.04ms]
(pass) plain format > a line that starts with a category has no file [0.02ms]
(pass) plain format > the code of a rule [0.02ms]
(pass) plain format > a text with a crash report is refused whole [0.02ms]
(pass) plain format > a text with a code frame is refused whole
(pass) plain format > a text with an empty line is refused whole
(pass) plain format > a text with a chain line first is refused whole
(pass) plain format > a text with one space is refused whole
(pass) plain format > a text with spaces only is refused whole
(pass) plain format > a text with no line break at the end is refused whole
(pass) plain format > a text with no code is refused whole
(pass) plain format > a text with a summary is refused whole
(pass) plain format > a text with line zero is refused whole
(pass) plain format > a text with an unknown category is refused whole
(pass) plain format > a text with a debug log is refused whole
(pass) plain format > the first section of the baselines of one of 250 cases is the plain format [10.85ms]
(pass) default check > the probe: a command that is no file [43.33ms]
(pass) default check > the probe: a command that dies [281.01ms]
(pass) default check > the probe: a command that runs its operand [395.80ms]
(pass) default check > the probe: a command that takes the flag and does nothing [385.01ms]
(pass) default check > a command that runs its operand gets no instance [287.95ms]
(pass) default check > the probe: a command that lints [1401.96ms]
(pass) default check > a command that lints gets the written unit as its operand, and no diagnostic passes an instance without errors [1114.73ms]
(pass) default check > stderr is read in the plain format, chain lines too: the first section is the oracle's, and that is no pass [1080.71ms]
(pass) default check > a run that breaks the rules is a crash and never an empty list of diagnostics: an exit code that is none of 0, 1 and 2 [1055.98ms]
(pass) default check > a run that breaks the rules is a crash and never an empty list of diagnostics: the exit code of a refusal [1055.44ms]
(pass) default check > a run that breaks the rules is a crash and never an empty list of diagnostics: a line of no form [1055.28ms]
(pass) default check > a run that breaks the rules is a crash and never an empty list of diagnostics: no error and the exit code 2 [1054.97ms]
(pass) default check > a run that breaks the rules is a crash and never an empty list of diagnostics: an error and the exit code 0 [1055.11ms]
(pass) default check > a run that breaks the rules is a crash and never an empty list of diagnostics: text on stdout [1054.83ms]
(pass) default check > a run that breaks the rules is a crash and never an empty list of diagnostics: a file that is not of the instance [1054.69ms]
(pass) default check > a run that breaks the rules is a crash and never an empty list of diagnostics: a signal [1054.25ms]
(pass) default check > a run that breaks the rules is a crash and never an empty list of diagnostics: a diagnostic of a rule [1054.91ms]
(pass) default check > never equal to an oracle without errors: a stand-in [1054.57ms]
(pass) default check > a run that breaks the rules is a crash and never an empty list of diagnostics: an error of the command [1055.06ms]
(pass) default check > never equal to an oracle without errors: the code -1 [1387.65ms]
(pass) listed instances > a batch passes when the oracle is replayed, and fails its names of list E when nothing is reported [26.94ms]
(pass) listed instances > a name in the list of the other class, a skipped instance and a name of no instance are failures [0.78ms]
(pass) expectations.json > is in the form that the update writes [0.04ms]

 105 pass
 0 fail
 171 expect() calls
Ran 105 tests across 1 file. [15.77s]
TIME real 15.979 user 2.544 sys 0.865
exit 0
