loadavg 746.32 732.65 698.48 344/30202 549356
bun test v1.4.3-canary.1 (367d939d9)

test/cli/lint/conformance.test.ts:
(pass) reference > the pinned answers are those of the commits that UPSTREAM names [0.23ms]
(pass) reference > the corpus holds the cases, the baselines and the lists of the pinned commits [8.27ms]
(pass) reference > the list has the instances of the reference's run: 14,915, of which 12,797 run and 2,118 are skipped [282.10ms]
(pass) reference > the case and space tables are those of Go [109.72ms]
(pass) directives > the vectors of the reference parser [13.74ms]
(pass) variations > 72 of the 126 declared options vary [0.16ms]
(pass) variations > no setting [0.16ms]
(pass) variations > one value [6.60ms]
(pass) variations > two values [0.59ms]
(pass) variations > a value twice [1.03ms]
(pass) variations > one value by two names keeps the first name [0.05ms]
(pass) variations > the cross product, keys sorted in the name [0.11ms]
(pass) variations > the last occurrence wins [0.03ms]
(pass) variations > every value [0.05ms]
(pass) variations > every value but one [0.12ms]
(pass) variations > every value but one leaves nothing to vary [0.04ms]
(pass) variations > a value that is taken out again [0.04ms]
(pass) variations > a name in upper case [0.04ms]
(pass) variations > an option that does not vary
(pass) variations > a set of variations that is empty stops the case [0.15ms]
(pass) variations > 25 variations are the most [0.65ms]
(pass) enumerator > the sample holds cases of both suites [0.28ms]
(pass) enumerator > the instances of one of 40 cases are their lines of the list: group 1 [27.16ms]
(pass) enumerator > the instances of one of 40 cases are their lines of the list: group 2 [14.57ms]
(pass) enumerator > the instances of one of 40 cases are their lines of the list: group 3 [8.18ms]
(pass) enumerator > the instances of one of 40 cases are their lines of the list: group 4 [9.68ms]
(pass) enumerator > the instances of one of 40 cases are their lines of the list: group 5 [6.01ms]
(pass) enumerator > the instances of one of 40 cases are their lines of the list: group 6 [6.73ms]
(pass) enumerator > the instances of one of 40 cases are their lines of the list: group 7 [3.15ms]
(pass) enumerator > the instances of one of 40 cases are their lines of the list: group 8 [1.93ms]
(pass) enumerator > the instances of one of 40 cases are their lines of the list: group 9 [1.83ms]
(pass) enumerator > 45 cases are left out by name and 8 are run for their diagnostics alone [1.39ms]
(pass) enumerator > every instance is its line of the list, and the counts are those of the reference [1056.61ms]
(pass) error baselines > the sample is 200 files of both tools, and holds the files in the pretty form [0.40ms]
(pass) error baselines > read and written again, the bytes are the same: group 1 [21.74ms]
(pass) error baselines > read and written again, the bytes are the same: group 2 [2.05ms]
(pass) error baselines > read and written again, the bytes are the same: group 3 [9.27ms]
(pass) error baselines > read and written again, the bytes are the same: group 4 [21.04ms]
(pass) error baselines > read and written again, the bytes are the same: group 5 [2.49ms]
(pass) error baselines > read and written again, the bytes are the same: group 6 [3.09ms]
(pass) error baselines > read and written again, the bytes are the same: group 7 [2.52ms]
(pass) error baselines > read and written again, the bytes are the same: group 8 [5.77ms]
(pass) error baselines > read and written again, the bytes are the same: group 9 [3.36ms]
(pass) error baselines > read and written again, the bytes are the same: group 10 [11.54ms]
(pass) error baselines > read and written again, the bytes are the same: group 11 [2.26ms]
(pass) error baselines > read and written again, the bytes are the same: group 12 [1.81ms]
(pass) run > the bytes of the baseline are the bytes of the oracle, or it is no pass [2.03ms]
(pass) run > a check that reports nothing passes no instance with errors, and a diagnostic fails an instance without [0.21ms]
(pass) run > the first section alone, which is all that the plain format holds, is reported apart and is never a pass [0.32ms]
(pass) run > what is no list of diagnostics of the instance is no pass [0.28ms]
(pass) run > replayed oracles pass and a check that reports nothing passes no instance with errors: group 1 [16.33ms]
(pass) run > replayed oracles pass and a check that reports nothing passes no instance with errors: group 2 [2.79ms]
(pass) run > replayed oracles pass and a check that reports nothing passes no instance with errors: group 3 [10.79ms]
(pass) run > replayed oracles pass and a check that reports nothing passes no instance with errors: group 4 [1.73ms]
(pass) run > replayed oracles pass and a check that reports nothing passes no instance with errors: group 5 [4.31ms]
(pass) run > replayed oracles pass and a check that reports nothing passes no instance with errors: group 6 [2.83ms]
(pass) run > replayed oracles pass and a check that reports nothing passes no instance with errors: group 7 [1.96ms]
(pass) run > the sample had instances with errors and without [0.08ms]
(pass) expectations > the file has one form [0.21ms]
(pass) expectations > a listed name that does not pass is a failure, and a name that passes enters and never leaves [1.89ms]
(pass) expectations > the names that pass and are not listed are printed with the one command that adds them [0.10ms]
(pass) expectations > a check that reports nothing adds no name: list C takes no more names of a directory than list E has [0.04ms]
(pass) plain format > one located diagnostic [0.28ms]
(pass) plain format > empty text is an empty list [0.02ms]
(pass) plain format > a chain: two spaces per level, siblings and a way back up [0.56ms]
(pass) plain format > a line that is deeper than one level below the line before keeps its spaces [0.04ms]
(pass) plain format > names: spaces, parentheses, a drive, a line break of Windows [0.04ms]
(pass) plain format > a line that starts with a category has no file [0.02ms]
(pass) plain format > the code of a rule [3.21ms]
(pass) plain format > a text with a crash report is refused whole [0.06ms]
(pass) plain format > a text with a code frame is refused whole
(pass) plain format > a text with an empty line is refused whole
(pass) plain format > a text with a chain line first is refused whole
(pass) plain format > a text with one space is refused whole
(pass) plain format > a text with spaces only is refused whole
(pass) plain format > a text with no line break at the end is refused whole
(pass) plain format > a text with no code is refused whole
(pass) plain format > a text with a summary is refused whole
(pass) plain format > a text with line zero is refused whole
(pass) plain format > a text with an unknown category is refused whole
(pass) plain format > a text with a debug log is refused whole
(pass) plain format > the first section of the baselines of one of 250 cases is the plain format [10.14ms]
(pass) default check > the probe: a command that is no file [84.20ms]
(pass) default check > the probe: a command that dies [930.74ms]
(pass) default check > the probe: a command that runs its operand [983.71ms]
(pass) default check > the probe: a command that takes the flag and does nothing [972.00ms]
(pass) default check > a command that runs its operand gets no instance [602.38ms]
(pass) default check > the probe: a command that lints [1226.06ms]
(pass) default check > a command that lints gets the written unit as its operand, and no diagnostic passes an instance without errors [1630.87ms]
(pass) default check > stderr is read in the plain format, chain lines too: the first section is the oracle's, and that is no pass [1562.19ms]
(pass) default check > a run that breaks the rules is a crash and never an empty list of diagnostics: the exit code of a refusal [1458.42ms]
(pass) default check > a run that breaks the rules is a crash and never an empty list of diagnostics: an exit code that is none of 0, 1 and 2 [1473.61ms]
(pass) default check > a run that breaks the rules is a crash and never an empty list of diagnostics: a line of no form [1458.25ms]
(pass) default check > a run that breaks the rules is a crash and never an empty list of diagnostics: an error and the exit code 0 [1458.13ms]
(pass) default check > a run that breaks the rules is a crash and never an empty list of diagnostics: no error and the exit code 2 [1458.03ms]
(pass) default check > a run that breaks the rules is a crash and never an empty list of diagnostics: text on stdout [1457.92ms]
(pass) default check > a run that breaks the rules is a crash and never an empty list of diagnostics: an error of the command [1459.60ms]
(pass) default check > a run that breaks the rules is a crash and never an empty list of diagnostics: a diagnostic of a rule [1484.42ms]
(pass) default check > a run that breaks the rules is a crash and never an empty list of diagnostics: a signal [1484.53ms]
(pass) default check > a run that breaks the rules is a crash and never an empty list of diagnostics: a file that is not of the instance [1486.45ms]
(pass) default check > never equal to an oracle without errors: a stand-in [1572.43ms]
(pass) default check > never equal to an oracle without errors: the code -1 [1633.25ms]
(pass) listed instances > a batch passes when the oracle is replayed, and fails its names of list E when nothing is reported [43.18ms]
(pass) listed instances > a name in the list of the other class, a skipped instance and a name of no instance are failures [1.24ms]
(pass) expectations.json > is in the form that the update writes [0.08ms]

 105 pass
 0 fail
 171 expect() calls
Ran 105 tests across 1 file. [4.64s]
TIME real 4.680 user 1.831 sys 0.416
exit 0
