loadavg 751.80 732.91 698.00 227/31021 548835
bun test v1.4.3-canary.1 (367d939d9)

test/cli/lint/conformance.test.ts:
(pass) reference > the pinned answers are those of the commits that UPSTREAM names [0.25ms]
(pass) reference > the corpus holds the cases, the baselines and the lists of the pinned commits [7.71ms]
(pass) reference > the list has the instances of the reference's run: 14,915, of which 12,797 run and 2,118 are skipped [168.91ms]
(pass) reference > the case and space tables are those of Go [72.32ms]
(pass) directives > the vectors of the reference parser [13.05ms]
(pass) variations > 72 of the 126 declared options vary [0.24ms]
(pass) variations > no setting [0.23ms]
(pass) variations > one value [0.28ms]
(pass) variations > two values [0.13ms]
(pass) variations > a value twice [0.09ms]
(pass) variations > one value by two names keeps the first name [0.07ms]
(pass) variations > the cross product, keys sorted in the name [0.13ms]
(pass) variations > the last occurrence wins [0.05ms]
(pass) variations > every value [0.10ms]
(pass) variations > every value but one [0.27ms]
(pass) variations > every value but one leaves nothing to vary [0.09ms]
(pass) variations > a value that is taken out again [0.06ms]
(pass) variations > a name in upper case [0.08ms]
(pass) variations > an option that does not vary
(pass) variations > a set of variations that is empty stops the case [0.18ms]
(pass) variations > 25 variations are the most [2.96ms]
(pass) enumerator > the sample holds cases of both suites [0.53ms]
(pass) enumerator > the instances of one of 40 cases are their lines of the list: group 1 [26.31ms]
(pass) enumerator > the instances of one of 40 cases are their lines of the list: group 2 [20.63ms]
(pass) enumerator > the instances of one of 40 cases are their lines of the list: group 3 [9.40ms]
(pass) enumerator > the instances of one of 40 cases are their lines of the list: group 4 [8.39ms]
(pass) enumerator > the instances of one of 40 cases are their lines of the list: group 5 [11.07ms]
(pass) enumerator > the instances of one of 40 cases are their lines of the list: group 6 [2.63ms]
(pass) enumerator > the instances of one of 40 cases are their lines of the list: group 7 [16.49ms]
(pass) enumerator > the instances of one of 40 cases are their lines of the list: group 8 [5.77ms]
(pass) enumerator > the instances of one of 40 cases are their lines of the list: group 9 [0.62ms]
(pass) enumerator > 45 cases are left out by name and 8 are run for their diagnostics alone [2.88ms]
(pass) enumerator > every instance is its line of the list, and the counts are those of the reference [1045.82ms]
(pass) error baselines > the sample is 200 files of both tools, and holds the files in the pretty form [0.65ms]
(pass) error baselines > read and written again, the bytes are the same: group 1 [14.79ms]
(pass) error baselines > read and written again, the bytes are the same: group 2 [1.14ms]
(pass) error baselines > read and written again, the bytes are the same: group 3 [5.95ms]
(pass) error baselines > read and written again, the bytes are the same: group 4 [13.99ms]
(pass) error baselines > read and written again, the bytes are the same: group 5 [2.44ms]
(pass) error baselines > read and written again, the bytes are the same: group 6 [5.20ms]
(pass) error baselines > read and written again, the bytes are the same: group 7 [3.74ms]
(pass) error baselines > read and written again, the bytes are the same: group 8 [4.20ms]
(pass) error baselines > read and written again, the bytes are the same: group 9 [3.17ms]
(pass) error baselines > read and written again, the bytes are the same: group 10 [16.84ms]
(pass) error baselines > read and written again, the bytes are the same: group 11 [2.72ms]
(pass) error baselines > read and written again, the bytes are the same: group 12 [1.41ms]
(pass) run > the bytes of the baseline are the bytes of the oracle, or it is no pass [2.15ms]
(pass) run > a check that reports nothing passes no instance with errors, and a diagnostic fails an instance without [0.20ms]
(pass) run > the first section alone, which is all that the plain format holds, is reported apart and is never a pass [0.43ms]
(pass) run > what is no list of diagnostics of the instance is no pass [0.25ms]
(pass) run > replayed oracles pass and a check that reports nothing passes no instance with errors: group 1 [9.28ms]
(pass) run > replayed oracles pass and a check that reports nothing passes no instance with errors: group 2 [3.02ms]
(pass) run > replayed oracles pass and a check that reports nothing passes no instance with errors: group 3 [2.32ms]
(pass) run > replayed oracles pass and a check that reports nothing passes no instance with errors: group 4 [1.43ms]
(pass) run > replayed oracles pass and a check that reports nothing passes no instance with errors: group 5 [4.18ms]
(pass) run > replayed oracles pass and a check that reports nothing passes no instance with errors: group 6 [2.49ms]
(pass) run > replayed oracles pass and a check that reports nothing passes no instance with errors: group 7 [4.16ms]
(pass) run > the sample had instances with errors and without [0.07ms]
(pass) expectations > the file has one form [0.23ms]
(pass) expectations > a listed name that does not pass is a failure, and a name that passes enters and never leaves [0.80ms]
(pass) expectations > the names that pass and are not listed are printed with the one command that adds them [0.15ms]
(pass) expectations > a check that reports nothing adds no name: list C takes no more names of a directory than list E has [0.04ms]
(pass) plain format > one located diagnostic [0.20ms]
(pass) plain format > empty text is an empty list
(pass) plain format > a chain: two spaces per level, siblings and a way back up [0.12ms]
(pass) plain format > a line that is deeper than one level below the line before keeps its spaces [0.03ms]
(pass) plain format > names: spaces, parentheses, a drive, a line break of Windows [0.04ms]
(pass) plain format > a line that starts with a category has no file [0.01ms]
(pass) plain format > the code of a rule [0.02ms]
(pass) plain format > a text with a crash report is refused whole [0.02ms]
(pass) plain format > a text with a code frame is refused whole
(pass) plain format > a text with an empty line is refused whole
(pass) plain format > a text with a chain line first is refused whole
(pass) plain format > a text with one space is refused whole
(pass) plain format > a text with spaces only is refused whole
(pass) plain format > a text with no line break at the end is refused whole
(pass) plain format > a text with no code is refused whole
(pass) plain format > a text with a summary is refused whole
(pass) plain format > a text with line zero is refused whole
(pass) plain format > a text with an unknown category is refused whole
(pass) plain format > a text with a debug log is refused whole
(pass) plain format > the first section of the baselines of one of 250 cases is the plain format [5.94ms]
(pass) default check > the probe: a command that is no file [59.25ms]
(pass) default check > the probe: a command that dies [199.95ms]
(pass) default check > the probe: a command that runs its operand [311.46ms]
(pass) default check > the probe: a command that takes the flag and does nothing [259.47ms]
(pass) default check > a command that runs its operand gets no instance [162.59ms]
(pass) default check > the probe: a command that lints [435.48ms]
(pass) default check > a command that lints gets the written unit as its operand, and no diagnostic passes an instance without errors [1077.36ms]
(pass) default check > stderr is read in the plain format, chain lines too: the first section is the oracle's, and that is no pass [1044.88ms]
(pass) default check > a run that breaks the rules is a crash and never an empty list of diagnostics: an exit code that is none of 0, 1 and 2 [1005.03ms]
(pass) default check > a run that breaks the rules is a crash and never an empty list of diagnostics: the exit code of a refusal [1004.52ms]
(pass) default check > a run that breaks the rules is a crash and never an empty list of diagnostics: an error and the exit code 0 [999.39ms]
(pass) default check > a run that breaks the rules is a crash and never an empty list of diagnostics: no error and the exit code 2 [999.24ms]
(pass) default check > a run that breaks the rules is a crash and never an empty list of diagnostics: a line of no form [1003.46ms]
(pass) default check > a run that breaks the rules is a crash and never an empty list of diagnostics: a signal [998.74ms]
(pass) default check > a run that breaks the rules is a crash and never an empty list of diagnostics: a file that is not of the instance [999.02ms]
(pass) default check > a run that breaks the rules is a crash and never an empty list of diagnostics: an error of the command [998.92ms]
(pass) default check > a run that breaks the rules is a crash and never an empty list of diagnostics: text on stdout [999.13ms]
(pass) default check > a run that breaks the rules is a crash and never an empty list of diagnostics: a diagnostic of a rule [1060.47ms]
(pass) default check > never equal to an oracle without errors: a stand-in [1107.41ms]
(pass) default check > never equal to an oracle without errors: the code -1 [1125.09ms]
(pass) listed instances > a batch passes when the oracle is replayed, and fails its names of list E when nothing is reported [11.64ms]
(pass) listed instances > a name in the list of the other class, a skipped instance and a name of no instance are failures [1.21ms]
(pass) expectations.json > is in the form that the update writes [0.06ms]

 105 pass
 0 fail
 171 expect() calls
Ran 105 tests across 1 file. [3.54s]
TIME real 3.666 user 1.787 sys 0.446
exit 0
