loadavg 728.68 726.23 694.39 262/30807 547899
bun test v1.4.3-canary.1 (367d939d9)

test/cli/lint/conformance.test.ts:
(pass) reference > the pinned answers are those of the commits that UPSTREAM names [0.22ms]
(pass) reference > the corpus holds the cases, the baselines and the lists of the pinned commits [7.06ms]
(pass) reference > the list has the instances of the reference's run: 14,915, of which 12,797 run and 2,118 are skipped [148.97ms]
(pass) reference > the case and space tables are those of Go [111.06ms]
(pass) directives > the vectors of the reference parser [14.53ms]
(pass) variations > 72 of the 126 declared options vary [11.92ms]
(pass) variations > no setting [0.36ms]
(pass) variations > one value [0.68ms]
(pass) variations > two values [1.33ms]
(pass) variations > a value twice [0.09ms]
(pass) variations > one value by two names keeps the first name [0.04ms]
(pass) variations > the cross product, keys sorted in the name [0.08ms]
(pass) variations > the last occurrence wins [0.03ms]
(pass) variations > every value [0.05ms]
(pass) variations > every value but one [0.13ms]
(pass) variations > every value but one leaves nothing to vary [0.02ms]
(pass) variations > a value that is taken out again [0.02ms]
(pass) variations > a name in upper case [0.02ms]
(pass) variations > an option that does not vary
(pass) variations > a set of variations that is empty stops the case [0.13ms]
(pass) variations > 25 variations are the most [1.55ms]
(pass) enumerator > the sample holds cases of both suites [0.48ms]
(pass) enumerator > the instances of one of 40 cases are their lines of the list: group 1 [41.98ms]
(pass) enumerator > the instances of one of 40 cases are their lines of the list: group 2 [22.91ms]
(pass) enumerator > the instances of one of 40 cases are their lines of the list: group 3 [11.44ms]
(pass) enumerator > the instances of one of 40 cases are their lines of the list: group 4 [15.32ms]
(pass) enumerator > the instances of one of 40 cases are their lines of the list: group 5 [7.18ms]
(pass) enumerator > the instances of one of 40 cases are their lines of the list: group 6 [9.43ms]
(pass) enumerator > the instances of one of 40 cases are their lines of the list: group 7 [10.56ms]
(pass) enumerator > the instances of one of 40 cases are their lines of the list: group 8 [17.05ms]
(pass) enumerator > the instances of one of 40 cases are their lines of the list: group 9 [2.73ms]
(pass) enumerator > 45 cases are left out by name and 8 are run for their diagnostics alone [3.72ms]
(pass) enumerator > every instance is its line of the list, and the counts are those of the reference [1442.24ms]
(pass) error baselines > the sample is 200 files of both tools, and holds the files in the pretty form [0.51ms]
(pass) error baselines > read and written again, the bytes are the same: group 1 [18.69ms]
(pass) error baselines > read and written again, the bytes are the same: group 2 [1.08ms]
(pass) error baselines > read and written again, the bytes are the same: group 3 [4.33ms]
(pass) error baselines > read and written again, the bytes are the same: group 4 [11.64ms]
(pass) error baselines > read and written again, the bytes are the same: group 5 [2.28ms]
(pass) error baselines > read and written again, the bytes are the same: group 6 [4.03ms]
(pass) error baselines > read and written again, the bytes are the same: group 7 [3.33ms]
(pass) error baselines > read and written again, the bytes are the same: group 8 [4.80ms]
(pass) error baselines > read and written again, the bytes are the same: group 9 [5.96ms]
(pass) error baselines > read and written again, the bytes are the same: group 10 [12.52ms]
(pass) error baselines > read and written again, the bytes are the same: group 11 [3.73ms]
(pass) error baselines > read and written again, the bytes are the same: group 12 [2.50ms]
(pass) run > the bytes of the baseline are the bytes of the oracle, or it is no pass [3.17ms]
(pass) run > a check that reports nothing passes no instance with errors, and a diagnostic fails an instance without [0.31ms]
(pass) run > the first section alone, which is all that the plain format holds, is reported apart and is never a pass [0.61ms]
(pass) run > what is no list of diagnostics of the instance is no pass [0.50ms]
(pass) run > replayed oracles pass and a check that reports nothing passes no instance with errors: group 1 [26.53ms]
(pass) run > replayed oracles pass and a check that reports nothing passes no instance with errors: group 2 [6.30ms]
(pass) run > replayed oracles pass and a check that reports nothing passes no instance with errors: group 3 [6.30ms]
(pass) run > replayed oracles pass and a check that reports nothing passes no instance with errors: group 4 [2.90ms]
(pass) run > replayed oracles pass and a check that reports nothing passes no instance with errors: group 5 [20.43ms]
(pass) run > replayed oracles pass and a check that reports nothing passes no instance with errors: group 6 [7.76ms]
(pass) run > replayed oracles pass and a check that reports nothing passes no instance with errors: group 7 [7.97ms]
(pass) run > the sample had instances with errors and without [0.12ms]
(pass) expectations > the file has one form [0.34ms]
(pass) expectations > a listed name that does not pass is a failure, and a name that passes enters and never leaves [3.19ms]
(pass) expectations > the names that pass and are not listed are printed with the one command that adds them [0.15ms]
(pass) expectations > a check that reports nothing adds no name: list C takes no more names of a directory than list E has [0.09ms]
(pass) plain format > one located diagnostic [0.76ms]
(pass) plain format > empty text is an empty list [0.04ms]
(pass) plain format > a chain: two spaces per level, siblings and a way back up [0.48ms]
(pass) plain format > a line that is deeper than one level below the line before keeps its spaces [0.08ms]
(pass) plain format > names: spaces, parentheses, a drive, a line break of Windows [0.07ms]
(pass) plain format > a line that starts with a category has no file [0.02ms]
(pass) plain format > the code of a rule [0.02ms]
(pass) plain format > a text with a crash report is refused whole [0.04ms]
(pass) plain format > a text with a code frame is refused whole
(pass) plain format > a text with an empty line is refused whole
(pass) plain format > a text with a chain line first is refused whole
(pass) plain format > a text with one space is refused whole
(pass) plain format > a text with spaces only is refused whole
(pass) plain format > a text with no line break at the end is refused whole
(pass) plain format > a text with no code is refused whole
(pass) plain format > a text with a summary is refused whole
(pass) plain format > a text with line zero is refused whole
(pass) plain format > a text with an unknown category is refused whole
(pass) plain format > a text with a debug log is refused whole
(pass) plain format > the first section of the baselines of one of 250 cases is the plain format [10.84ms]
(pass) default check > the probe: a command that is no file [328.67ms]
(pass) default check > the probe: a command that dies [974.15ms]
(pass) default check > the probe: a command that runs its operand [1202.88ms]
(pass) default check > the probe: a command that takes the flag and does nothing [1117.12ms]
(pass) default check > a command that runs its operand gets no instance [953.56ms]
(pass) default check > the probe: a command that lints [1776.93ms]
(pass) default check > a command that lints gets the written unit as its operand, and no diagnostic passes an instance without errors [2777.50ms]
(pass) default check > stderr is read in the plain format, chain lines too: the first section is the oracle's, and that is no pass [2704.71ms]
(pass) default check > a run that breaks the rules is a crash and never an empty list of diagnostics: an exit code that is none of 0, 1 and 2 [2609.68ms]
(pass) default check > a run that breaks the rules is a crash and never an empty list of diagnostics: the exit code of a refusal [2609.10ms]
(pass) default check > a run that breaks the rules is a crash and never an empty list of diagnostics: a line of no form [2608.83ms]
(pass) default check > a run that breaks the rules is a crash and never an empty list of diagnostics: an error and the exit code 0 [2606.58ms]
(pass) default check > a run that breaks the rules is a crash and never an empty list of diagnostics: no error and the exit code 2 [2606.36ms]
(pass) default check > a run that breaks the rules is a crash and never an empty list of diagnostics: text on stdout [2606.18ms]
(pass) default check > a run that breaks the rules is a crash and never an empty list of diagnostics: a file that is not of the instance [2606.00ms]
(pass) default check > a run that breaks the rules is a crash and never an empty list of diagnostics: a signal [2605.44ms]
(pass) default check > a run that breaks the rules is a crash and never an empty list of diagnostics: an error of the command [2606.04ms]
(pass) default check > a run that breaks the rules is a crash and never an empty list of diagnostics: a diagnostic of a rule [2635.94ms]
(pass) default check > never equal to an oracle without errors: a stand-in [2832.72ms]
(pass) default check > never equal to an oracle without errors: the code -1 [2903.12ms]
(pass) listed instances > a batch passes when the oracle is replayed, and fails its names of list E when nothing is reported [7.33ms]
(pass) listed instances > a name in the list of the other class, a skipped instance and a name of no instance are failures [1.00ms]
(pass) expectations.json > is in the form that the update writes [0.05ms]

 105 pass
 0 fail
 171 expect() calls
Ran 105 tests across 1 file. [6.45s]
TIME real 6.557 user 2.227 sys 0.467
exit 0
