loadavg 696.40 722.65 696.28 300/26342 550352
bun test v1.4.3-canary.1 (367d939d9)

test/cli/lint/conformance.test.ts:
(pass) reference > the pinned answers are those of the commits that UPSTREAM names [0.19ms]
(pass) reference > the corpus holds the cases, the baselines and the lists of the pinned commits [9.81ms]
(pass) reference > the list has the instances of the reference's run: 14,915, of which 12,797 run and 2,118 are skipped [110.44ms]
(pass) reference > the case and space tables are those of Go [90.59ms]
(pass) directives > the vectors of the reference parser [14.24ms]
(pass) variations > 72 of the 126 declared options vary [0.23ms]
(pass) variations > no setting [0.19ms]
(pass) variations > one value [0.53ms]
(pass) variations > two values [0.13ms]
(pass) variations > a value twice [0.06ms]
(pass) variations > one value by two names keeps the first name [0.01ms]
(pass) variations > the cross product, keys sorted in the name [0.04ms]
(pass) variations > the last occurrence wins
(pass) variations > every value [0.01ms]
(pass) variations > every value but one [1.45ms]
(pass) variations > every value but one leaves nothing to vary [0.07ms]
(pass) variations > a value that is taken out again [2.68ms]
(pass) variations > a name in upper case [0.04ms]
(pass) variations > an option that does not vary
(pass) variations > a set of variations that is empty stops the case [0.14ms]
(pass) variations > 25 variations are the most [1.60ms]
(pass) enumerator > the sample holds cases of both suites [0.86ms]
(pass) enumerator > the instances of one of 40 cases are their lines of the list: group 1 [62.91ms]
(pass) enumerator > the instances of one of 40 cases are their lines of the list: group 2 [67.41ms]
(pass) enumerator > the instances of one of 40 cases are their lines of the list: group 3 [66.53ms]
(pass) enumerator > the instances of one of 40 cases are their lines of the list: group 4 [47.90ms]
(pass) enumerator > the instances of one of 40 cases are their lines of the list: group 5 [47.16ms]
(pass) enumerator > the instances of one of 40 cases are their lines of the list: group 6 [58.78ms]
(pass) enumerator > the instances of one of 40 cases are their lines of the list: group 7 [47.75ms]
(pass) enumerator > the instances of one of 40 cases are their lines of the list: group 8 [62.85ms]
(pass) enumerator > the instances of one of 40 cases are their lines of the list: group 9 [16.88ms]
(pass) enumerator > 45 cases are left out by name and 8 are run for their diagnostics alone [13.06ms]
(pass) enumerator > every instance is its line of the list, and the counts are those of the reference [12792.51ms]
(pass) error baselines > the sample is 200 files of both tools, and holds the files in the pretty form [0.90ms]
(pass) error baselines > read and written again, the bytes are the same: group 1 [59.37ms]
(pass) error baselines > read and written again, the bytes are the same: group 2 [15.04ms]
(pass) error baselines > read and written again, the bytes are the same: group 3 [15.72ms]
(pass) error baselines > read and written again, the bytes are the same: group 4 [24.13ms]
(pass) error baselines > read and written again, the bytes are the same: group 5 [17.56ms]
(pass) error baselines > read and written again, the bytes are the same: group 6 [17.94ms]
(pass) error baselines > read and written again, the bytes are the same: group 7 [19.88ms]
(pass) error baselines > read and written again, the bytes are the same: group 8 [10.82ms]
(pass) error baselines > read and written again, the bytes are the same: group 9 [30.87ms]
(pass) error baselines > read and written again, the bytes are the same: group 10 [25.93ms]
(pass) error baselines > read and written again, the bytes are the same: group 11 [24.65ms]
(pass) error baselines > read and written again, the bytes are the same: group 12 [21.57ms]
(pass) run > the bytes of the baseline are the bytes of the oracle, or it is no pass [2.31ms]
(pass) run > a check that reports nothing passes no instance with errors, and a diagnostic fails an instance without [0.20ms]
(pass) run > the first section alone, which is all that the plain format holds, is reported apart and is never a pass [0.37ms]
(pass) run > what is no list of diagnostics of the instance is no pass [0.25ms]
(pass) run > replayed oracles pass and a check that reports nothing passes no instance with errors: group 1 [37.67ms]
(pass) run > replayed oracles pass and a check that reports nothing passes no instance with errors: group 2 [3.93ms]
(pass) run > replayed oracles pass and a check that reports nothing passes no instance with errors: group 3 [5.34ms]
(pass) run > replayed oracles pass and a check that reports nothing passes no instance with errors: group 4 [6.80ms]
(pass) run > replayed oracles pass and a check that reports nothing passes no instance with errors: group 5 [9.84ms]
(pass) run > replayed oracles pass and a check that reports nothing passes no instance with errors: group 6 [14.12ms]
(pass) run > replayed oracles pass and a check that reports nothing passes no instance with errors: group 7 [11.36ms]
(pass) run > the sample had instances with errors and without [0.09ms]
(pass) expectations > the file has one form [0.28ms]
(pass) expectations > a listed name that does not pass is a failure, and a name that passes enters and never leaves [3.18ms]
(pass) expectations > the names that pass and are not listed are printed with the one command that adds them [0.41ms]
(pass) expectations > a check that reports nothing adds no name: list C takes no more names of a directory than list E has [0.05ms]
(pass) plain format > one located diagnostic [0.27ms]
(pass) plain format > empty text is an empty list [0.01ms]
(pass) plain format > a chain: two spaces per level, siblings and a way back up [0.14ms]
(pass) plain format > a line that is deeper than one level below the line before keeps its spaces [0.04ms]
(pass) plain format > names: spaces, parentheses, a drive, a line break of Windows [0.04ms]
(pass) plain format > a line that starts with a category has no file [0.02ms]
(pass) plain format > the code of a rule [0.02ms]
(pass) plain format > a text with a crash report is refused whole [0.02ms]
(pass) plain format > a text with a code frame is refused whole
(pass) plain format > a text with an empty line is refused whole
(pass) plain format > a text with a chain line first is refused whole
(pass) plain format > a text with one space is refused whole
(pass) plain format > a text with spaces only is refused whole
(pass) plain format > a text with no line break at the end is refused whole
(pass) plain format > a text with no code is refused whole
(pass) plain format > a text with a summary is refused whole
(pass) plain format > a text with line zero is refused whole
(pass) plain format > a text with an unknown category is refused whole
(pass) plain format > a text with a debug log is refused whole
(pass) plain format > the first section of the baselines of one of 250 cases is the plain format [10.39ms]
(pass) default check > the probe: a command that is no file [139.01ms]
(pass) default check > the probe: a command that dies [653.88ms]
(pass) default check > the probe: a command that runs its operand [810.74ms]
(pass) default check > the probe: a command that takes the flag and does nothing [770.04ms]
(pass) default check > the probe: a command that lints [1025.55ms]
(pass) default check > a command that runs its operand gets no instance [485.21ms]
(pass) default check > stderr is read in the plain format, chain lines too: the first section is the oracle's, and that is no pass [2017.57ms]
(pass) default check > a command that lints gets the written unit as its operand, and no diagnostic passes an instance without errors [2153.74ms]
(pass) default check > a run that breaks the rules is a crash and never an empty list of diagnostics: an exit code that is none of 0, 1 and 2 [1991.82ms]
(pass) default check > a run that breaks the rules is a crash and never an empty list of diagnostics: the exit code of a refusal [1970.85ms]
(pass) default check > a run that breaks the rules is a crash and never an empty list of diagnostics: a line of no form [1970.62ms]
(pass) default check > a run that breaks the rules is a crash and never an empty list of diagnostics: an error and the exit code 0 [1970.49ms]
(pass) default check > a run that breaks the rules is a crash and never an empty list of diagnostics: no error and the exit code 2 [1970.37ms]
(pass) default check > a run that breaks the rules is a crash and never an empty list of diagnostics: text on stdout [1970.27ms]
(pass) default check > a run that breaks the rules is a crash and never an empty list of diagnostics: a signal [2000.78ms]
(pass) default check > a run that breaks the rules is a crash and never an empty list of diagnostics: a file that is not of the instance [2004.41ms]
(pass) default check > a run that breaks the rules is a crash and never an empty list of diagnostics: an error of the command [2096.66ms]
(pass) default check > never equal to an oracle without errors: a stand-in [2111.88ms]
(pass) default check > never equal to an oracle without errors: the code -1 [2112.74ms]
(pass) default check > a run that breaks the rules is a crash and never an empty list of diagnostics: a diagnostic of a rule [2116.07ms]
(pass) listed instances > a batch passes when the oracle is replayed, and fails its names of list E when nothing is reported [13.67ms]
(pass) listed instances > a name in the list of the other class, a skipped instance and a name of no instance are failures [0.66ms]
(pass) expectations.json > is in the form that the update writes [0.03ms]

 105 pass
 0 fail
 171 expect() calls
Ran 105 tests across 1 file. [17.29s]
TIME real 17.325 user 2.225 sys 0.954
exit 0
