loadavg 698.93 719.31 696.23 241/29063 551206
bun test v1.4.3-canary.1 (367d939d9)

test/cli/lint/conformance.test.ts:
(pass) reference > the pinned answers are those of the commits that UPSTREAM names [0.26ms]
(pass) reference > the corpus holds the cases, the baselines and the lists of the pinned commits [8.35ms]
(pass) reference > the list has the instances of the reference's run: 14,915, of which 12,797 run and 2,118 are skipped [173.52ms]
(pass) reference > the case and space tables are those of Go [145.05ms]
(pass) directives > the vectors of the reference parser [15.83ms]
(pass) variations > 72 of the 126 declared options vary [3.31ms]
(pass) variations > no setting [0.21ms]
(pass) variations > one value [1.59ms]
(pass) variations > two values [0.24ms]
(pass) variations > a value twice [1.66ms]
(pass) variations > one value by two names keeps the first name [0.04ms]
(pass) variations > the cross product, keys sorted in the name [0.10ms]
(pass) variations > the last occurrence wins
(pass) variations > every value [0.01ms]
(pass) variations > every value but one [0.11ms]
(pass) variations > every value but one leaves nothing to vary [0.01ms]
(pass) variations > a value that is taken out again [0.02ms]
(pass) variations > a name in upper case [0.01ms]
(pass) variations > an option that does not vary
(pass) variations > a set of variations that is empty stops the case [0.14ms]
(pass) variations > 25 variations are the most [0.39ms]
(pass) enumerator > the sample holds cases of both suites [0.31ms]
(pass) enumerator > the instances of one of 40 cases are their lines of the list: group 1 [58.00ms]
(pass) enumerator > the instances of one of 40 cases are their lines of the list: group 2 [47.73ms]
(pass) enumerator > the instances of one of 40 cases are their lines of the list: group 3 [27.57ms]
(pass) enumerator > the instances of one of 40 cases are their lines of the list: group 4 [64.35ms]
(pass) enumerator > the instances of one of 40 cases are their lines of the list: group 5 [22.07ms]
(pass) enumerator > the instances of one of 40 cases are their lines of the list: group 6 [46.20ms]
(pass) enumerator > the instances of one of 40 cases are their lines of the list: group 7 [39.89ms]
(pass) enumerator > the instances of one of 40 cases are their lines of the list: group 8 [35.51ms]
(pass) enumerator > the instances of one of 40 cases are their lines of the list: group 9 [11.67ms]
(pass) enumerator > 45 cases are left out by name and 8 are run for their diagnostics alone [4.65ms]
(pass) enumerator > every instance is its line of the list, and the counts are those of the reference [9758.53ms]
(pass) error baselines > the sample is 200 files of both tools, and holds the files in the pretty form [0.80ms]
(pass) error baselines > read and written again, the bytes are the same: group 1 [51.22ms]
(pass) error baselines > read and written again, the bytes are the same: group 2 [3.29ms]
(pass) error baselines > read and written again, the bytes are the same: group 3 [18.15ms]
(pass) error baselines > read and written again, the bytes are the same: group 4 [50.27ms]
(pass) error baselines > read and written again, the bytes are the same: group 5 [20.32ms]
(pass) error baselines > read and written again, the bytes are the same: group 6 [12.02ms]
(pass) error baselines > read and written again, the bytes are the same: group 7 [28.22ms]
(pass) error baselines > read and written again, the bytes are the same: group 8 [37.43ms]
(pass) error baselines > read and written again, the bytes are the same: group 9 [30.20ms]
(pass) error baselines > read and written again, the bytes are the same: group 10 [27.13ms]
(pass) error baselines > read and written again, the bytes are the same: group 11 [23.92ms]
(pass) error baselines > read and written again, the bytes are the same: group 12 [14.28ms]
(pass) run > the bytes of the baseline are the bytes of the oracle, or it is no pass [2.57ms]
(pass) run > a check that reports nothing passes no instance with errors, and a diagnostic fails an instance without [0.25ms]
(pass) run > the first section alone, which is all that the plain format holds, is reported apart and is never a pass [0.82ms]
(pass) run > what is no list of diagnostics of the instance is no pass [0.30ms]
(pass) run > replayed oracles pass and a check that reports nothing passes no instance with errors: group 1 [31.17ms]
(pass) run > replayed oracles pass and a check that reports nothing passes no instance with errors: group 2 [5.33ms]
(pass) run > replayed oracles pass and a check that reports nothing passes no instance with errors: group 3 [7.50ms]
(pass) run > replayed oracles pass and a check that reports nothing passes no instance with errors: group 4 [5.72ms]
(pass) run > replayed oracles pass and a check that reports nothing passes no instance with errors: group 5 [10.45ms]
(pass) run > replayed oracles pass and a check that reports nothing passes no instance with errors: group 6 [5.96ms]
(pass) run > replayed oracles pass and a check that reports nothing passes no instance with errors: group 7 [5.24ms]
(pass) run > the sample had instances with errors and without [0.12ms]
(pass) expectations > the file has one form [0.31ms]
(pass) expectations > a listed name that does not pass is a failure, and a name that passes enters and never leaves [1.02ms]
(pass) expectations > the names that pass and are not listed are printed with the one command that adds them [0.11ms]
(pass) expectations > a check that reports nothing adds no name: list C takes no more names of a directory than list E has [0.06ms]
(pass) plain format > one located diagnostic [0.27ms]
(pass) plain format > empty text is an empty list [0.01ms]
(pass) plain format > a chain: two spaces per level, siblings and a way back up [0.15ms]
(pass) plain format > a line that is deeper than one level below the line before keeps its spaces [0.04ms]
(pass) plain format > names: spaces, parentheses, a drive, a line break of Windows [0.04ms]
(pass) plain format > a line that starts with a category has no file [0.02ms]
(pass) plain format > the code of a rule [0.02ms]
(pass) plain format > a text with a crash report is refused whole [0.03ms]
(pass) plain format > a text with a code frame is refused whole
(pass) plain format > a text with an empty line is refused whole
(pass) plain format > a text with a chain line first is refused whole
(pass) plain format > a text with one space is refused whole [0.04ms]
(pass) plain format > a text with spaces only is refused whole
(pass) plain format > a text with no line break at the end is refused whole
(pass) plain format > a text with no code is refused whole
(pass) plain format > a text with a summary is refused whole
(pass) plain format > a text with line zero is refused whole
(pass) plain format > a text with an unknown category is refused whole
(pass) plain format > a text with a debug log is refused whole
(pass) plain format > the first section of the baselines of one of 250 cases is the plain format [21.27ms]
(pass) default check > the probe: a command that is no file [63.50ms]
(pass) default check > the probe: a command that dies [467.42ms]
(pass) default check > the probe: a command that runs its operand [835.90ms]
(pass) default check > the probe: a command that takes the flag and does nothing [791.37ms]
(pass) default check > a command that runs its operand gets no instance [730.27ms]
(pass) default check > the probe: a command that lints [1427.81ms]
(pass) default check > a command that lints gets the written unit as its operand, and no diagnostic passes an instance without errors [2234.39ms]
(pass) default check > stderr is read in the plain format, chain lines too: the first section is the oracle's, and that is no pass [2217.96ms]
(pass) default check > a run that breaks the rules is a crash and never an empty list of diagnostics: an exit code that is none of 0, 1 and 2 [2159.40ms]
(pass) default check > a run that breaks the rules is a crash and never an empty list of diagnostics: the exit code of a refusal [2143.70ms]
(pass) default check > a run that breaks the rules is a crash and never an empty list of diagnostics: a line of no form [2140.76ms]
(pass) default check > a run that breaks the rules is a crash and never an empty list of diagnostics: an error and the exit code 0 [2140.59ms]
(pass) default check > a run that breaks the rules is a crash and never an empty list of diagnostics: no error and the exit code 2 [2140.44ms]
(pass) default check > a run that breaks the rules is a crash and never an empty list of diagnostics: a file that is not of the instance [2140.19ms]
(pass) default check > a run that breaks the rules is a crash and never an empty list of diagnostics: text on stdout [2140.32ms]
(pass) default check > a run that breaks the rules is a crash and never an empty list of diagnostics: a signal [2174.47ms]
(pass) default check > a run that breaks the rules is a crash and never an empty list of diagnostics: a diagnostic of a rule [2180.50ms]
(pass) default check > never equal to an oracle without errors: a stand-in [2219.14ms]
(pass) default check > a run that breaks the rules is a crash and never an empty list of diagnostics: an error of the command [2219.93ms]
(pass) default check > never equal to an oracle without errors: the code -1 [2318.65ms]
(pass) listed instances > a batch passes when the oracle is replayed, and fails its names of list E when nothing is reported [12.30ms]
(pass) listed instances > a name in the list of the other class, a skipped instance and a name of no instance are failures [1.24ms]
(pass) expectations.json > is in the form that the update writes [0.05ms]

 105 pass
 0 fail
 171 expect() calls
Ran 105 tests across 1 file. [14.55s]
TIME real 14.676 user 2.084 sys 0.833
exit 0
