loadavg 742.45 732.07 698.47 237/29889 549512
bun test v1.4.3-canary.1 (367d939d9)

test/cli/lint/conformance.test.ts:
(pass) reference > the pinned answers are those of the commits that UPSTREAM names [0.21ms]
(pass) reference > the corpus holds the cases, the baselines and the lists of the pinned commits [6.60ms]
(pass) reference > the list has the instances of the reference's run: 14,915, of which 12,797 run and 2,118 are skipped [71.10ms]
(pass) reference > the case and space tables are those of Go [77.69ms]
(pass) directives > the vectors of the reference parser [11.20ms]
(pass) variations > 72 of the 126 declared options vary [0.13ms]
(pass) variations > no setting [0.89ms]
(pass) variations > one value [0.52ms]
(pass) variations > two values [0.15ms]
(pass) variations > a value twice [0.05ms]
(pass) variations > one value by two names keeps the first name [0.01ms]
(pass) variations > the cross product, keys sorted in the name [0.04ms]
(pass) variations > the last occurrence wins [0.01ms]
(pass) variations > every value [0.01ms]
(pass) variations > every value but one [0.96ms]
(pass) variations > every value but one leaves nothing to vary [0.03ms]
(pass) variations > a value that is taken out again [0.04ms]
(pass) variations > a name in upper case [0.02ms]
(pass) variations > an option that does not vary
(pass) variations > a set of variations that is empty stops the case [0.14ms]
(pass) variations > 25 variations are the most [1.49ms]
(pass) enumerator > the sample holds cases of both suites [0.42ms]
(pass) enumerator > the instances of one of 40 cases are their lines of the list: group 1 [41.24ms]
(pass) enumerator > the instances of one of 40 cases are their lines of the list: group 2 [9.26ms]
(pass) enumerator > the instances of one of 40 cases are their lines of the list: group 3 [5.77ms]
(pass) enumerator > the instances of one of 40 cases are their lines of the list: group 4 [7.35ms]
(pass) enumerator > the instances of one of 40 cases are their lines of the list: group 5 [7.19ms]
(pass) enumerator > the instances of one of 40 cases are their lines of the list: group 6 [2.51ms]
(pass) enumerator > the instances of one of 40 cases are their lines of the list: group 7 [6.61ms]
(pass) enumerator > the instances of one of 40 cases are their lines of the list: group 8 [1.87ms]
(pass) enumerator > the instances of one of 40 cases are their lines of the list: group 9 [2.72ms]
(pass) enumerator > 45 cases are left out by name and 8 are run for their diagnostics alone [1.48ms]
(pass) enumerator > every instance is its line of the list, and the counts are those of the reference [853.86ms]
(pass) error baselines > the sample is 200 files of both tools, and holds the files in the pretty form [2.24ms]
(pass) error baselines > read and written again, the bytes are the same: group 1 [15.58ms]
(pass) error baselines > read and written again, the bytes are the same: group 2 [1.33ms]
(pass) error baselines > read and written again, the bytes are the same: group 3 [4.06ms]
(pass) error baselines > read and written again, the bytes are the same: group 4 [12.77ms]
(pass) error baselines > read and written again, the bytes are the same: group 5 [2.03ms]
(pass) error baselines > read and written again, the bytes are the same: group 6 [4.03ms]
(pass) error baselines > read and written again, the bytes are the same: group 7 [3.52ms]
(pass) error baselines > read and written again, the bytes are the same: group 8 [6.38ms]
(pass) error baselines > read and written again, the bytes are the same: group 9 [3.69ms]
(pass) error baselines > read and written again, the bytes are the same: group 10 [10.47ms]
(pass) error baselines > read and written again, the bytes are the same: group 11 [5.29ms]
(pass) error baselines > read and written again, the bytes are the same: group 12 [3.12ms]
(pass) run > the bytes of the baseline are the bytes of the oracle, or it is no pass [2.65ms]
(pass) run > a check that reports nothing passes no instance with errors, and a diagnostic fails an instance without [0.26ms]
(pass) run > the first section alone, which is all that the plain format holds, is reported apart and is never a pass [0.68ms]
(pass) run > what is no list of diagnostics of the instance is no pass [0.39ms]
(pass) run > replayed oracles pass and a check that reports nothing passes no instance with errors: group 1 [11.91ms]
(pass) run > replayed oracles pass and a check that reports nothing passes no instance with errors: group 2 [2.73ms]
(pass) run > replayed oracles pass and a check that reports nothing passes no instance with errors: group 3 [3.21ms]
(pass) run > replayed oracles pass and a check that reports nothing passes no instance with errors: group 4 [2.72ms]
(pass) run > replayed oracles pass and a check that reports nothing passes no instance with errors: group 5 [11.91ms]
(pass) run > replayed oracles pass and a check that reports nothing passes no instance with errors: group 6 [3.21ms]
(pass) run > replayed oracles pass and a check that reports nothing passes no instance with errors: group 7 [13.32ms]
(pass) run > the sample had instances with errors and without [0.15ms]
(pass) expectations > the file has one form [0.29ms]
(pass) expectations > a listed name that does not pass is a failure, and a name that passes enters and never leaves [1.26ms]
(pass) expectations > the names that pass and are not listed are printed with the one command that adds them [0.14ms]
(pass) expectations > a check that reports nothing adds no name: list C takes no more names of a directory than list E has [0.06ms]
(pass) plain format > one located diagnostic [0.31ms]
(pass) plain format > empty text is an empty list [0.03ms]
(pass) plain format > a chain: two spaces per level, siblings and a way back up [0.19ms]
(pass) plain format > a line that is deeper than one level below the line before keeps its spaces [0.14ms]
(pass) plain format > names: spaces, parentheses, a drive, a line break of Windows [0.07ms]
(pass) plain format > a line that starts with a category has no file [0.03ms]
(pass) plain format > the code of a rule [0.03ms]
(pass) plain format > a text with a crash report is refused whole [0.04ms]
(pass) plain format > a text with a code frame is refused whole
(pass) plain format > a text with an empty line is refused whole
(pass) plain format > a text with a chain line first is refused whole
(pass) plain format > a text with one space is refused whole
(pass) plain format > a text with spaces only is refused whole
(pass) plain format > a text with no line break at the end is refused whole
(pass) plain format > a text with no code is refused whole
(pass) plain format > a text with a summary is refused whole
(pass) plain format > a text with line zero is refused whole
(pass) plain format > a text with an unknown category is refused whole
(pass) plain format > a text with a debug log is refused whole
(pass) plain format > the first section of the baselines of one of 250 cases is the plain format [12.79ms]
(pass) default check > the probe: a command that is no file [24.11ms]
(pass) default check > the probe: a command that dies [278.38ms]
(pass) default check > the probe: a command that runs its operand [392.07ms]
(pass) default check > the probe: a command that takes the flag and does nothing [412.27ms]
(pass) default check > a command that runs its operand gets no instance [343.20ms]
(pass) default check > the probe: a command that lints [665.81ms]
(pass) default check > a command that lints gets the written unit as its operand, and no diagnostic passes an instance without errors [1013.41ms]
(pass) default check > a run that breaks the rules is a crash and never an empty list of diagnostics: an exit code that is none of 0, 1 and 2 [962.77ms]
(pass) default check > stderr is read in the plain format, chain lines too: the first section is the oracle's, and that is no pass [995.53ms]
(pass) default check > a run that breaks the rules is a crash and never an empty list of diagnostics: a line of no form [959.25ms]
(pass) default check > a run that breaks the rules is a crash and never an empty list of diagnostics: an error and the exit code 0 [959.08ms]
(pass) default check > a run that breaks the rules is a crash and never an empty list of diagnostics: no error and the exit code 2 [958.95ms]
(pass) default check > a run that breaks the rules is a crash and never an empty list of diagnostics: text on stdout [958.82ms]
(pass) default check > a run that breaks the rules is a crash and never an empty list of diagnostics: the exit code of a refusal [962.02ms]
(pass) default check > a run that breaks the rules is a crash and never an empty list of diagnostics: a file that is not of the instance [958.70ms]
(pass) default check > a run that breaks the rules is a crash and never an empty list of diagnostics: a signal [907.68ms]
(pass) default check > a run that breaks the rules is a crash and never an empty list of diagnostics: an error of the command [908.21ms]
(pass) default check > a run that breaks the rules is a crash and never an empty list of diagnostics: a diagnostic of a rule [1099.08ms]
(pass) default check > never equal to an oracle without errors: a stand-in [1100.42ms]
(pass) default check > never equal to an oracle without errors: the code -1 [1121.47ms]
(pass) listed instances > a batch passes when the oracle is replayed, and fails its names of list E when nothing is reported [9.21ms]
(pass) listed instances > a name in the list of the other class, a skipped instance and a name of no instance are failures [0.64ms]
(pass) expectations.json > is in the form that the update writes [0.04ms]

 105 pass
 0 fail
 171 expect() calls
Ran 105 tests across 1 file. [3.40s]
TIME real 3.459 user 1.742 sys 0.515
exit 0
