loadavg 751.74 733.21 698.29 335/30606 549003
bun test v1.4.3-canary.1 (367d939d9)

test/cli/lint/conformance.test.ts:
(pass) reference > the pinned answers are those of the commits that UPSTREAM names [0.17ms]
(pass) reference > the corpus holds the cases, the baselines and the lists of the pinned commits [5.85ms]
(pass) reference > the list has the instances of the reference's run: 14,915, of which 12,797 run and 2,118 are skipped [130.90ms]
(pass) reference > the case and space tables are those of Go [85.10ms]
(pass) directives > the vectors of the reference parser [12.07ms]
(pass) variations > 72 of the 126 declared options vary [0.13ms]
(pass) variations > no setting [0.15ms]
(pass) variations > one value [2.55ms]
(pass) variations > two values [0.13ms]
(pass) variations > a value twice [0.04ms]
(pass) variations > one value by two names keeps the first name [0.01ms]
(pass) variations > the cross product, keys sorted in the name [0.03ms]
(pass) variations > the last occurrence wins
(pass) variations > every value [0.01ms]
(pass) variations > every value but one [0.90ms]
(pass) variations > every value but one leaves nothing to vary [0.03ms]
(pass) variations > a value that is taken out again [0.02ms]
(pass) variations > a name in upper case [0.01ms]
(pass) variations > an option that does not vary
(pass) variations > a set of variations that is empty stops the case [0.10ms]
(pass) variations > 25 variations are the most [0.29ms]
(pass) enumerator > the sample holds cases of both suites [0.20ms]
(pass) enumerator > the instances of one of 40 cases are their lines of the list: group 1 [20.52ms]
(pass) enumerator > the instances of one of 40 cases are their lines of the list: group 2 [10.68ms]
(pass) enumerator > the instances of one of 40 cases are their lines of the list: group 3 [6.24ms]
(pass) enumerator > the instances of one of 40 cases are their lines of the list: group 4 [5.04ms]
(pass) enumerator > the instances of one of 40 cases are their lines of the list: group 5 [6.45ms]
(pass) enumerator > the instances of one of 40 cases are their lines of the list: group 6 [3.26ms]
(pass) enumerator > the instances of one of 40 cases are their lines of the list: group 7 [6.89ms]
(pass) enumerator > the instances of one of 40 cases are their lines of the list: group 8 [8.95ms]
(pass) enumerator > the instances of one of 40 cases are their lines of the list: group 9 [0.41ms]
(pass) enumerator > 45 cases are left out by name and 8 are run for their diagnostics alone [0.92ms]
(pass) enumerator > every instance is its line of the list, and the counts are those of the reference [757.75ms]
(pass) error baselines > the sample is 200 files of both tools, and holds the files in the pretty form [0.79ms]
(pass) error baselines > read and written again, the bytes are the same: group 1 [17.08ms]
(pass) error baselines > read and written again, the bytes are the same: group 2 [1.02ms]
(pass) error baselines > read and written again, the bytes are the same: group 3 [4.67ms]
(pass) error baselines > read and written again, the bytes are the same: group 4 [7.14ms]
(pass) error baselines > read and written again, the bytes are the same: group 5 [1.48ms]
(pass) error baselines > read and written again, the bytes are the same: group 6 [3.30ms]
(pass) error baselines > read and written again, the bytes are the same: group 7 [2.70ms]
(pass) error baselines > read and written again, the bytes are the same: group 8 [3.95ms]
(pass) error baselines > read and written again, the bytes are the same: group 9 [3.25ms]
(pass) error baselines > read and written again, the bytes are the same: group 10 [5.46ms]
(pass) error baselines > read and written again, the bytes are the same: group 11 [2.78ms]
(pass) error baselines > read and written again, the bytes are the same: group 12 [1.80ms]
(pass) run > the bytes of the baseline are the bytes of the oracle, or it is no pass [2.17ms]
(pass) run > a check that reports nothing passes no instance with errors, and a diagnostic fails an instance without [0.20ms]
(pass) run > the first section alone, which is all that the plain format holds, is reported apart and is never a pass [0.36ms]
(pass) run > what is no list of diagnostics of the instance is no pass [0.31ms]
(pass) run > replayed oracles pass and a check that reports nothing passes no instance with errors: group 1 [16.04ms]
(pass) run > replayed oracles pass and a check that reports nothing passes no instance with errors: group 2 [2.43ms]
(pass) run > replayed oracles pass and a check that reports nothing passes no instance with errors: group 3 [3.84ms]
(pass) run > replayed oracles pass and a check that reports nothing passes no instance with errors: group 4 [1.80ms]
(pass) run > replayed oracles pass and a check that reports nothing passes no instance with errors: group 5 [7.68ms]
(pass) run > replayed oracles pass and a check that reports nothing passes no instance with errors: group 6 [4.63ms]
(pass) run > replayed oracles pass and a check that reports nothing passes no instance with errors: group 7 [3.77ms]
(pass) run > the sample had instances with errors and without [0.07ms]
(pass) expectations > the file has one form [0.21ms]
(pass) expectations > a listed name that does not pass is a failure, and a name that passes enters and never leaves [0.90ms]
(pass) expectations > the names that pass and are not listed are printed with the one command that adds them [0.10ms]
(pass) expectations > a check that reports nothing adds no name: list C takes no more names of a directory than list E has [0.05ms]
(pass) plain format > one located diagnostic [0.21ms]
(pass) plain format > empty text is an empty list [0.01ms]
(pass) plain format > a chain: two spaces per level, siblings and a way back up [0.12ms]
(pass) plain format > a line that is deeper than one level below the line before keeps its spaces [0.08ms]
(pass) plain format > names: spaces, parentheses, a drive, a line break of Windows [0.05ms]
(pass) plain format > a line that starts with a category has no file [0.02ms]
(pass) plain format > the code of a rule [0.04ms]
(pass) plain format > a text with a crash report is refused whole [0.03ms]
(pass) plain format > a text with a code frame is refused whole
(pass) plain format > a text with an empty line is refused whole
(pass) plain format > a text with a chain line first is refused whole
(pass) plain format > a text with one space is refused whole
(pass) plain format > a text with spaces only is refused whole
(pass) plain format > a text with no line break at the end is refused whole
(pass) plain format > a text with no code is refused whole
(pass) plain format > a text with a summary is refused whole
(pass) plain format > a text with line zero is refused whole
(pass) plain format > a text with an unknown category is refused whole
(pass) plain format > a text with a debug log is refused whole
(pass) plain format > the first section of the baselines of one of 250 cases is the plain format [6.35ms]
(pass) default check > the probe: a command that is no file [40.17ms]
(pass) default check > the probe: a command that dies [516.67ms]
(pass) default check > the probe: a command that runs its operand [545.59ms]
(pass) default check > the probe: a command that takes the flag and does nothing [527.86ms]
(pass) default check > the probe: a command that lints [772.32ms]
(pass) default check > a command that runs its operand gets no instance [694.43ms]
(pass) default check > a command that lints gets the written unit as its operand, and no diagnostic passes an instance without errors [2305.48ms]
(pass) default check > stderr is read in the plain format, chain lines too: the first section is the oracle's, and that is no pass [2300.71ms]
(pass) default check > a run that breaks the rules is a crash and never an empty list of diagnostics: a line of no form [2255.16ms]
(pass) default check > a run that breaks the rules is a crash and never an empty list of diagnostics: the exit code of a refusal [2255.31ms]
(pass) default check > a run that breaks the rules is a crash and never an empty list of diagnostics: an exit code that is none of 0, 1 and 2 [2255.69ms]
(pass) default check > a run that breaks the rules is a crash and never an empty list of diagnostics: no error and the exit code 2 [2254.91ms]
(pass) default check > a run that breaks the rules is a crash and never an empty list of diagnostics: an error and the exit code 0 [2255.04ms]
(pass) default check > a run that breaks the rules is a crash and never an empty list of diagnostics: text on stdout [2254.72ms]
(pass) default check > a run that breaks the rules is a crash and never an empty list of diagnostics: a signal [2254.18ms]
(pass) default check > a run that breaks the rules is a crash and never an empty list of diagnostics: a file that is not of the instance [2254.58ms]
(pass) default check > a run that breaks the rules is a crash and never an empty list of diagnostics: an error of the command [2256.92ms]
(pass) default check > a run that breaks the rules is a crash and never an empty list of diagnostics: a diagnostic of a rule [2380.78ms]
(pass) default check > never equal to an oracle without errors: a stand-in [2621.05ms]
(pass) default check > never equal to an oracle without errors: the code -1 [2656.27ms]
(pass) listed instances > a batch passes when the oracle is replayed, and fails its names of list E when nothing is reported [6.47ms]
(pass) listed instances > a name in the list of the other class, a skipped instance and a name of no instance are failures [0.50ms]
(pass) expectations.json > is in the form that the update writes [0.03ms]

 105 pass
 0 fail
 171 expect() calls
Ran 105 tests across 1 file. [4.38s]
TIME real 4.406 user 1.500 sys 0.403
exit 0
