loadavg 722.11 724.90 693.62 190/30813 547581
bun test v1.4.3-canary.1 (367d939d9)

test/cli/lint/conformance.test.ts:
(pass) reference > the pinned answers are those of the commits that UPSTREAM names [6.62ms]
(pass) reference > the corpus holds the cases, the baselines and the lists of the pinned commits [6.10ms]
(pass) reference > the list has the instances of the reference's run: 14,915, of which 12,797 run and 2,118 are skipped [332.78ms]
(pass) reference > the case and space tables are those of Go [129.54ms]
(pass) directives > the vectors of the reference parser [14.71ms]
(pass) variations > 72 of the 126 declared options vary [0.22ms]
(pass) variations > no setting [0.17ms]
(pass) variations > one value [0.38ms]
(pass) variations > two values [0.10ms]
(pass) variations > a value twice [0.04ms]
(pass) variations > one value by two names keeps the first name [0.02ms]
(pass) variations > the cross product, keys sorted in the name [0.03ms]
(pass) variations > the last occurrence wins
(pass) variations > every value [0.01ms]
(pass) variations > every value but one [0.69ms]
(pass) variations > every value but one leaves nothing to vary [0.02ms]
(pass) variations > a value that is taken out again [0.71ms]
(pass) variations > a name in upper case [0.03ms]
(pass) variations > an option that does not vary
(pass) variations > a set of variations that is empty stops the case [0.09ms]
(pass) variations > 25 variations are the most [1.57ms]
(pass) enumerator > the sample holds cases of both suites [0.41ms]
(pass) enumerator > the instances of one of 40 cases are their lines of the list: group 1 [25.57ms]
(pass) enumerator > the instances of one of 40 cases are their lines of the list: group 2 [7.33ms]
(pass) enumerator > the instances of one of 40 cases are their lines of the list: group 3 [9.82ms]
(pass) enumerator > the instances of one of 40 cases are their lines of the list: group 4 [10.48ms]
(pass) enumerator > the instances of one of 40 cases are their lines of the list: group 5 [5.24ms]
(pass) enumerator > the instances of one of 40 cases are their lines of the list: group 6 [5.14ms]
(pass) enumerator > the instances of one of 40 cases are their lines of the list: group 7 [6.78ms]
(pass) enumerator > the instances of one of 40 cases are their lines of the list: group 8 [4.76ms]
(pass) enumerator > the instances of one of 40 cases are their lines of the list: group 9 [0.80ms]
(pass) enumerator > 45 cases are left out by name and 8 are run for their diagnostics alone [1.08ms]
(pass) enumerator > every instance is its line of the list, and the counts are those of the reference [1073.97ms]
(pass) error baselines > the sample is 200 files of both tools, and holds the files in the pretty form [0.36ms]
(pass) error baselines > read and written again, the bytes are the same: group 1 [20.90ms]
(pass) error baselines > read and written again, the bytes are the same: group 2 [2.50ms]
(pass) error baselines > read and written again, the bytes are the same: group 3 [5.80ms]
(pass) error baselines > read and written again, the bytes are the same: group 4 [15.61ms]
(pass) error baselines > read and written again, the bytes are the same: group 5 [2.17ms]
(pass) error baselines > read and written again, the bytes are the same: group 6 [4.14ms]
(pass) error baselines > read and written again, the bytes are the same: group 7 [2.87ms]
(pass) error baselines > read and written again, the bytes are the same: group 8 [5.51ms]
(pass) error baselines > read and written again, the bytes are the same: group 9 [4.23ms]
(pass) error baselines > read and written again, the bytes are the same: group 10 [8.90ms]
(pass) error baselines > read and written again, the bytes are the same: group 11 [6.90ms]
(pass) error baselines > read and written again, the bytes are the same: group 12 [3.99ms]
(pass) run > the bytes of the baseline are the bytes of the oracle, or it is no pass [3.39ms]
(pass) run > a check that reports nothing passes no instance with errors, and a diagnostic fails an instance without [0.24ms]
(pass) run > the first section alone, which is all that the plain format holds, is reported apart and is never a pass [0.42ms]
(pass) run > what is no list of diagnostics of the instance is no pass [0.45ms]
(pass) run > replayed oracles pass and a check that reports nothing passes no instance with errors: group 1 [25.55ms]
(pass) run > replayed oracles pass and a check that reports nothing passes no instance with errors: group 2 [6.45ms]
(pass) run > replayed oracles pass and a check that reports nothing passes no instance with errors: group 3 [4.97ms]
(pass) run > replayed oracles pass and a check that reports nothing passes no instance with errors: group 4 [1.70ms]
(pass) run > replayed oracles pass and a check that reports nothing passes no instance with errors: group 5 [11.44ms]
(pass) run > replayed oracles pass and a check that reports nothing passes no instance with errors: group 6 [5.72ms]
(pass) run > replayed oracles pass and a check that reports nothing passes no instance with errors: group 7 [5.00ms]
(pass) run > the sample had instances with errors and without [0.16ms]
(pass) expectations > the file has one form [0.41ms]
(pass) expectations > a listed name that does not pass is a failure, and a name that passes enters and never leaves [2.89ms]
(pass) expectations > the names that pass and are not listed are printed with the one command that adds them [0.24ms]
(pass) expectations > a check that reports nothing adds no name: list C takes no more names of a directory than list E has [0.16ms]
(pass) plain format > one located diagnostic [0.46ms]
(pass) plain format > empty text is an empty list [0.02ms]
(pass) plain format > a chain: two spaces per level, siblings and a way back up [0.19ms]
(pass) plain format > a line that is deeper than one level below the line before keeps its spaces [0.05ms]
(pass) plain format > names: spaces, parentheses, a drive, a line break of Windows [0.05ms]
(pass) plain format > a line that starts with a category has no file [0.02ms]
(pass) plain format > the code of a rule [0.02ms]
(pass) plain format > a text with a crash report is refused whole [0.02ms]
(pass) plain format > a text with a code frame is refused whole [0.03ms]
(pass) plain format > a text with an empty line is refused whole [0.02ms]
(pass) plain format > a text with a chain line first is refused whole
(pass) plain format > a text with one space is refused whole
(pass) plain format > a text with spaces only is refused whole
(pass) plain format > a text with no line break at the end is refused whole
(pass) plain format > a text with no code is refused whole
(pass) plain format > a text with a summary is refused whole
(pass) plain format > a text with line zero is refused whole
(pass) plain format > a text with an unknown category is refused whole
(pass) plain format > a text with a debug log is refused whole
(pass) plain format > the first section of the baselines of one of 250 cases is the plain format [9.56ms]
(pass) default check > the probe: a command that is no file [131.80ms]
(pass) default check > the probe: a command that dies [558.24ms]
(pass) default check > the probe: a command that runs its operand [775.90ms]
(pass) default check > the probe: a command that takes the flag and does nothing [770.13ms]
(pass) default check > a command that runs its operand gets no instance [406.00ms]
(pass) default check > the probe: a command that lints [1187.49ms]
(pass) default check > a command that lints gets the written unit as its operand, and no diagnostic passes an instance without errors [2150.80ms]
(pass) default check > a run that breaks the rules is a crash and never an empty list of diagnostics: an exit code that is none of 0, 1 and 2 [1920.68ms]
(pass) default check > stderr is read in the plain format, chain lines too: the first section is the oracle's, and that is no pass [1973.51ms]
(pass) default check > a run that breaks the rules is a crash and never an empty list of diagnostics: the exit code of a refusal [1920.18ms]
(pass) default check > a run that breaks the rules is a crash and never an empty list of diagnostics: a line of no form [1919.95ms]
(pass) default check > a run that breaks the rules is a crash and never an empty list of diagnostics: an error and the exit code 0 [1919.49ms]
(pass) default check > a run that breaks the rules is a crash and never an empty list of diagnostics: no error and the exit code 2 [1919.34ms]
(pass) default check > a run that breaks the rules is a crash and never an empty list of diagnostics: text on stdout [1919.21ms]
(pass) default check > a run that breaks the rules is a crash and never an empty list of diagnostics: a file that is not of the instance [1919.10ms]
(pass) default check > a run that breaks the rules is a crash and never an empty list of diagnostics: an error of the command [1918.99ms]
(pass) default check > a run that breaks the rules is a crash and never an empty list of diagnostics: a signal [1930.53ms]
(pass) default check > a run that breaks the rules is a crash and never an empty list of diagnostics: a diagnostic of a rule [2038.55ms]
(pass) default check > never equal to an oracle without errors: a stand-in [2135.63ms]
(pass) default check > never equal to an oracle without errors: the code -1 [2377.09ms]
(pass) listed instances > a batch passes when the oracle is replayed, and fails its names of list E when nothing is reported [11.07ms]
(pass) listed instances > a name in the list of the other class, a skipped instance and a name of no instance are failures [0.95ms]
(pass) expectations.json > is in the form that the update writes [0.04ms]

 105 pass
 0 fail
 171 expect() calls
Ran 105 tests across 1 file. [5.45s]
TIME real 5.645 user 1.573 sys 0.426
exit 0
