loadavg 750.17 731.91 697.30 322/31053 548511
bun test v1.4.3-canary.1 (367d939d9)

test/cli/lint/conformance.test.ts:
(pass) reference > the pinned answers are those of the commits that UPSTREAM names [0.23ms]
(pass) reference > the corpus holds the cases, the baselines and the lists of the pinned commits [7.42ms]
(pass) reference > the list has the instances of the reference's run: 14,915, of which 12,797 run and 2,118 are skipped [473.06ms]
(pass) reference > the case and space tables are those of Go [79.50ms]
(pass) directives > the vectors of the reference parser [15.18ms]
(pass) variations > 72 of the 126 declared options vary [0.15ms]
(pass) variations > no setting [0.20ms]
(pass) variations > one value [1.04ms]
(pass) variations > two values [0.22ms]
(pass) variations > a value twice [0.07ms]
(pass) variations > one value by two names keeps the first name [0.01ms]
(pass) variations > the cross product, keys sorted in the name [0.04ms]
(pass) variations > the last occurrence wins
(pass) variations > every value [0.01ms]
(pass) variations > every value but one [1.00ms]
(pass) variations > every value but one leaves nothing to vary [0.03ms]
(pass) variations > a value that is taken out again [0.08ms]
(pass) variations > a name in upper case [0.02ms]
(pass) variations > an option that does not vary
(pass) variations > a set of variations that is empty stops the case [0.21ms]
(pass) variations > 25 variations are the most [1.79ms]
(pass) enumerator > the sample holds cases of both suites [0.62ms]
(pass) enumerator > the instances of one of 40 cases are their lines of the list: group 1 [27.94ms]
(pass) enumerator > the instances of one of 40 cases are their lines of the list: group 2 [16.07ms]
(pass) enumerator > the instances of one of 40 cases are their lines of the list: group 3 [9.45ms]
(pass) enumerator > the instances of one of 40 cases are their lines of the list: group 4 [9.01ms]
(pass) enumerator > the instances of one of 40 cases are their lines of the list: group 5 [6.02ms]
(pass) enumerator > the instances of one of 40 cases are their lines of the list: group 6 [6.24ms]
(pass) enumerator > the instances of one of 40 cases are their lines of the list: group 7 [7.90ms]
(pass) enumerator > the instances of one of 40 cases are their lines of the list: group 8 [11.33ms]
(pass) enumerator > the instances of one of 40 cases are their lines of the list: group 9 [0.66ms]
(pass) enumerator > 45 cases are left out by name and 8 are run for their diagnostics alone [5.12ms]
(pass) enumerator > every instance is its line of the list, and the counts are those of the reference [700.27ms]
(pass) error baselines > the sample is 200 files of both tools, and holds the files in the pretty form [0.52ms]
(pass) error baselines > read and written again, the bytes are the same: group 1 [14.48ms]
(pass) error baselines > read and written again, the bytes are the same: group 2 [1.08ms]
(pass) error baselines > read and written again, the bytes are the same: group 3 [2.67ms]
(pass) error baselines > read and written again, the bytes are the same: group 4 [9.65ms]
(pass) error baselines > read and written again, the bytes are the same: group 5 [2.19ms]
(pass) error baselines > read and written again, the bytes are the same: group 6 [4.09ms]
(pass) error baselines > read and written again, the bytes are the same: group 7 [3.32ms]
(pass) error baselines > read and written again, the bytes are the same: group 8 [4.53ms]
(pass) error baselines > read and written again, the bytes are the same: group 9 [3.50ms]
(pass) error baselines > read and written again, the bytes are the same: group 10 [5.48ms]
(pass) error baselines > read and written again, the bytes are the same: group 11 [7.51ms]
(pass) error baselines > read and written again, the bytes are the same: group 12 [2.44ms]
(pass) run > the bytes of the baseline are the bytes of the oracle, or it is no pass [4.60ms]
(pass) run > a check that reports nothing passes no instance with errors, and a diagnostic fails an instance without [0.30ms]
(pass) run > the first section alone, which is all that the plain format holds, is reported apart and is never a pass [0.52ms]
(pass) run > what is no list of diagnostics of the instance is no pass [0.34ms]
(pass) run > replayed oracles pass and a check that reports nothing passes no instance with errors: group 1 [18.32ms]
(pass) run > replayed oracles pass and a check that reports nothing passes no instance with errors: group 2 [3.00ms]
(pass) run > replayed oracles pass and a check that reports nothing passes no instance with errors: group 3 [3.04ms]
(pass) run > replayed oracles pass and a check that reports nothing passes no instance with errors: group 4 [2.17ms]
(pass) run > replayed oracles pass and a check that reports nothing passes no instance with errors: group 5 [5.83ms]
(pass) run > replayed oracles pass and a check that reports nothing passes no instance with errors: group 6 [2.52ms]
(pass) run > replayed oracles pass and a check that reports nothing passes no instance with errors: group 7 [3.79ms]
(pass) run > the sample had instances with errors and without [0.08ms]
(pass) expectations > the file has one form [0.20ms]
(pass) expectations > a listed name that does not pass is a failure, and a name that passes enters and never leaves [0.55ms]
(pass) expectations > the names that pass and are not listed are printed with the one command that adds them [0.42ms]
(pass) expectations > a check that reports nothing adds no name: list C takes no more names of a directory than list E has [0.04ms]
(pass) plain format > one located diagnostic [0.23ms]
(pass) plain format > empty text is an empty list [0.01ms]
(pass) plain format > a chain: two spaces per level, siblings and a way back up [0.18ms]
(pass) plain format > a line that is deeper than one level below the line before keeps its spaces [0.03ms]
(pass) plain format > names: spaces, parentheses, a drive, a line break of Windows [0.05ms]
(pass) plain format > a line that starts with a category has no file [0.02ms]
(pass) plain format > the code of a rule [0.02ms]
(pass) plain format > a text with a crash report is refused whole [0.02ms]
(pass) plain format > a text with a code frame is refused whole
(pass) plain format > a text with an empty line is refused whole
(pass) plain format > a text with a chain line first is refused whole
(pass) plain format > a text with one space is refused whole
(pass) plain format > a text with spaces only is refused whole
(pass) plain format > a text with no line break at the end is refused whole
(pass) plain format > a text with no code is refused whole
(pass) plain format > a text with a summary is refused whole
(pass) plain format > a text with line zero is refused whole
(pass) plain format > a text with an unknown category is refused whole
(pass) plain format > a text with a debug log is refused whole
(pass) plain format > the first section of the baselines of one of 250 cases is the plain format [6.40ms]
(pass) default check > the probe: a command that is no file [104.74ms]
(pass) default check > the probe: a command that dies [590.02ms]
(pass) default check > the probe: a command that runs its operand [634.73ms]
(pass) default check > the probe: a command that takes the flag and does nothing [617.43ms]
(pass) default check > a command that runs its operand gets no instance [464.12ms]
(pass) default check > the probe: a command that lints [1048.97ms]
(pass) default check > a command that lints gets the written unit as its operand, and no diagnostic passes an instance without errors [2480.12ms]
(pass) default check > stderr is read in the plain format, chain lines too: the first section is the oracle's, and that is no pass [2332.53ms]
(pass) default check > a run that breaks the rules is a crash and never an empty list of diagnostics: an exit code that is none of 0, 1 and 2 [2216.38ms]
(pass) default check > a run that breaks the rules is a crash and never an empty list of diagnostics: the exit code of a refusal [2215.94ms]
(pass) default check > a run that breaks the rules is a crash and never an empty list of diagnostics: a line of no form [2215.81ms]
(pass) default check > a run that breaks the rules is a crash and never an empty list of diagnostics: no error and the exit code 2 [2215.56ms]
(pass) default check > a run that breaks the rules is a crash and never an empty list of diagnostics: text on stdout [2215.47ms]
(pass) default check > a run that breaks the rules is a crash and never an empty list of diagnostics: an error and the exit code 0 [2215.68ms]
(pass) default check > a run that breaks the rules is a crash and never an empty list of diagnostics: a file that is not of the instance [2215.38ms]
(pass) default check > a run that breaks the rules is a crash and never an empty list of diagnostics: a signal [2215.09ms]
(pass) default check > a run that breaks the rules is a crash and never an empty list of diagnostics: an error of the command [2215.29ms]
(pass) default check > a run that breaks the rules is a crash and never an empty list of diagnostics: a diagnostic of a rule [2224.60ms]
(pass) default check > never equal to an oracle without errors: a stand-in [2298.82ms]
(pass) default check > never equal to an oracle without errors: the code -1 [2338.84ms]
(pass) listed instances > a batch passes when the oracle is replayed, and fails its names of list E when nothing is reported [8.98ms]
(pass) listed instances > a name in the list of the other class, a skipped instance and a name of no instance are failures [0.56ms]
(pass) expectations.json > is in the form that the update writes [0.03ms]

 105 pass
 0 fail
 171 expect() calls
Ran 105 tests across 1 file. [5.86s]
TIME real 6.429 user 1.624 sys 0.424
exit 0
