loadavg 686.90 715.84 695.48 332/25681 551485
bun test v1.4.3-canary.1 (367d939d9)

test/cli/lint/conformance.test.ts:
(pass) reference > the pinned answers are those of the commits that UPSTREAM names [0.17ms]
(pass) reference > the corpus holds the cases, the baselines and the lists of the pinned commits [7.45ms]
(pass) reference > the list has the instances of the reference's run: 14,915, of which 12,797 run and 2,118 are skipped [252.95ms]
(pass) reference > the list is the run of the reference that is recorded: its subtests and the reasons of its skips [27.86ms]
(pass) reference > the corpus gives every instance of the list that runs the oracle of its class, and the counts are those of the reference [95.83ms]
(pass) reference > the case and space tables are those of Go [73.42ms]
(pass) directives > the vectors of the reference parser [14.70ms]
(pass) variations > 72 of the 126 declared options vary [0.32ms]
(pass) variations > no setting [0.21ms]
(pass) variations > one value [0.73ms]
(pass) variations > two values [0.12ms]
(pass) variations > a value twice [0.03ms]
(pass) variations > one value by two names keeps the first name [0.01ms]
(pass) variations > the cross product, keys sorted in the name [0.03ms]
(pass) variations > the last occurrence wins
(pass) variations > every value [0.01ms]
(pass) variations > every value but one [0.24ms]
(pass) variations > every value but one leaves nothing to vary [0.01ms]
(pass) variations > a value that is taken out again [0.77ms]
(pass) variations > a name in upper case [0.03ms]
(pass) variations > an option that does not vary
(pass) variations > a set of variations that is empty stops the case [0.12ms]
(pass) variations > 25 variations are the most [2.07ms]
(pass) enumerator > the sample holds cases of both suites, and an instance of every reason of a skip [1.64ms]
(pass) enumerator > the instances of one of 40 cases are their lines of the list: group 1 [51.72ms]
(pass) enumerator > the instances of one of 40 cases are their lines of the list: group 2 [57.10ms]
(pass) enumerator > the instances of one of 40 cases are their lines of the list: group 3 [52.22ms]
(pass) enumerator > the instances of one of 40 cases are their lines of the list: group 4 [38.44ms]
(pass) enumerator > the instances of one of 40 cases are their lines of the list: group 5 [33.45ms]
(pass) enumerator > the instances of one of 40 cases are their lines of the list: group 6 [57.49ms]
(pass) enumerator > the instances of one of 40 cases are their lines of the list: group 7 [49.43ms]
(pass) enumerator > the instances of one of 40 cases are their lines of the list: group 8 [38.09ms]
(pass) enumerator > the instances of one of 40 cases are their lines of the list: group 9 [26.28ms]
(pass) enumerator > 45 cases are left out by name and 8 are run for their diagnostics alone [6.18ms]
(pass) error baselines > the sample is 200 files of both tools, and holds the files in the pretty form [0.85ms]
(pass) error baselines > read and written again, the bytes are the same: group 1 [34.36ms]
(pass) error baselines > read and written again, the bytes are the same: group 2 [2.44ms]
(pass) error baselines > read and written again, the bytes are the same: group 3 [12.64ms]
(pass) error baselines > read and written again, the bytes are the same: group 4 [37.20ms]
(pass) error baselines > read and written again, the bytes are the same: group 5 [15.16ms]
(pass) error baselines > read and written again, the bytes are the same: group 6 [27.49ms]
(pass) error baselines > read and written again, the bytes are the same: group 7 [17.55ms]
(pass) error baselines > read and written again, the bytes are the same: group 8 [16.73ms]
(pass) error baselines > read and written again, the bytes are the same: group 9 [32.49ms]
(pass) error baselines > read and written again, the bytes are the same: group 10 [42.92ms]
(pass) error baselines > read and written again, the bytes are the same: group 11 [30.89ms]
(pass) error baselines > read and written again, the bytes are the same: group 12 [16.86ms]
(pass) run > the bytes of the baseline are the bytes of the oracle, or it is no pass [2.18ms]
(pass) run > a check that reports nothing passes no instance with errors, and a diagnostic fails an instance without [0.17ms]
(pass) run > the first section alone, which is all that the plain format holds, is reported apart and is never a pass [0.33ms]
(pass) run > what is no list of diagnostics of the instance is no pass [0.32ms]
(pass) run > replayed oracles pass and a check that reports nothing passes no instance with errors: group 1 [35.19ms]
(pass) run > replayed oracles pass and a check that reports nothing passes no instance with errors: group 2 [15.34ms]
(pass) run > replayed oracles pass and a check that reports nothing passes no instance with errors: group 3 [14.54ms]
(pass) run > replayed oracles pass and a check that reports nothing passes no instance with errors: group 4 [9.54ms]
(pass) run > replayed oracles pass and a check that reports nothing passes no instance with errors: group 5 [19.44ms]
(pass) run > replayed oracles pass and a check that reports nothing passes no instance with errors: group 6 [14.72ms]
(pass) run > replayed oracles pass and a check that reports nothing passes no instance with errors: group 7 [18.24ms]
(pass) run > the sample had instances with errors and without [0.10ms]
(pass) expectations > the file has one form [0.25ms]
(pass) expectations > a listed name that does not pass is a failure, and a name that passes enters and never leaves [0.50ms]
(pass) expectations > the names that pass and are not listed are printed with the one command that adds them [0.08ms]
(pass) expectations > a check that reports nothing adds no name: list C takes no more names of a directory than list E has [0.04ms]
(pass) plain format > one located diagnostic [0.24ms]
(pass) plain format > empty text is an empty list [0.01ms]
(pass) plain format > a chain: two spaces per level, siblings and a way back up [0.13ms]
(pass) plain format > a line that is deeper than one level below the line before keeps its spaces [0.03ms]
(pass) plain format > names: spaces, parentheses, a drive, a line break of Windows [0.03ms]
(pass) plain format > a line that starts with a category has no file [0.01ms]
(pass) plain format > the code of a rule [0.02ms]
(pass) plain format > a text with a crash report is refused whole [0.28ms]
(pass) plain format > a text with a code frame is refused whole
(pass) plain format > a text with an empty line is refused whole
(pass) plain format > a text with a chain line first is refused whole
(pass) plain format > a text with one space is refused whole
(pass) plain format > a text with spaces only is refused whole
(pass) plain format > a text with no line break at the end is refused whole
(pass) plain format > a text with no code is refused whole
(pass) plain format > a text with a summary is refused whole
(pass) plain format > a text with line zero is refused whole
(pass) plain format > a text with an unknown category is refused whole
(pass) plain format > a text with a debug log is refused whole
(pass) plain format > the first section of the baselines of one of 250 cases is the plain format [18.84ms]
(pass) default check > the probe: a command that is no file [279.10ms]
(pass) default check > the probe: a command that runs its operand [709.44ms]
(pass) default check > the probe: a command that dies [501.97ms]
(pass) default check > the probe: a command that takes the flag and does nothing [623.00ms]
(pass) default check > a command that runs its operand gets no instance [249.24ms]
(pass) default check > the probe: a command that lints [1860.98ms]
(pass) default check > a command that lints gets the written unit as its operand, and no diagnostic passes an instance without errors [1274.50ms]
(pass) default check > stderr is read in the plain format, chain lines too: the first section is the oracle's, and that is no pass [1240.08ms]
(pass) default check > a run that breaks the rules is a crash and never an empty list of diagnostics: an exit code that is none of 0, 1 and 2 [1194.61ms]
(pass) default check > a run that breaks the rules is a crash and never an empty list of diagnostics: the exit code of a refusal [1194.13ms]
(pass) default check > a run that breaks the rules is a crash and never an empty list of diagnostics: an error and the exit code 0 [1193.72ms]
(pass) default check > a run that breaks the rules is a crash and never an empty list of diagnostics: a line of no form [1193.92ms]
(pass) default check > a run that breaks the rules is a crash and never an empty list of diagnostics: no error and the exit code 2 [1193.56ms]
(pass) default check > a run that breaks the rules is a crash and never an empty list of diagnostics: text on stdout [1193.42ms]
(pass) default check > a run that breaks the rules is a crash and never an empty list of diagnostics: a file that is not of the instance [1196.36ms]
(pass) default check > a run that breaks the rules is a crash and never an empty list of diagnostics: an error of the command [1246.13ms]
(pass) default check > never equal to an oracle without errors: the code -1 [1359.34ms]
(pass) default check > a run that breaks the rules is a crash and never an empty list of diagnostics: a diagnostic of a rule [1361.03ms]
(pass) default check > a run that breaks the rules is a crash and never an empty list of diagnostics: a signal [1361.68ms]
(pass) default check > never equal to an oracle without errors: a stand-in [2330.52ms]
(pass) listed instances > a batch passes when the oracle is replayed, and fails its names of list E when nothing is reported [71.35ms]
(pass) listed instances > a name in the list of the other class, a skipped instance and a name of no instance are failures [6.53ms]
(pass) expectations.json > is in the form that the update writes [0.07ms]

 106 pass
 0 fail
 171 expect() calls
Ran 106 tests across 1 file. [4.84s]
TIME real 5.023 user 0.929 sys 0.372
exit 0
