loadavg 742.45 732.07 698.47 306/29615 549654
bun test v1.4.3-canary.1 (367d939d9)

test/cli/lint/conformance.test.ts:
(pass) reference > the pinned answers are those of the commits that UPSTREAM names [0.20ms]
(pass) reference > the corpus holds the cases, the baselines and the lists of the pinned commits [8.00ms]
(pass) reference > the list has the instances of the reference's run: 14,915, of which 12,797 run and 2,118 are skipped [238.99ms]
(pass) reference > the list is the run of the reference that is recorded: its subtests and the reasons of its skips [31.12ms]
(pass) reference > the corpus gives every instance of the list that runs the oracle of its class, and the counts are those of the reference [65.05ms]
(pass) reference > the case and space tables are those of Go [85.82ms]
(pass) directives > the vectors of the reference parser [13.51ms]
(pass) variations > 72 of the 126 declared options vary [0.24ms]
(pass) variations > no setting [0.22ms]
(pass) variations > one value [0.40ms]
(pass) variations > two values [0.14ms]
(pass) variations > a value twice [0.06ms]
(pass) variations > one value by two names keeps the first name [0.02ms]
(pass) variations > the cross product, keys sorted in the name [0.07ms]
(pass) variations > the last occurrence wins
(pass) variations > every value [0.02ms]
(pass) variations > every value but one [0.10ms]
(pass) variations > every value but one leaves nothing to vary
(pass) variations > a value that is taken out again [0.03ms]
(pass) variations > a name in upper case [0.01ms]
(pass) variations > an option that does not vary
(pass) variations > a set of variations that is empty stops the case [0.09ms]
(pass) variations > 25 variations are the most [0.44ms]
(pass) enumerator > the sample holds cases of both suites, and an instance of every reason of a skip [2.95ms]
(pass) enumerator > the instances of one of 40 cases are their lines of the list: group 1 [25.42ms]
(pass) enumerator > the instances of one of 40 cases are their lines of the list: group 2 [13.66ms]
(pass) enumerator > the instances of one of 40 cases are their lines of the list: group 3 [9.67ms]
(pass) enumerator > the instances of one of 40 cases are their lines of the list: group 4 [6.68ms]
(pass) enumerator > the instances of one of 40 cases are their lines of the list: group 5 [2.37ms]
(pass) enumerator > the instances of one of 40 cases are their lines of the list: group 6 [2.20ms]
(pass) enumerator > the instances of one of 40 cases are their lines of the list: group 7 [5.24ms]
(pass) enumerator > the instances of one of 40 cases are their lines of the list: group 8 [4.98ms]
(pass) enumerator > the instances of one of 40 cases are their lines of the list: group 9 [0.78ms]
(pass) enumerator > 45 cases are left out by name and 8 are run for their diagnostics alone [3.56ms]
(pass) error baselines > the sample is 200 files of both tools, and holds the files in the pretty form [0.29ms]
(pass) error baselines > read and written again, the bytes are the same: group 1 [35.17ms]
(pass) error baselines > read and written again, the bytes are the same: group 2 [0.67ms]
(pass) error baselines > read and written again, the bytes are the same: group 3 [6.89ms]
(pass) error baselines > read and written again, the bytes are the same: group 4 [35.88ms]
(pass) error baselines > read and written again, the bytes are the same: group 5 [3.29ms]
(pass) error baselines > read and written again, the bytes are the same: group 6 [9.56ms]
(pass) error baselines > read and written again, the bytes are the same: group 7 [8.07ms]
(pass) error baselines > read and written again, the bytes are the same: group 8 [10.00ms]
(pass) error baselines > read and written again, the bytes are the same: group 9 [9.01ms]
(pass) error baselines > read and written again, the bytes are the same: group 10 [20.47ms]
(pass) error baselines > read and written again, the bytes are the same: group 11 [14.35ms]
(pass) error baselines > read and written again, the bytes are the same: group 12 [1.42ms]
(pass) run > the bytes of the baseline are the bytes of the oracle, or it is no pass [3.49ms]
(pass) run > a check that reports nothing passes no instance with errors, and a diagnostic fails an instance without [0.21ms]
(pass) run > the first section alone, which is all that the plain format holds, is reported apart and is never a pass [0.29ms]
(pass) run > what is no list of diagnostics of the instance is no pass [0.23ms]
(pass) run > replayed oracles pass and a check that reports nothing passes no instance with errors: group 1 [16.72ms]
(pass) run > replayed oracles pass and a check that reports nothing passes no instance with errors: group 2 [1.90ms]
(pass) run > replayed oracles pass and a check that reports nothing passes no instance with errors: group 3 [13.99ms]
(pass) run > replayed oracles pass and a check that reports nothing passes no instance with errors: group 4 [4.94ms]
(pass) run > replayed oracles pass and a check that reports nothing passes no instance with errors: group 5 [9.04ms]
(pass) run > replayed oracles pass and a check that reports nothing passes no instance with errors: group 6 [2.56ms]
(pass) run > replayed oracles pass and a check that reports nothing passes no instance with errors: group 7 [1.87ms]
(pass) run > the sample had instances with errors and without [0.08ms]
(pass) expectations > the file has one form [0.27ms]
(pass) expectations > a listed name that does not pass is a failure, and a name that passes enters and never leaves [0.68ms]
(pass) expectations > the names that pass and are not listed are printed with the one command that adds them [0.10ms]
(pass) expectations > a check that reports nothing adds no name: list C takes no more names of a directory than list E has [0.05ms]
(pass) plain format > one located diagnostic [0.31ms]
(pass) plain format > empty text is an empty list [0.02ms]
(pass) plain format > a chain: two spaces per level, siblings and a way back up [0.17ms]
(pass) plain format > a line that is deeper than one level below the line before keeps its spaces [0.04ms]
(pass) plain format > names: spaces, parentheses, a drive, a line break of Windows [0.05ms]
(pass) plain format > a line that starts with a category has no file [0.02ms]
(pass) plain format > the code of a rule [0.02ms]
(pass) plain format > a text with a crash report is refused whole [0.02ms]
(pass) plain format > a text with a code frame is refused whole
(pass) plain format > a text with an empty line is refused whole
(pass) plain format > a text with a chain line first is refused whole
(pass) plain format > a text with one space is refused whole
(pass) plain format > a text with spaces only is refused whole
(pass) plain format > a text with no line break at the end is refused whole
(pass) plain format > a text with no code is refused whole [0.49ms]
(pass) plain format > a text with a summary is refused whole
(pass) plain format > a text with line zero is refused whole
(pass) plain format > a text with an unknown category is refused whole
(pass) plain format > a text with a debug log is refused whole
(pass) plain format > the first section of the baselines of one of 250 cases is the plain format [12.54ms]
(pass) default check > the probe: a command that is no file [236.33ms]
(pass) default check > the probe: a command that dies [776.43ms]
(pass) default check > the probe: a command that runs its operand [887.69ms]
(pass) default check > the probe: a command that takes the flag and does nothing [817.67ms]
(pass) default check > a command that runs its operand gets no instance [578.82ms]
(pass) default check > the probe: a command that lints [1245.29ms]
(pass) default check > a command that lints gets the written unit as its operand, and no diagnostic passes an instance without errors [1744.07ms]
(pass) default check > stderr is read in the plain format, chain lines too: the first section is the oracle's, and that is no pass [1714.36ms]
(pass) default check > a run that breaks the rules is a crash and never an empty list of diagnostics: an exit code that is none of 0, 1 and 2 [1683.29ms]
(pass) default check > a run that breaks the rules is a crash and never an empty list of diagnostics: the exit code of a refusal [1682.70ms]
(pass) default check > a run that breaks the rules is a crash and never an empty list of diagnostics: a line of no form [1682.45ms]
(pass) default check > a run that breaks the rules is a crash and never an empty list of diagnostics: an error and the exit code 0 [1682.29ms]
(pass) default check > a run that breaks the rules is a crash and never an empty list of diagnostics: no error and the exit code 2 [1674.71ms]
(pass) default check > a run that breaks the rules is a crash and never an empty list of diagnostics: text on stdout [1673.35ms]
(pass) default check > a run that breaks the rules is a crash and never an empty list of diagnostics: a file that is not of the instance [1673.18ms]
(pass) default check > a run that breaks the rules is a crash and never an empty list of diagnostics: an error of the command [1673.49ms]
(pass) default check > a run that breaks the rules is a crash and never an empty list of diagnostics: a signal [1706.59ms]
(pass) default check > a run that breaks the rules is a crash and never an empty list of diagnostics: a diagnostic of a rule [1706.97ms]
(pass) default check > never equal to an oracle without errors: the code -1 [1715.47ms]
(pass) default check > never equal to an oracle without errors: a stand-in [1763.79ms]
(pass) listed instances > a batch passes when the oracle is replayed, and fails its names of list E when nothing is reported [19.16ms]
(pass) listed instances > a name in the list of the other class, a skipped instance and a name of no instance are failures [0.68ms]
(pass) expectations.json > is in the form that the update writes [0.03ms]

 106 pass
 0 fail
 171 expect() calls
Ran 106 tests across 1 file. [3.97s]
TIME real 4.009 user 0.979 sys 0.343
exit 0
