loadavg 744.57 729.91 696.10 274/30757 548209
bun test v1.4.3-canary.1 (367d939d9)

test/cli/lint/conformance.test.ts:
(pass) reference > the pinned answers are those of the commits that UPSTREAM names [0.15ms]
(pass) reference > the corpus holds the cases, the baselines and the lists of the pinned commits [6.46ms]
(pass) reference > the list has the instances of the reference's run: 14,915, of which 12,797 run and 2,118 are skipped [427.31ms]
(pass) reference > the list is the run of the reference that is recorded: its subtests and the reasons of its skips [20.97ms]
(pass) reference > the corpus gives every instance of the list that runs the oracle of its class, and the counts are those of the reference [47.70ms]
(pass) reference > the case and space tables are those of Go [79.45ms]
(pass) directives > the vectors of the reference parser [18.05ms]
(pass) variations > 72 of the 126 declared options vary [0.16ms]
(pass) variations > no setting [0.18ms]
(pass) variations > one value [1.12ms]
(pass) variations > two values [0.12ms]
(pass) variations > a value twice [0.04ms]
(pass) variations > one value by two names keeps the first name [0.02ms]
(pass) variations > the cross product, keys sorted in the name [0.03ms]
(pass) variations > the last occurrence wins
(pass) variations > every value [0.01ms]
(pass) variations > every value but one [0.21ms]
(pass) variations > every value but one leaves nothing to vary [0.02ms]
(pass) variations > a value that is taken out again [0.52ms]
(pass) variations > a name in upper case [0.02ms]
(pass) variations > an option that does not vary
(pass) variations > a set of variations that is empty stops the case [0.10ms]
(pass) variations > 25 variations are the most [1.66ms]
(pass) enumerator > the sample holds cases of both suites, and an instance of every reason of a skip [1.54ms]
(pass) enumerator > the instances of one of 40 cases are their lines of the list: group 1 [15.25ms]
(pass) enumerator > the instances of one of 40 cases are their lines of the list: group 2 [14.49ms]
(pass) enumerator > the instances of one of 40 cases are their lines of the list: group 3 [7.94ms]
(pass) enumerator > the instances of one of 40 cases are their lines of the list: group 4 [8.56ms]
(pass) enumerator > the instances of one of 40 cases are their lines of the list: group 5 [6.80ms]
(pass) enumerator > the instances of one of 40 cases are their lines of the list: group 6 [3.90ms]
(pass) enumerator > the instances of one of 40 cases are their lines of the list: group 7 [7.48ms]
(pass) enumerator > the instances of one of 40 cases are their lines of the list: group 8 [10.21ms]
(pass) enumerator > the instances of one of 40 cases are their lines of the list: group 9 [0.77ms]
(pass) enumerator > 45 cases are left out by name and 8 are run for their diagnostics alone [5.50ms]
(pass) error baselines > the sample is 200 files of both tools, and holds the files in the pretty form [2.38ms]
(pass) error baselines > read and written again, the bytes are the same: group 1 [23.42ms]
(pass) error baselines > read and written again, the bytes are the same: group 2 [1.33ms]
(pass) error baselines > read and written again, the bytes are the same: group 3 [6.33ms]
(pass) error baselines > read and written again, the bytes are the same: group 4 [29.50ms]
(pass) error baselines > read and written again, the bytes are the same: group 5 [4.49ms]
(pass) error baselines > read and written again, the bytes are the same: group 6 [9.88ms]
(pass) error baselines > read and written again, the bytes are the same: group 7 [6.42ms]
(pass) error baselines > read and written again, the bytes are the same: group 8 [7.34ms]
(pass) error baselines > read and written again, the bytes are the same: group 9 [13.98ms]
(pass) error baselines > read and written again, the bytes are the same: group 10 [16.64ms]
(pass) error baselines > read and written again, the bytes are the same: group 11 [7.52ms]
(pass) error baselines > read and written again, the bytes are the same: group 12 [3.77ms]
(pass) run > the bytes of the baseline are the bytes of the oracle, or it is no pass [3.43ms]
(pass) run > a check that reports nothing passes no instance with errors, and a diagnostic fails an instance without [0.20ms]
(pass) run > the first section alone, which is all that the plain format holds, is reported apart and is never a pass [0.38ms]
(pass) run > what is no list of diagnostics of the instance is no pass [0.24ms]
(pass) run > replayed oracles pass and a check that reports nothing passes no instance with errors: group 1 [18.33ms]
(pass) run > replayed oracles pass and a check that reports nothing passes no instance with errors: group 2 [11.98ms]
(pass) run > replayed oracles pass and a check that reports nothing passes no instance with errors: group 3 [6.57ms]
(pass) run > replayed oracles pass and a check that reports nothing passes no instance with errors: group 4 [5.38ms]
(pass) run > replayed oracles pass and a check that reports nothing passes no instance with errors: group 5 [12.29ms]
(pass) run > replayed oracles pass and a check that reports nothing passes no instance with errors: group 6 [4.30ms]
(pass) run > replayed oracles pass and a check that reports nothing passes no instance with errors: group 7 [4.55ms]
(pass) run > the sample had instances with errors and without [0.10ms]
(pass) expectations > the file has one form [0.22ms]
(pass) expectations > a listed name that does not pass is a failure, and a name that passes enters and never leaves [2.68ms]
(pass) expectations > the names that pass and are not listed are printed with the one command that adds them [0.09ms]
(pass) expectations > a check that reports nothing adds no name: list C takes no more names of a directory than list E has [0.04ms]
(pass) plain format > one located diagnostic [0.25ms]
(pass) plain format > empty text is an empty list [0.01ms]
(pass) plain format > a chain: two spaces per level, siblings and a way back up [0.60ms]
(pass) plain format > a line that is deeper than one level below the line before keeps its spaces [0.06ms]
(pass) plain format > names: spaces, parentheses, a drive, a line break of Windows [0.04ms]
(pass) plain format > a line that starts with a category has no file [0.02ms]
(pass) plain format > the code of a rule [0.02ms]
(pass) plain format > a text with a crash report is refused whole [0.02ms]
(pass) plain format > a text with a code frame is refused whole [0.24ms]
(pass) plain format > a text with an empty line is refused whole
(pass) plain format > a text with a chain line first is refused whole
(pass) plain format > a text with one space is refused whole
(pass) plain format > a text with spaces only is refused whole
(pass) plain format > a text with no line break at the end is refused whole
(pass) plain format > a text with no code is refused whole
(pass) plain format > a text with a summary is refused whole
(pass) plain format > a text with line zero is refused whole
(pass) plain format > a text with an unknown category is refused whole
(pass) plain format > a text with a debug log is refused whole
(pass) plain format > the first section of the baselines of one of 250 cases is the plain format [11.36ms]
(pass) default check > the probe: a command that is no file [485.56ms]
(pass) default check > the probe: a command that runs its operand [913.57ms]
(pass) default check > the probe: a command that dies [711.77ms]
(pass) default check > the probe: a command that takes the flag and does nothing [783.19ms]
(pass) default check > a command that runs its operand gets no instance [459.06ms]
(pass) default check > the probe: a command that lints [1418.65ms]
(pass) default check > a command that lints gets the written unit as its operand, and no diagnostic passes an instance without errors [2512.58ms]
(pass) default check > stderr is read in the plain format, chain lines too: the first section is the oracle's, and that is no pass [2466.31ms]
(pass) default check > a run that breaks the rules is a crash and never an empty list of diagnostics: an exit code that is none of 0, 1 and 2 [2460.22ms]
(pass) default check > a run that breaks the rules is a crash and never an empty list of diagnostics: the exit code of a refusal [2459.80ms]
(pass) default check > a run that breaks the rules is a crash and never an empty list of diagnostics: a line of no form [2459.62ms]
(pass) default check > a run that breaks the rules is a crash and never an empty list of diagnostics: an error and the exit code 0 [2457.12ms]
(pass) default check > a run that breaks the rules is a crash and never an empty list of diagnostics: no error and the exit code 2 [2456.93ms]
(pass) default check > a run that breaks the rules is a crash and never an empty list of diagnostics: text on stdout [2456.81ms]
(pass) default check > a run that breaks the rules is a crash and never an empty list of diagnostics: a signal [2451.52ms]
(pass) default check > a run that breaks the rules is a crash and never an empty list of diagnostics: a file that is not of the instance [2508.61ms]
(pass) default check > a run that breaks the rules is a crash and never an empty list of diagnostics: an error of the command [2508.51ms]
(pass) default check > a run that breaks the rules is a crash and never an empty list of diagnostics: a diagnostic of a rule [2509.35ms]
(pass) default check > never equal to an oracle without errors: a stand-in [2792.34ms]
(pass) default check > never equal to an oracle without errors: the code -1 [2872.10ms]
(pass) listed instances > a batch passes when the oracle is replayed, and fails its names of list E when nothing is reported [13.24ms]
(pass) listed instances > a name in the list of the other class, a skipped instance and a name of no instance are failures [2.48ms]
(pass) expectations.json > is in the form that the update writes [0.05ms]

 106 pass
 0 fail
 171 expect() calls
Ran 106 tests across 1 file. [5.42s]
TIME real 5.587 user 0.875 sys 0.260
exit 0
