loadavg 726.91 725.84 694.09 315/30933 547720
bun test v1.4.3-canary.1 (367d939d9)

test/cli/lint/conformance.test.ts:
(pass) reference > the pinned answers are those of the commits that UPSTREAM names [8.10ms]
(pass) reference > the corpus holds the cases, the baselines and the lists of the pinned commits [7.99ms]
(pass) reference > the list has the instances of the reference's run: 14,915, of which 12,797 run and 2,118 are skipped [280.42ms]
(pass) reference > the list is the run of the reference that is recorded: its subtests and the reasons of its skips [29.94ms]
(pass) reference > the corpus gives every instance of the list that runs the oracle of its class, and the counts are those of the reference [95.17ms]
(pass) reference > the case and space tables are those of Go [123.19ms]
(pass) directives > the vectors of the reference parser [13.45ms]
(pass) variations > 72 of the 126 declared options vary [0.16ms]
(pass) variations > no setting [0.21ms]
(pass) variations > one value [0.36ms]
(pass) variations > two values [0.15ms]
(pass) variations > a value twice [0.06ms]
(pass) variations > one value by two names keeps the first name [0.02ms]
(pass) variations > the cross product, keys sorted in the name [0.04ms]
(pass) variations > the last occurrence wins
(pass) variations > every value [0.02ms]
(pass) variations > every value but one [0.10ms]
(pass) variations > every value but one leaves nothing to vary [0.01ms]
(pass) variations > a value that is taken out again [13.19ms]
(pass) variations > a name in upper case [0.05ms]
(pass) variations > an option that does not vary
(pass) variations > a set of variations that is empty stops the case [1.81ms]
(pass) variations > 25 variations are the most [0.45ms]
(pass) enumerator > the sample holds cases of both suites, and an instance of every reason of a skip [0.94ms]
(pass) enumerator > the instances of one of 40 cases are their lines of the list: group 1 [32.95ms]
(pass) enumerator > the instances of one of 40 cases are their lines of the list: group 2 [16.44ms]
(pass) enumerator > the instances of one of 40 cases are their lines of the list: group 3 [6.50ms]
(pass) enumerator > the instances of one of 40 cases are their lines of the list: group 4 [13.30ms]
(pass) enumerator > the instances of one of 40 cases are their lines of the list: group 5 [7.67ms]
(pass) enumerator > the instances of one of 40 cases are their lines of the list: group 6 [8.43ms]
(pass) enumerator > the instances of one of 40 cases are their lines of the list: group 7 [10.87ms]
(pass) enumerator > the instances of one of 40 cases are their lines of the list: group 8 [1.99ms]
(pass) enumerator > the instances of one of 40 cases are their lines of the list: group 9 [0.75ms]
(pass) enumerator > 45 cases are left out by name and 8 are run for their diagnostics alone [9.82ms]
(pass) error baselines > the sample is 200 files of both tools, and holds the files in the pretty form [0.29ms]
(pass) error baselines > read and written again, the bytes are the same: group 1 [28.25ms]
(pass) error baselines > read and written again, the bytes are the same: group 2 [1.01ms]
(pass) error baselines > read and written again, the bytes are the same: group 3 [8.34ms]
(pass) error baselines > read and written again, the bytes are the same: group 4 [82.52ms]
(pass) error baselines > read and written again, the bytes are the same: group 5 [1.81ms]
(pass) error baselines > read and written again, the bytes are the same: group 6 [14.77ms]
(pass) error baselines > read and written again, the bytes are the same: group 7 [9.58ms]
(pass) error baselines > read and written again, the bytes are the same: group 8 [4.34ms]
(pass) error baselines > read and written again, the bytes are the same: group 9 [14.39ms]
(pass) error baselines > read and written again, the bytes are the same: group 10 [18.51ms]
(pass) error baselines > read and written again, the bytes are the same: group 11 [8.17ms]
(pass) error baselines > read and written again, the bytes are the same: group 12 [3.00ms]
(pass) run > the bytes of the baseline are the bytes of the oracle, or it is no pass [2.26ms]
(pass) run > a check that reports nothing passes no instance with errors, and a diagnostic fails an instance without [0.23ms]
(pass) run > the first section alone, which is all that the plain format holds, is reported apart and is never a pass [0.37ms]
(pass) run > what is no list of diagnostics of the instance is no pass [0.35ms]
(pass) run > replayed oracles pass and a check that reports nothing passes no instance with errors: group 1 [13.25ms]
(pass) run > replayed oracles pass and a check that reports nothing passes no instance with errors: group 2 [9.53ms]
(pass) run > replayed oracles pass and a check that reports nothing passes no instance with errors: group 3 [4.46ms]
(pass) run > replayed oracles pass and a check that reports nothing passes no instance with errors: group 4 [5.05ms]
(pass) run > replayed oracles pass and a check that reports nothing passes no instance with errors: group 5 [9.63ms]
(pass) run > replayed oracles pass and a check that reports nothing passes no instance with errors: group 6 [4.04ms]
(pass) run > replayed oracles pass and a check that reports nothing passes no instance with errors: group 7 [1.79ms]
(pass) run > the sample had instances with errors and without [0.09ms]
(pass) expectations > the file has one form [0.29ms]
(pass) expectations > a listed name that does not pass is a failure, and a name that passes enters and never leaves [0.68ms]
(pass) expectations > the names that pass and are not listed are printed with the one command that adds them [0.10ms]
(pass) expectations > a check that reports nothing adds no name: list C takes no more names of a directory than list E has [0.05ms]
(pass) plain format > one located diagnostic [0.81ms]
(pass) plain format > empty text is an empty list [0.05ms]
(pass) plain format > a chain: two spaces per level, siblings and a way back up [0.22ms]
(pass) plain format > a line that is deeper than one level below the line before keeps its spaces [0.05ms]
(pass) plain format > names: spaces, parentheses, a drive, a line break of Windows [0.04ms]
(pass) plain format > a line that starts with a category has no file [0.02ms]
(pass) plain format > the code of a rule [0.05ms]
(pass) plain format > a text with a crash report is refused whole [0.02ms]
(pass) plain format > a text with a code frame is refused whole
(pass) plain format > a text with an empty line is refused whole
(pass) plain format > a text with a chain line first is refused whole
(pass) plain format > a text with one space is refused whole
(pass) plain format > a text with spaces only is refused whole
(pass) plain format > a text with no line break at the end is refused whole
(pass) plain format > a text with no code is refused whole
(pass) plain format > a text with a summary is refused whole
(pass) plain format > a text with line zero is refused whole
(pass) plain format > a text with an unknown category is refused whole [0.26ms]
(pass) plain format > a text with a debug log is refused whole
(pass) plain format > the first section of the baselines of one of 250 cases is the plain format [13.83ms]
(pass) default check > the probe: a command that is no file [184.73ms]
(pass) default check > the probe: a command that dies [523.99ms]
(pass) default check > the probe: a command that runs its operand [614.09ms]
(pass) default check > the probe: a command that takes the flag and does nothing [582.16ms]
(pass) default check > the probe: a command that lints [767.37ms]
(pass) default check > a command that runs its operand gets no instance [382.15ms]
(pass) default check > a command that lints gets the written unit as its operand, and no diagnostic passes an instance without errors [2179.46ms]
(pass) default check > stderr is read in the plain format, chain lines too: the first section is the oracle's, and that is no pass [2070.24ms]
(pass) default check > a run that breaks the rules is a crash and never an empty list of diagnostics: an exit code that is none of 0, 1 and 2 [2025.24ms]
(pass) default check > a run that breaks the rules is a crash and never an empty list of diagnostics: the exit code of a refusal [2024.80ms]
(pass) default check > a run that breaks the rules is a crash and never an empty list of diagnostics: a line of no form [2024.68ms]
(pass) default check > a run that breaks the rules is a crash and never an empty list of diagnostics: an error and the exit code 0 [2024.58ms]
(pass) default check > a run that breaks the rules is a crash and never an empty list of diagnostics: no error and the exit code 2 [2024.48ms]
(pass) default check > a run that breaks the rules is a crash and never an empty list of diagnostics: text on stdout [2024.35ms]
(pass) default check > a run that breaks the rules is a crash and never an empty list of diagnostics: a file that is not of the instance [2024.24ms]
(pass) default check > a run that breaks the rules is a crash and never an empty list of diagnostics: an error of the command [2024.45ms]
(pass) default check > a run that breaks the rules is a crash and never an empty list of diagnostics: a signal [2101.41ms]
(pass) default check > a run that breaks the rules is a crash and never an empty list of diagnostics: a diagnostic of a rule [2101.53ms]
(pass) default check > never equal to an oracle without errors: a stand-in [2190.01ms]
(pass) default check > never equal to an oracle without errors: the code -1 [2324.11ms]
(pass) listed instances > a batch passes when the oracle is replayed, and fails its names of list E when nothing is reported [9.33ms]
(pass) listed instances > a name in the list of the other class, a skipped instance and a name of no instance are failures [0.77ms]
(pass) expectations.json > is in the form that the update writes [0.05ms]

 106 pass
 0 fail
 171 expect() calls
Ran 106 tests across 1 file. [4.55s]
TIME real 4.606 user 0.898 sys 0.339
exit 0
