// Jest Snapshot v1, https://jestjs.io/docs/snapshot-testing

exports[`type-parameters.ts format 1`] = `
====================================options=====================================
parsers: ["typescript"]
                                                      printWidth: 80 (default) |
=====================================input======================================
foo?.foo<T>();

=====================================output=====================================
foo?.foo<T>();

================================================================================
`;
