["/proj","a.ts",true,"/proj/a.ts","a.ts"]
["/proj","a.ts",false,"/proj/a.ts","a.ts"]
["/proj","./src/../src/a.ts",true,"/proj/src/a.ts","src/a.ts"]
["/proj","./src/../src/a.ts",false,"/proj/src/a.ts","src/a.ts"]
["/proj","/proj/src/a.ts",true,"/proj/src/a.ts","src/a.ts"]
["/proj","/proj/src/a.ts",false,"/proj/src/a.ts","src/a.ts"]
["/proj","/other/b.ts",true,"/other/b.ts","../other/b.ts"]
["/proj","/other/b.ts",false,"/other/b.ts","../other/b.ts"]
["/proj","../b.ts",true,"/b.ts","../b.ts"]
["/proj","../b.ts",false,"/b.ts","../b.ts"]
["/proj/","a.ts",true,"/proj/a.ts","a.ts"]
["/proj/","a.ts",false,"/proj/a.ts","a.ts"]
["/","a.ts",true,"/a.ts","a.ts"]
["/","a.ts",false,"/a.ts","a.ts"]
["/proj","../../../b.ts",true,"/b.ts","../b.ts"]
["/proj","../../../b.ts",false,"/b.ts","../b.ts"]
["/proj","src//a.ts",true,"/proj/src/a.ts","src/a.ts"]
["/proj","src//a.ts",false,"/proj/src/a.ts","src/a.ts"]
["/proj","src/./a.ts",true,"/proj/src/a.ts","src/a.ts"]
["/proj","src/./a.ts",false,"/proj/src/a.ts","src/a.ts"]
["/proj","/proj/a.ts/",true,"/proj/a.ts","a.ts"]
["/proj","/proj/a.ts/",false,"/proj/a.ts","a.ts"]
["/proj/sub","/proj/a.ts",true,"/proj/a.ts","../a.ts"]
["/proj/sub","/proj/a.ts",false,"/proj/a.ts","../a.ts"]
["/proj","/Proj/a.ts",true,"/Proj/a.ts","../Proj/a.ts"]
["/proj","/Proj/a.ts",false,"/Proj/a.ts","a.ts"]
["C:\\proj","src\\a.ts",true,"C:/proj/src/a.ts","src/a.ts"]
["C:\\proj","src\\a.ts",false,"C:/proj/src/a.ts","src/a.ts"]
["c:/proj","D:/x/b.ts",true,"D:/x/b.ts","D:/x/b.ts"]
["c:/proj","D:/x/b.ts",false,"D:/x/b.ts","D:/x/b.ts"]
["C:/Proj","c:/proj/a.ts",true,"c:/proj/a.ts","../proj/a.ts"]
["C:/Proj","c:/proj/a.ts",false,"c:/proj/a.ts","a.ts"]
["c:/proj","c:/proj/a.ts",true,"c:/proj/a.ts","a.ts"]
["c:/proj","c:/proj/a.ts",false,"c:/proj/a.ts","a.ts"]
["c:/proj","C:/proj/sub/a.ts",true,"C:/proj/sub/a.ts","sub/a.ts"]
["c:/proj","C:/proj/sub/a.ts",false,"C:/proj/sub/a.ts","sub/a.ts"]
["c:/proj","\\\\server\\share\\a.ts",true,"//server/share/a.ts","//server/share/a.ts"]
["c:/proj","\\\\server\\share\\a.ts",false,"//server/share/a.ts","//server/share/a.ts"]
["//server/share/dir","//server/share/a.ts",true,"//server/share/a.ts","../a.ts"]
["//server/share/dir","//server/share/a.ts",false,"//server/share/a.ts","../a.ts"]
["/proj","a b.ts",true,"/proj/a b.ts","a b.ts"]
["/proj","a b.ts",false,"/proj/a b.ts","a b.ts"]
["/proj","é.ts",true,"/proj/é.ts","é.ts"]
["/proj","é.ts",false,"/proj/é.ts","é.ts"]
["/proj","",true,"/proj",""]
["/proj","",false,"/proj",""]
["/proj",".",true,"/proj",""]
["/proj",".",false,"/proj",""]
["/proj","c:a.ts",true,"/proj/c:a.ts","c:a.ts"]
["/proj","c:a.ts",false,"/proj/c:a.ts","c:a.ts"]
