------------------
{ printWidth: 80 }
------------------
class X {
  #selectClause: unknown;

  test(columns: unknown) {
    (this as any).#selectClause = columns;
  }
}

-------------------
{ printWidth: 100 }
-------------------
class X {
  #selectClause: unknown;

  test(columns: unknown) {
    (this as any).#selectClause = columns;
  }
}

===================== End =====================
