// Bun Snapshot v1, https://bun.sh/docs/test/snapshots

exports[`Bun.semver.satisfies() pre-release snapshot 1`] = `
[
  "1.0.0-alpha.3",
  "1.0.0-alpha.4",
  "1.0.0-alpha.5",
  "1.0.0-alpha.6",
  "1.0.0-alpha.7",
  "1.0.0-alpha.8",
  "1.0.0-alpha.9",
  "1.0.0-alpha.10",
  "1.0.0-alpha.22",
  "1.0.0-alpha.23",
  "1.0.0-alpha.22-alpha.0be09b66",
  "1.0.0-alpha.22-alpha.18f02e94",
  "1.0.0-alpha.22-alpha.19f7c727",
  "1.0.0-alpha.22-alpha.2d2aa0ef",
  "1.0.0-alpha.22-alpha.96b0b727",
  "1.0.0-alpha.22-alpha.acbc22e8",
  "1.0.0-alpha.test",
  "1.0.0-alpha.test2",
  "1.0.0-alpha.test3",
  "1.0.0-alpha.test5",
  "1.0.0-alpha.test6",
  "1.0.0-alpha.test7",
  "1.0.0-alpha.test8",
  "1.0.0-alpha.testing1",
  "1.0.0-alpha.testing2",
  "1.0.0-alpha.testing3",
  "1.0.0-alpha.testing4",
  "1.0.0-alpha-3",
  "1.0.0-alpha-testing-5",
  "1.0.0-alpha-testing-6",
  "1.0.0-alpha-testing-7",
  "1.0.0-alpha10",
  "1.0.0-alpha10-test1",
  "1.0.0-alpha10-test2",
  "1.0.0-alpha10-test3",
  "1.0.0-alpha11",
  "1.0.0-alpha11-alpha.76836378",
  "1.0.0-alpha11-alpha.00fcfe90",
  "1.0.0-alpha11-alpha.0b9c105c",
  "1.0.0-alpha11-alpha.239ee381",
  "1.0.0-alpha11-alpha.24b9cc3c",
  "1.0.0-alpha11-alpha.267af45c",
  "1.0.0-alpha11-alpha.268aa2cc",
  "1.0.0-alpha11-alpha.2a65312c",
  "1.0.0-alpha11-alpha.2e7707b3",
  "1.0.0-alpha11-alpha.3757e4a8",
  "1.0.0-alpha11-alpha.3b0066c5",
  "1.0.0-alpha11-alpha.3e341373",
  "1.0.0-alpha11-alpha.444221ce",
  "1.0.0-alpha11-alpha.509175e4",
  "1.0.0-alpha11-alpha.68e8f9a1",
  "1.0.0-alpha11-alpha.696c2e32",
  "1.0.0-alpha11-alpha.69d037ff",
  "1.0.0-alpha11-alpha.6ffa9761",
  "1.0.0-alpha11-alpha.703baa91",
  "1.0.0-alpha11-alpha.74cc5530",
  "1.0.0-alpha11-alpha.7c86b918",
  "1.0.0-alpha11-alpha.8c700c2a",
  "1.0.0-alpha11-alpha.930a4aa1",
  "1.0.0-alpha11-alpha.9a073a03",
  "1.0.0-alpha11-alpha.9e7a535a",
  "1.0.0-alpha11-alpha.9f201853",
  "1.0.0-alpha11-alpha.c0e24037",
  "1.0.0-alpha11-alpha.c623e1cc",
  "1.0.0-alpha11-alpha.cb563442",
  "1.0.0-alpha11-alpha.da03570a",
  "1.0.0-alpha11-alpha.e51dc4fa",
  "1.0.0-alpha11-alpha.e814ddf0",
  "1.0.0-alpha11-alpha.ee2cc7e9",
  "1.0.0-alpha11-alpha.ef5273bb",
  "1.0.0-alpha11-alpha.ef926aca",
  "1.0.0-alpha11-alpha.f19f649f",
  "1.0.0-alpha11-alpha.f46304ad",
  "1.0.0-alpha11-alpha.fabe2335",
  "1.0.0-alpha12",
  "1.0.0-alpha12-alpha.04c05494",
  "1.0.0-alpha12-alpha.0b4b912a",
  "1.0.0-alpha12-alpha.10141fd4",
  "1.0.0-alpha12-alpha.10a12536",
  "1.0.0-alpha12-alpha.117c94f8",
  "1.0.0-alpha12-alpha.1b1c742b",
  "1.0.0-alpha12-alpha.1dc37e8b",
  "1.0.0-alpha12-alpha.1fdb9004",
  "1.0.0-alpha12-alpha.209952c2",
  "1.0.0-alpha12-alpha.351006cf",
  "1.0.0-alpha12-alpha.352b3448",
  "1.0.0-alpha12-alpha.373740a8",
  "1.0.0-alpha12-alpha.3a216f9f",
  "1.0.0-alpha12-alpha.3d7a5eb6",
  "1.0.0-alpha12-alpha.3e72cc6f",
  "1.0.0-alpha12-alpha.3f98b323",
  "1.0.0-alpha12-alpha.40e6a4d1",
  "1.0.0-alpha12-alpha.4575c38e",
  "1.0.0-alpha12-alpha.4af3700e",
  "1.0.0-alpha12-alpha.4ba57c84",
  "1.0.0-alpha12-alpha.4e93d2cf",
  "1.0.0-alpha12-alpha.4f30010e",
  "1.0.0-alpha12-alpha.51e1923f",
  "1.0.0-alpha12-alpha.545e4a03",
  "1.0.0-alpha12-alpha.547467c5",
  "1.0.0-alpha12-alpha.571b4bbd",
  "1.0.0-alpha12-alpha.577b9e82",
  "1.0.0-alpha12-alpha.659f61a4",
  "1.0.0-alpha12-alpha.6e55cfe7",
  "1.0.0-alpha12-alpha.70258e9c",
  "1.0.0-alpha12-alpha.72e8aced",
  "1.0.0-alpha12-alpha.75167f51",
  "1.0.0-alpha12-alpha.80e93d69",
  "1.0.0-alpha12-alpha.81355cc0",
  "1.0.0-alpha12-alpha.8370739a",
  "1.0.0-alpha12-alpha.89d880ee",
  "1.0.0-alpha12-alpha.8f812d13",
  "1.0.0-alpha12-alpha.9a2a3c59",
  "1.0.0-alpha12-alpha.a7e9d9c0",
  "1.0.0-alpha12-alpha.a82bd105",
  "1.0.0-alpha12-alpha.b3dbfd2b",
  "1.0.0-alpha12-alpha.b66dd8d3",
  "1.0.0-alpha12-alpha.bdc68bfd",
  "1.0.0-alpha12-alpha.c0bba969",
  "1.0.0-alpha12-alpha.c155b956",
  "1.0.0-alpha12-alpha.c8cb2100",
  "1.0.0-alpha12-alpha.cfc93fc7",
  "1.0.0-alpha12-alpha.d37d5d32",
  "1.0.0-alpha12-alpha.d452aed2",
  "1.0.0-alpha12-alpha.d7d6ef64",
  "1.0.0-alpha12-alpha.d82af48f",
  "1.0.0-alpha12-alpha.dbf1a599",
  "1.0.0-alpha12-alpha.dfc40de1",
  "1.0.0-alpha12-alpha.dffeaa1f",
  "1.0.0-alpha12-alpha.e1a3cfed",
  "1.0.0-alpha12-alpha.e1f27e45",
  "1.0.0-alpha12-alpha.e22dfd31",
  "1.0.0-alpha12-alpha.f205e4d4",
  "1.0.0-alpha12-alpha.f32320b1",
  "1.0.0-alpha12-alpha.f4d91ef3",
  "1.0.0-alpha12-alpha.faff3fa9",
  "1.0.0-alpha13",
  "1.0.0-alpha13-alpha.0189ea42",
  "1.0.0-alpha13-alpha.0f0222b8",
  "1.0.0-alpha13-alpha.215cabc2",
  "1.0.0-alpha13-alpha.435e0178",
  "1.0.0-alpha13-alpha.43a3774e",
  "1.0.0-alpha13-alpha.526805ab",
  "1.0.0-alpha13-alpha.537d11c6",
  "1.0.0-alpha13-alpha.7d186994",
  "1.0.0-alpha13-alpha.7efda7f0",
  "1.0.0-alpha13-alpha.84bd4b24",
  "1.0.0-alpha13-alpha.91dbde54",
  "1.0.0-alpha13-alpha.a3ef328b",
  "1.0.0-alpha13-alpha.c6e3cbb2",
  "1.0.0-alpha13-alpha.e4457d15",
  "1.0.0-alpha13-alpha.ec011f40",
  "1.0.0-alpha14",
  "1.0.0-alpha14-alpha.1ebda6e4",
  "1.0.0-alpha14-alpha.3145bea2",
  "1.0.0-alpha14-alpha.42f0e16a",
  "1.0.0-alpha14-alpha.48e2735c",
  "1.0.0-alpha14-alpha.5f9232df",
  "1.0.0-alpha14-alpha.6611f24e",
  "1.0.0-alpha14-alpha.a4a50ee4",
  "1.0.0-alpha14-alpha.ac7022a4",
  "1.0.0-alpha14-alpha.e5097827",
  "1.0.0-alpha15",
  "1.0.0-alpha15-alpha.14012332",
  "1.0.0-alpha15-alpha.11f194aa",
  "1.0.0-alpha15-alpha.17ca92e9",
  "1.0.0-alpha15-alpha.330d917d",
  "1.0.0-alpha15-alpha.336b6aa8",
  "1.0.0-alpha15-alpha.4784b06f",
  "1.0.0-alpha15-alpha.62fcc2e1",
  "1.0.0-alpha15-alpha.6c40594a",
  "1.0.0-alpha15-alpha.6ffaa855",
  "1.0.0-alpha15-alpha.7211d781",
  "1.0.0-alpha15-alpha.94fac7a9",
  "1.0.0-alpha16",
  "1.0.0-alpha16-alpha.0e39282b",
  "1.0.0-alpha16-alpha.102adc51",
  "1.0.0-alpha16-alpha.4482ff94",
  "1.0.0-alpha16-alpha.7b3bcd50",
  "1.0.0-alpha16-alpha.a48b771d",
  "1.0.0-alpha16-alpha.b47e49cb",
  "1.0.0-alpha16-alpha.c28a693a",
  "1.0.0-alpha16-alpha.d918ccdc",
  "1.0.0-alpha17",
  "1.0.0-alpha18",
  "1.0.0-alpha19",
  "1.0.0-alpha19-alpha.0ae0ee2a",
  "1.0.0-alpha19-alpha.3c6183a4",
  "1.0.0-alpha19-alpha.62172e76",
  "1.0.0-alpha19-alpha.81f2510a",
  "1.0.0-alpha19-alpha.a2f3e881",
  "1.0.0-alpha19-alpha.dcf76508",
  "1.0.0-alpha20",
  "1.0.0-alpha21",
  "1.0.0-alpha3",
  "1.0.0-alpha4",
  "1.0.0-alpha5",
  "1.0.0-alpha6",
  "1.0.0-alpha7",
  "1.0.0-alpha8",
  "1.0.0-alpha8-test1",
  "1.0.0-alpha8-test2",
  "1.0.0-alpha8-test3",
  "1.0.0-alpha8-test4",
  "1.0.0-alpha9",
  "1.0.0-alpha9-test1",
  "1.0.0-beta.1",
  "1.0.0-beta.2",
  "1.0.0-beta.3",
  "1.0.0-beta.4",
  "1.0.0-beta.5",
  "1.0.0-beta.6",
  "1.0.0-beta.7",
  "1.0.0-beta.1-alpha.82c23a65",
  "1.0.0-beta.2-alpha.38d760b4",
  "1.0.0-beta.2-alpha.4bef9d1e",
  "1.0.0-beta.2-alpha.a1195641",
  "1.0.0-beta.3-alpha.15f49df0",
  "1.0.0-beta.3-alpha.1cb4cf8b",
  "1.0.0-beta.3-alpha.404a27c8",
  "1.0.0-beta.3-alpha.590c01b7",
  "1.0.0-beta.3-alpha.9451bcd6",
  "1.0.0-beta.3-alpha.a694e4ac",
  "1.0.0-beta.4-alpha.83182d4c",
  "1.0.0-beta.5-alpha.08bddd92",
  "1.0.0-beta.5-alpha.1a65ba72",
  "1.0.0-beta.5-alpha.c16c2913",
  "1.0.0-beta.5-alpha.c64a932e",
  "1.0.0-beta.5-alpha.dfde8a10",
  "1.0.0-beta.5-alpha.fb30fcd6",
  "1.0.0-beta.6-alpha.320adb17",
  "1.0.0-beta.7-alpha.594d939c",
  "1.0.0-beta.7-alpha.60d2ce84",
  "1.0.0-beta.7-alpha.7dc2afa2",
  "1.2.3-alpha-beta+377ecc6",
  "1.10.0-alpha.1460dad9",
  "1.10.0-alpha.5db7a275",
  "1.10.0-alpha.76b32701",
  "1.10.0-alpha.93f2e2a2",
  "2.0.0-alpha.0",
  "2.0.0-alpha.1",
  "2.0.0-alpha.2",
  "2.0.0-alpha.4",
  "2.0.0-alpha.5",
  "2.0.0-alpha.6",
  "2.0.0-alpha.7",
  "2.0.0-alpha.8",
  "2.0.0-alpha.9",
  "2.0.0-alpha.10",
  "2.0.0-alpha.11",
  "2.0.0-alpha.12",
  "2.0.0-alpha.13",
  "2.0.0-alpha.16",
  "2.0.0-alpha.17",
  "2.0.0-alpha.18",
  "2.0.0-alpha.19",
  "2.0.0-alpha.20",
  "2.0.0-alpha.21",
  "2.0.0-alpha.22",
  "2.0.0-alpha.23",
  "2.0.0-alpha.24",
  "2.0.0-alpha.25",
  "2.0.0-alpha.26",
  "2.0.0-alpha.27",
  "2.0.0-alpha.28",
  "2.0.0-alpha.29",
  "2.0.0-alpha.30",
  "2.0.0-alpha.31",
  "2.0.0-alpha.32",
  "2.0.0-alpha.36",
  "2.0.0-alpha.38",
  "2.0.0-alpha.39",
  "2.0.0-alpha.40",
  "2.0.0-alpha.41",
  "2.0.0-alpha.42",
  "2.0.0-alpha.43",
  "2.0.0-alpha.44",
  "2.0.0-alpha.45",
  "2.0.0-alpha.46",
  "2.0.0-alpha.48",
  "2.0.0-alpha.49",
  "2.0.0-alpha.50",
  "2.0.0-alpha.51",
  "2.0.0-alpha.52",
  "2.0.0-alpha.53",
  "2.0.0-alpha.54",
  "2.0.0-alpha.55",
  "2.0.0-alpha.56",
  "2.0.0-alpha.57",
  "2.0.0-alpha.59",
  "2.0.0-alpha.60",
  "2.0.0-alpha.61",
  "2.0.0-alpha.62",
  "2.0.0-alpha.03b9df85",
  "2.0.0-alpha.067e672c",
  "2.0.0-alpha.12622d64",
  "2.0.0-alpha.20252dc3",
  "2.0.0-alpha.2b695217",
  "2.0.0-alpha.2cbec6d6",
  "2.0.0-alpha.32ef58da",
  "2.0.0-alpha.34eda94b",
  "2.0.0-alpha.3f307d61",
  "2.0.0-alpha.4a09f745",
  "2.0.0-alpha.5182142b",
  "2.0.0-alpha.523a4286",
  "2.0.0-alpha.53bbd4cd",
  "2.0.0-alpha.5421f383",
  "2.0.0-alpha.5c9569c0",
  "2.0.0-alpha.5f47082e",
  "2.0.0-alpha.6ab84875",
  "2.0.0-alpha.6ad61a13",
  "2.0.0-alpha.76793cd8",
  "2.0.0-alpha.7b47e00d",
  "2.0.0-alpha.80a21f04",
  "2.0.0-alpha.84bd71b4",
  "2.0.0-alpha.8c822451",
  "2.0.0-alpha.926cb6da",
  "2.0.0-alpha.95fcd4af",
  "2.0.0-alpha.9d4de2a6",
  "2.0.0-alpha.9da1bca1",
  "2.0.0-alpha.9fe50b00",
  "2.0.0-alpha.a0a09c94",
  "2.0.0-alpha.aeb05561",
  "2.0.0-alpha.b50f2063",
  "2.0.0-alpha.b68b7f5c",
  "2.0.0-alpha.bb258cb5",
  "2.0.0-alpha.d0b8dd9e",
  "2.0.0-alpha.d1544e1b",
  "2.0.0-alpha.dd504153",
  "2.0.0-alpha.e28a1c8e",
  "2.0.0-alpha.e5586916",
  "2.0.0-alpha.e66c6c9c",
  "2.0.0-alpha.e9c3027b",
  "2.0.0-alpha.e9df8e57",
  "2.0.0-alpha.f20ac0ed",
  "2.0.0-alpha.f5c1df61",
  "2.0.0-alpha.f98688ee",
  "2.0.0-beta.0",
  "2.0.0-beta.1",
  "2.0.0-beta.2",
  "2.0.0-beta.3",
  "2.0.0-beta.4",
  "2.0.0-beta.5",
  "2.0.0-beta.6",
  "2.0.0-beta.7",
  "2.0.0-beta.8",
  "2.0.0-beta.9",
  "2.0.0-beta.10",
  "2.0.0-beta.11",
  "2.0.0-beta.12",
  "2.0.0-beta.13",
  "2.0.0-beta.14",
  "2.0.0-beta.15",
  "2.0.0-beta.16",
  "2.0.0-beta.17",
  "2.0.0-beta.18",
  "2.0.0-beta.19",
  "2.0.0-beta.20",
  "2.0.0-beta.21",
  "2.0.0-beta.22",
  "2.0.0-beta.23",
  "2.0.0-beta.24",
  "2.0.0-beta.25",
  "2.0.0-beta.26",
  "2.0.0-beta.27",
  "2.0.0-beta.28",
  "2.0.0-beta.29",
  "2.0.0-beta.31",
  "2.0.0-beta.32",
  "2.0.0-beta.33",
  "2.0.0-beta.34",
  "2.0.0-beta.35",
  "2.0.0-beta.36",
  "2.0.0-beta.37",
  "2.0.0-beta.38",
  "2.0.0-beta.39",
  "2.0.0-beta.40",
  "2.0.0-beta.41",
  "2.0.0-beta.42",
  "2.0.0-beta.43",
  "2.0.0-beta.44",
  "2.0.0-beta.45",
  "2.0.0-beta.46",
  "2.0.0-beta.47",
  "2.0.0-beta.48",
  "2.0.0-beta.49",
  "2.0.0-beta.50",
  "2.0.0-beta.51",
  "2.0.0-beta.53",
  "2.0.0-beta.54",
  "2.0.0-beta.55",
  "2.0.0-beta.56",
  "2.0.0-beta.57",
  "2.0.0-beta.58",
  "2.0.0-beta.59",
  "2.0.0-beta.60",
  "2.0.0-beta.61",
  "2.0.0-beta.62",
  "2.0.0-beta.63",
  "2.0.0-beta.64",
  "2.0.0-beta.65",
  "2.0.0-beta.66",
  "2.0.0-beta.67",
  "2.0.0-beta.69",
  "2.0.0-beta.70",
  "2.0.0-beta.71",
  "2.0.0-beta.72",
  "2.0.0-beta.73",
  "2.0.0-beta.74",
  "2.0.0-beta.75",
  "2.0.0-beta.76",
  "2.0.0-beta.80",
  "2.0.0-beta.81",
  "2.0.0-beta.83",
  "2.0.0-beta.84",
  "2.0.0-beta.85",
  "2.0.0-beta.86",
  "2.0.0-beta.87",
  "2.0.0-beta.88",
  "2.0.0-beta.89",
  "2.0.0-beta.90",
  "2.0.0-beta.91",
  "2.0.0-beta.92",
  "2.0.0-beta.93",
  "2.0.0-beta.94",
  "2.0.0-beta.95",
  "2.0.0-beta.96",
  "2.0.0-beta.97",
  "2.0.0-beta.98",
  "2.0.0-beta.99",
  "2.0.0-beta.100",
  "2.0.0-beta.101",
  "2.0.0-beta.102",
  "2.0.0-beta.103",
  "2.0.0-beta.104",
  "2.0.0-beta.105",
  "2.0.0-beta.106",
  "2.0.0-beta.107",
  "2.0.0-beta.108",
  "2.0.0-beta.109",
  "2.0.0-beta.110",
  "2.0.0-beta.111",
  "2.0.0-beta.112",
  "2.0.0-beta.113",
  "2.0.0-rc.0",
  "2.0.0-rc.1",
  "2.0.0-rc.2",
  "2.0.0-rc.3",
  "2.0.0-rc.4",
  "2.0.0-rc.5",
  "2.0.0-rc.6",
  "2.0.0-rc.7",
  "2.0.0-rc.8",
  "2.0.0-rc.9",
  "2.0.0-rc.10",
  "2.0.0-rc.11",
  "2.0.0-rc.12",
  "2.0.0-rc.13",
  "2.0.0-rc.14",
  "2.0.0-rc.15",
  "2.0.0-rc.19",
  "2.0.0-rc.20",
  "2.0.0-rc.21",
  "2.0.0-rc.22",
  "2.0.0-rc.23",
  "2.0.0-rc.24",
  "2.0.0-rc.25",
  "2.0.0-rc.27",
  "2.0.0-rc.28",
  "2.1.5-alpha.71",
  "2.1.5-alpha.72",
  "2.1.5-alpha.75",
  "2.1.5-next.75",
  "2.1.19-asset-prefix.41",
  "2.1.19-asset-prefix.49",
  "2.1.19-asset-prefix.52",
  "2.1.19-asset-prefix.54",
  "2.1.20-alpha.0",
  "2.2.0-alpha.0",
  "2.2.0-alpha.1",
  "2.2.0-alpha.2",
  "2.2.0-alpha.3",
  "2.2.0-alpha.4",
  "2.2.0-alpha.5",
  "2.2.0-alpha.6",
  "2.2.0-rc.1",
  "2.2.0-rc.2",
  "2.3.14-v8-serialize.1",
  "2.3.24-ink.60",
  "2.3.24-ink.61",
  "2.4.0-0",
  "2.4.0-alpha.1",
  "2.4.0-alpha.2",
  "2.4.0-alpha.3",
  "2.5.0-rc.1",
  "2.5.1-per-page-manifest.68",
  "2.5.6-per-page-manifest.14",
  "2.6.0-alpha.1",
  "2.6.1-ink-node6.16",
  "2.6.1-ink-node6.17",
  "2.6.1-modern-builds.27",
  "2.7.4-per-page-manifest.15",
  "2.8.2-graphiql-explorer.4",
  "2.8.3-per-page-manifest.26",
  "2.8.3-per-page-manifest.27",
  "2.9.1-link-deprecation.4",
  "2.9.3-themes-stable.259",
  "2.9.3-themes-stable.265",
  "2.9.3-themes-stable.267",
  "2.9.5-error-codes.50",
  "2.9.5-webpack-acorn.6",
  "2.9.5-webpack-acorn.7",
  "2.9.8-reporter-npm.8",
  "2.9.10-process-develop.4",
  "2.9.10-process-develop.5",
  "2.9.10-themes-plugins.4",
  "2.9.10-themes-plugins.5",
  "2.9.12-themes-plugins.5",
  "2.9.12-themes-plugins.6",
  "2.9.12-themes-plugins.8",
  "2.10.1-resource-loading.10",
  "2.10.1-structured-logs.4",
  "2.10.1-structured-logs.11",
  "2.10.1-structured-logs.12",
  "2.10.1-structured-logs.17",
  "2.10.1-structured-logs.41",
  "2.10.1-structured-logs.44",
  "2.10.1-structured-logs.64",
  "2.10.1-structured-logs.72",
  "2.10.1-structured-logs.79",
  "2.10.1-structured-logs.128",
  "2.10.1-structured-logs.143",
  "2.10.1-structured-logs.160",
  "2.10.1-structured-logs.161",
  "2.10.1-structured-logs-test.52",
  "2.10.1-structured-logs-test.66",
  "2.10.1-structured-logs-test.128",
  "2.11.7-babel-deps.4",
  "2.13.2-contentful-circular-references.17",
  "2.13.24-webpack-acorn.20",
  "2.13.37-cors-options.396",
  "2.13.49-jarmo.3",
  "2.13.49-jarmo.4",
  "2.13.66-app-data.6",
  "2.13.66-app-data.13",
  "2.13.66-app-data.14",
  "2.13.66-app-data.16",
  "2.13.84-otp-test.13",
  "2.14.0-alpha.1",
  "2.14.0-rc.1",
  "2.14.0-rc.2",
  "2.14.0-rc.3",
  "2.14.4-cli-postinstall.5",
  "2.14.4-cli-postinstall.6",
  "2.14.4-cli-postinstall.7",
  "2.14.4-cli-postinstall.8",
  "2.15.0-rc.4",
  "2.15.8-page-data-404.16",
  "2.15.15-cloud-image-sharp.36",
  "2.16.1-cli-react-dom.20",
  "2.17.2-splitchunksdev.6",
  "2.17.2-splitchunksdev.7",
  "2.18.0-alpha.1",
  "2.18.7-jobs-api-v2.26",
  "2.18.7-jobs-api-v2.27",
  "2.18.7-jobs-api-v2.28",
  "2.18.7-jobs-api-v2.29",
  "2.18.7-jobs-api-v2.30",
  "2.18.8-wrap-root-element-static-query.5",
  "2.18.12-jobs-api-v2.52",
  "2.18.12-jobs-api-v2.56",
  "2.18.12-jobs-api-v2.57",
  "2.18.12-jobs-api-v2.59",
  "2.18.12-jobs-api-v2.65",
  "2.18.12-jobs-api-v2.67",
  "2.18.13-telemetry-test.2972",
  "2.18.13-telemetry-test.2973",
  "2.18.13-telemetry-test.2974",
  "2.18.13-telemetry-test.2976",
  "2.18.19-jobs-api-v2.39",
  "2.18.23-berry-mdx.26",
  "2.19.1-jobs-ipc.0",
  "2.19.4-jobs-ipc.13",
  "2.19.11-issue-20984.49",
  "2.19.11-pr-20741.67",
  "2.19.13-pr-21523.36",
  "2.19.13-pr-21523.41",
  "2.19.13-pr-21523.47",
  "2.19.18-appdata-preload.28",
  "2.19.18-cli-react-from-ink.31",
  "2.19.18-cli-react-from-ink.34",
  "2.19.18-cli-react-from-ink.35",
  "2.19.20-fix-v8-serialize.26",
  "2.19.25-devcert-hacky-fix.21",
  "2.19.25-devcert-hacky-fix.22",
  "2.19.25-granular-chunks.15",
  "2.19.25-granular-chunks.16",
  "2.19.25-granular-chunks.18",
  "2.19.25-granular-chunks.19",
  "2.19.44-webhook-schema-customization.0",
  "2.19.44-webhook-schema-customization-test.0",
  "2.19.50-state-machine.34",
  "2.19.50-state-machine.51",
  "2.19.50-state-machine.52",
  "2.19.50-state-machine.56",
  "2.19.50-state-machine.60",
  "2.19.50-state-machine.63",
  "2.19.50-state-machine.64",
  "2.19.50-state-machine.65",
  "2.20.3-granular-chunks.8",
  "2.20.8-prompt-restart.64",
  "2.20.8-prompt-restart.65",
  "2.20.8-prompt-restart.69",
  "2.20.8-prompt-restart.70",
  "2.20.8-prompt-restart.83",
  "2.20.10-alpha.30",
  "2.20.10-i22684.18",
  "2.20.10-i22684.19",
  "2.20.10-recipes.30",
  "2.20.10-recipes.31",
  "2.20.10-recipes.32",
  "2.20.10-recipes.33",
  "2.20.10-recipes.40",
  "2.20.10-recipes.42",
  "2.20.10-recipes.43",
  "2.20.10-recipes.87",
  "2.20.10-recipes.88",
  "2.20.10-recipes.89",
  "2.20.10-recipes.95",
  "2.20.10-recipes.98",
  "2.20.10-recipes.118",
  "2.20.10-recipes.119",
  "2.20.10-recipes.135",
  "2.20.10-recipes.141",
  "2.20.10-recipes.143",
  "2.20.13-granular-chunks.50",
  "2.20.24-unifiedroutes.16",
  "2.20.24-unifiedroutes.17",
  "2.20.24-unifiedroutes.18",
  "2.20.24-unifiedroutes.20",
  "2.20.24-unifiedroutes.31",
  "2.20.24-unifiedroutes.32",
  "2.20.24-unifiedroutes.47",
  "2.20.24-unifiedroutes.53",
  "2.20.24-unifiedroutes.64",
  "2.20.24-unifiedroutes.68",
  "2.20.24-unifiedroutes.76",
  "2.20.24-unifiedroutes.83",
  "2.20.24-unifiedroutes.84",
  "2.20.24-unifiedroutes.87",
  "2.20.24-unifiedroutes.92",
  "2.20.24-unifiedroutes.93",
  "2.20.24-unifiedroutes.96",
  "2.20.24-unifiedroutes.102",
  "2.20.24-unifiedroutes-blog.22",
  "2.20.24-unifiedroutes-blog.23",
  "2.20.24-unifiedroutes-blog.24",
  "2.20.24-unifiedroutes-blog.25",
  "2.20.24-unifiedroutes-blog.26",
  "2.20.24-unifiedroutes-blog.27",
  "2.20.24-unifiedroutes-blog.28",
  "2.20.24-unifiedroutes-v2.108",
  "2.20.24-unifiedroutes-v2.110",
  "2.20.24-unifiedroutes-v2.112",
  "2.20.24-unifiedroutes-v2.116",
  "2.20.24-unifiedroutes-v2.124",
  "2.20.24-unifiedroutes-v2.129",
  "2.20.24-unifiedroutes-v2.130",
  "2.20.24-unifiedroutes-v2.131",
  "2.20.24-unifiedroutes-v2.135",
  "2.20.24-unifiedroutes-v2.137",
  "2.20.24-unifiedroutes-v2.146",
  "2.20.24-unifiedroutes-v2.151",
  "2.20.32-cli-ux.0",
  "2.20.32-cli-ux.1",
  "2.20.32-cli-ux.2",
  "2.20.32-granular-chunks.0",
  "2.20.32-granular-chunks.1",
  "2.21.6-query-webpack-modules.1",
  "2.21.6-query-webpack-modules.5",
  "2.21.8-distributed-html.16",
  "2.21.8-distributed-html.17",
  "2.21.22-pdsc.16",
  "2.21.26-relative-links.14",
  "2.21.34-distributed-html.21",
  "2.21.34-distributed-html.22",
  "2.21.40-cli-ts.12",
  "2.22.11-no-pollyfils.22",
  "2.22.13-recipes-renderer.56",
  "2.22.13-recipes-renderer.57",
  "2.22.13-recipes-renderer.58",
  "2.22.13-recipes-renderer.59",
  "2.22.13-recipes-renderer.60",
  "2.22.13-recipes-renderer.61",
  "2.22.13-recipes-renderer.62",
  "2.22.13-recipes-renderer.63",
  "2.22.13-recipes-renderer.64",
  "2.22.13-recipes-renderer.65",
  "2.22.13-recipes-renderer.70",
  "2.22.13-recipes-renderer.72",
  "2.22.13-recipes-renderer.73",
  "2.22.13-recipes-renderer.74",
  "2.22.13-recipes-renderer.75",
  "2.22.16-distributed-html.8",
  "2.22.16-distributed-html.9",
  "2.22.16-distributed-html.11",
  "2.22.16-distributed-html.12",
  "2.22.16-polyfills.9",
  "2.22.16-polyfills.10",
  "2.22.16-polyfills.11",
  "2.23.2-admin-pkg.4",
  "2.23.4-query-webpack-modules.12",
  "2.23.5-structured-logs-websocket.564",
  "2.23.13-corejs3.34",
  "2.23.13-ipc-develop.23",
  "2.23.15-finish-plugin-activities.12",
  "2.23.15-finish-plugin-activities.13",
  "2.23.15-finish-plugin-activities.14",
  "2.23.15-finish-plugin-activities.15",
  "2.23.21-oom-exit-code.13",
  "2.23.22-static-query-template.8",
  "2.24.3-pending-webpack-develop.35",
  "2.24.3-tracing-graphql-debug.15",
  "2.24.3-tracing-graphql-debug.16",
  "2.24.4-autotruncate-long-paths.31",
  "2.24.4-static-queries-out-of-webpack.32",
  "2.24.6-telemetry-test.17",
  "2.24.6-telemetry-test.18",
  "2.24.6-telemetry-test.19",
  "2.24.6-telemetry-test.20",
  "2.24.6-telemetry-test.30",
  "2.24.6-telemetry-test.31",
  "2.24.6-telemetry-test.35",
  "2.24.6-telemetry-test.36",
  "2.24.6-telemetry-test.37",
  "2.24.6-telemetry-test.38",
  "2.24.6-telemetry-test.39",
  "2.24.6-telemetry-test.40",
  "2.24.6-telemetry-test.41",
  "2.24.6-telemetry-test.59",
  "2.24.6-telemetry-testt.30",
  "2.24.6-telemetry-testt.31",
  "2.24.6-telemetry-testt.32",
  "2.24.6-telemetry-testt.34",
  "2.24.6-telemetry-testt.58",
  "2.24.6-telemetry-testt.59",
  "2.24.6-telemetry-testt.60",
  "2.24.6-telemetry-testt.61",
  "2.24.6-telemetry-testt.63",
  "2.24.6-telemetry-testt.64",
  "2.24.6-telemetry-testt.65",
  "2.24.6-telemetry-testt.66",
  "2.24.6-telemetry-testt.67",
  "2.24.11-telemetry-test.8",
  "2.24.13-static-query-fix.7",
  "2.24.13-telemetry-test.100",
  "2.24.13-telemetry-test.103",
  "2.24.13-telemetry-test.106",
  "2.24.16-ink3.22",
  "2.24.16-ink3.23",
  "2.24.36-fix-wrong-success-set-status.1",
  "2.24.36-log-pending-activities.0",
  "2.24.45-virtual-modules-in-dot-cache.5",
  "2.24.48-incbuild-collections.5",
  "2.24.48-incbuild-collections.7",
  "2.24.48-incbuild-collections.8",
  "2.24.48-incbuild-collections.10",
  "2.24.48-incbuild-collections.11",
  "2.24.48-stuck-diagnostics.36",
  "2.24.48-stuck-diagnostics.39",
  "2.24.50-dev-ssr-2.46",
  "2.24.50-dev-ssr-2.55",
  "2.24.50-develop-ssr.9",
  "2.24.52-jsx-transform.0",
  "2.24.52-jsx-transform.1",
  "2.24.52-jsx-transform.3",
  "2.24.52-jsx-transform.5",
  "2.24.54-debug-missing-sq.42",
  "2.24.54-query-modules-debug-missing-sq.64",
  "2.24.54-query-webpack-modules.25",
  "2.24.55-query-modules-debug-missing-sq.29",
  "2.24.55-query-modules-debug-missing-sq.30",
  "2.24.55-query-webpack-modules.28",
  "2.24.58-ink-compiled.6",
  "2.24.58-socket-resend.5",
  "2.24.62-stale-page-data.8",
  "2.24.64-ink-compiled.34",
  "2.24.64-static-image.15",
  "2.24.64-static-image.55",
  "2.24.64-static-image.135",
  "2.24.64-telemetry-test.115",
  "2.24.64-telemetry-test.511",
  "2.24.64-telemetry-test.512",
  "2.24.64-telemetry-test.513",
  "2.24.64-telemetry-test.515",
  "2.24.64-telemetry-test2.512",
  "2.24.64-telemetry-test2.513",
  "2.24.64-telemetry-test2.514",
  "2.24.64-telemetry-testt.115",
  "2.24.64-telemetry-testt.117",
  "2.24.64-telemetry-testt.411",
  "2.24.64-telemetry-testt.412",
  "2.24.64-telemetry-testt.414",
  "2.24.64-telemetry-testt.453",
  "2.24.64-telemetry-testt.454",
  "2.24.66-ink-compiled.22",
  "2.24.68-ink-compiled.12",
  "2.24.69-qod.19",
  "2.24.69-qod.20",
  "2.24.69-qod.21",
  "2.24.73-unifiedroutes.22",
  "2.24.77-query-modules-debug-missing-sq.23",
  "2.24.86-fix-white-preview.6",
  "2.24.86-fix-white-preview.10",
  "2.24.86-ink-compiled.12",
  "2.24.92-create-gatsby.22",
  "2.24.92-create-gatsby.26",
  "2.24.92-create-gatsby.32",
  "2.24.92-create-gatsby.62",
  "2.24.92-create-gatsby.82",
  "2.24.92-create-gatsby.83",
  "2.24.92-create-gatsby.84",
  "2.24.92-create-gatsby.85",
  "2.26.0-next.0",
  "2.26.0-next.1",
  "2.26.0-next.2",
  "2.26.0-next.3",
  "2.27.0-next.0",
  "2.27.0-next.1",
  "2.27.0-telemetry-test.314",
  "2.27.0-telemetry-test.315",
  "2.27.0-telemetry-test.326",
  "2.27.0-telemetry-test.373",
  "2.27.0-telemetry-test2.326",
  "2.27.0-telemetry-test2.327",
  "2.28.0-functions.12",
  "2.28.0-functions.13",
  "2.28.0-next.0",
  "2.28.0-next.1",
  "2.28.0-next.2",
  "2.29.0-create-gatsby.2",
  "2.29.0-dev-preload.21",
  "2.29.0-dev-preload.22",
  "2.29.0-dev-preload.23",
  "2.29.0-dev-preload.24",
  "2.29.0-dev-preload-and-chunk.25",
  "2.29.0-latest-dev-ssr.29",
  "2.29.0-latest-dev-ssr.30",
  "2.29.0-latest-dev-ssr.31",
  "2.29.0-next.0",
  "2.29.0-next.1",
  "2.29.0-next.2",
  "2.29.0-next.3",
  "2.29.0-next.4",
  "2.30.0-next.0",
  "2.30.0-next.1",
  "2.30.0-next.2",
  "2.30.0-next.3",
  "2.30.0-next.4",
  "2.30.0-next.5",
  "2.30.0-next.6",
  "2.30.0-next.7",
  "2.30.0-next.8",
  "2.31.0-incbuilds-special.22",
  "2.31.0-next.0",
  "2.31.0-next.1",
  "2.31.0-query-chunk-stats.71",
  "2.31.0-query-chunk-stats.72",
  "2.31.0-query-chunk-stats.73",
  "2.31.0-query-chunk-stats.74",
  "2.31.0-query-chunk-stats-base.69",
  "2.31.0-query-chunk-stats-base.70",
  "2.32.0-alpha-webpack5.13",
  "2.32.0-alpha-webpack5.14",
  "2.32.0-alpha-webpack5.15",
  "2.32.0-alpha-webpack5.16",
  "2.32.0-alpha-webpack5.17",
  "2.32.0-cpb3.26",
  "2.32.0-next.0",
  "2.32.0-next.1",
  "2.32.4-runtime-tick.2",
  "2.32.5-pin-babel-7-12.3",
  "2.33.0-blazing-fast.4",
  "2.33.0-blazing-fast.14",
  "2.33.0-blazing-fast.15",
  "2.33.0-blazing-fast.17",
  "2.33.0-blazing-fast.18",
  "2.33.0-blazing-fast.19",
  "2.33.0-blazing-fast.20",
  "2.33.0-blazing-fast.21",
  "2.33.0-blazing-fast.22",
  "2.33.0-blazing-fast.23",
  "2.33.0-blazing-fast.24",
  "2.33.0-blazing-fast.25",
  "2.33.0-blazing-fast.26",
  "2.33.0-blazing-fast.27",
  "2.33.0-next.0",
  "2.33.0-next.1",
  "3.0.0-alpha-reach-router.14",
  "3.0.0-cpb3.20",
  "3.0.0-next.0",
  "3.0.0-next.1",
  "3.0.0-next.2",
  "3.0.0-next.3",
  "3.0.0-next.4",
  "3.0.0-next.5",
  "3.0.0-next.6",
  "3.0.0-next.7",
  "3.0.0-next.8",
  "3.0.0-next.9",
  "3.0.0-reach-router.14",
  "3.0.0-reach-router.16",
  "3.0.0-reach-router.18",
  "3.0.0-v3rc.0",
  "3.0.0-v3rc.1",
  "3.0.0-v3rc.2",
  "3.0.0-v3rc.3",
  "3.0.0-v3rc.4",
  "3.0.0-v3rc.5",
  "3.1.0-alpha-hmr-fix.9",
  "3.1.0-alpha-hmr-fix.10",
  "3.1.0-alpha-hmr-fix.11",
  "3.1.0-alpha-hmr-fix.13",
  "3.1.0-alpha-hmr-fix.16",
  "3.1.0-functions-next.51",
  "3.1.0-functions-next.52",
  "3.1.0-functions-next.54",
  "3.1.0-functions-next.55",
  "3.1.0-functions-next.57",
  "3.1.0-functions-next.59",
  "3.1.0-functions-next.60",
  "3.1.0-functions-next.72",
  "3.1.0-functions-next.73",
  "3.1.0-next.0",
  "3.1.0-next.1",
  "3.1.0-next.2",
  "3.1.0-next.3",
  "3.1.0-next.4",
  "3.2.0-alpha-agents-are-cool.0",
  "3.2.0-alpha-inc-build-diag.0",
  "3.2.0-alpha-inc-build-diag.1",
  "3.2.0-alpha-parallel.28",
  "3.2.0-alpha-parallel.29",
  "3.2.0-alpha-skip-page-data-write.17",
  "3.2.0-alpha-wordpress.29",
  "3.2.0-next.0",
  "3.2.0-next.1",
  "3.3.0-alpha-defer-task-queues.14",
  "3.3.0-alpha-sharp-upgrade.15",
  "3.3.0-next.0",
  "3.3.0-next.1",
  "3.3.0-next.2",
  "3.3.0-next.3",
  "3.3.0-telemetry-test.33",
  "3.3.0-telemetry-test.34",
  "3.4.0-alpha-parallel.36",
  "3.4.0-alpha-parallel.37",
  "3.4.0-alpha-parallel.39",
  "3.4.0-alpha-parallel.41",
  "3.4.0-alpha-parallel.42",
  "3.4.0-alpha-parallel.50",
  "3.4.0-alpha-parallel.53",
  "3.4.0-alpha-webpack-fs-cache.33",
  "3.4.0-functions-next.14",
  "3.4.0-functions-next.16",
  "3.4.0-next.0",
  "3.4.0-next.1",
  "3.4.0-next.2",
  "3.4.0-next.3",
  "3.4.0-next.5",
  "3.4.0-next.6",
  "3.4.0-webpack-split-fix.8",
  "3.5.0-alpha-node-manifest.69",
  "3.5.0-alpha-node-manifest.73",
  "3.5.0-next.0",
  "3.5.0-next.1",
  "3.5.0-next.2",
  "3.5.0-next.3",
  "3.5.0-next.4",
  "3.5.0-telemetry-test.252",
  "3.6.0-abhi-pqr.379",
  "3.6.0-abhi-pqr.380",
  "3.6.0-alpha-concurrent-features.0",
  "3.6.0-alpha-lmdb.26",
  "3.6.0-alpha-lmdb.31",
  "3.6.0-alpha-lmdb.32",
  "3.6.0-alpha-parallel-query.66",
  "3.6.0-alpha-parallel-query.68",
  "3.6.0-alpha-parallel-query.74",
  "3.6.0-alpha-parallel-query.75",
  "3.6.0-alpha-ssr.246",
  "3.6.0-alpha-ssr.247",
  "3.6.0-alpha-ssr.248",
  "3.6.0-alpha-ssr.251",
  "3.6.0-alpha-ssr.253",
  "3.6.0-alpha-ssr.254",
  "3.6.0-alpha-ssr.255",
  "3.6.0-alpha-ssr.256",
  "3.6.0-alpha-ssr.257",
  "3.6.0-alpha-ssr.258",
  "3.6.0-alpha-ssr.259",
  "3.6.0-alpha-ssr.260",
  "3.6.0-alpha-ssr.261",
  "3.6.0-alpha-ssr.262",
  "3.6.0-alpha-ssr.264",
  "3.6.0-alpha-ssr.265",
  "3.6.0-next.0",
  "3.6.0-next.1",
  "3.6.0-next.2",
  "3.6.0-next.3",
  "3.6.0-next.4",
  "3.6.0-next.5",
  "3.6.0-next.6",
  "3.7.0-next.0",
  "3.7.0-next.1",
  "3.7.0-next.2",
  "3.8.0-alpha-log-state-slice-size.36",
  "3.8.0-alpha-log-state-slice-size.37",
  "3.8.0-next.0",
  "3.8.0-next.1",
  "3.8.0-next.2",
  "3.9.0-alpha-pqr-bootstrap.25",
  "3.9.0-alpha-pqr-bootstrap.29",
  "3.9.0-alpha-pqr-debug.30",
  "3.9.0-alpha-pqr-debug.31",
  "3.9.0-alpha-ssr.15",
  "3.9.0-next.0",
  "3.9.0-next.1",
  "3.10.0-alpha-9689ff.12",
  "3.10.0-alpha-node-manifest-windows-escape.30",
  "3.10.0-alpha-node-manifest-windows-escape.33",
  "3.10.0-alpha-remote-fetch.41",
  "3.10.0-alpha-remote-file.30",
  "3.10.0-alpha-ssr.35",
  "3.10.0-alpha-ssr.36",
  "3.10.0-alpha-ssr.37",
  "3.10.0-alpha-ssr.38",
  "3.10.0-alpha-ssrr.36",
  "3.10.0-next.0",
  "3.10.0-next.1",
  "3.10.0-next.2",
  "3.10.0-next.3",
  "3.10.0-next.4",
  "3.10.0-next.5",
  "3.10.0-next.6",
  "3.10.0-next.7",
  "3.11.0-alpha-node-manifests.0",
  "3.11.0-alpha-node-manifests.3",
  "3.11.0-alpha-pqr-waitjobs.4",
  "3.11.0-alpha-pr32545.3",
  "3.11.0-alpha-qe-sm.25",
  "3.11.0-alpha-qe-sm.26",
  "3.11.0-alpha-qe-sm.48",
  "3.11.0-alpha-qe-sm.67",
  "3.11.0-alpha-qe-sm.69",
  "3.11.0-alpha-qe-sm.70",
  "3.11.0-alpha-qe-sm.92",
  "3.11.0-next.0",
  "3.11.0-next.1",
  "3.11.0-next.2",
  "3.11.0-next.3",
  "3.11.0-next.4",
  "3.11.0-next.5",
  "3.11.0-next.6",
  "3.12.0-coreutils.29",
  "3.12.0-next.0",
  "3.12.0-next.1",
  "3.12.0-next.2",
  "3.12.0-next.3",
  "3.13.0-alpha-node-manifests.18",
  "3.13.0-alpha-node-manifests.19",
  "3.13.0-alpha-node-manifests.20",
  "3.13.0-alpha-node-manifests.22",
  "3.13.0-alpha-node-manifests.23",
  "3.13.0-alpha-node-manifests.26",
  "3.13.0-debug-cache.7",
  "3.13.0-next.0",
  "3.13.0-next.1",
  "3.13.0-next.2",
  "3.13.0-next.3",
  "3.13.0-next.4",
  "3.14.0-alpha-qe-sm.0",
  "3.14.0-alpha-qe-sm.5",
  "3.14.0-alpha-remote-fetch.78",
  "3.14.0-alpha-remote-fetch.79",
  "3.14.0-drupal-next.15",
  "3.14.0-drupal-next.17",
  "3.14.0-drupal-next.27",
  "3.14.0-drupal-next.29",
  "3.14.0-drupal-next.30",
  "3.14.0-drupal-next.32",
  "3.14.0-drupal-next.33",
  "3.14.0-drupal-next.34",
  "3.14.0-drupal-next.35",
  "3.14.0-drupal-next.37",
  "3.14.0-drupal-next.38",
  "3.14.0-drupal-next.39",
  "3.14.0-drupal-next.41",
  "3.14.0-drupal-next.42",
  "3.14.0-drupal-next.43",
  "3.14.0-drupal-next.44",
  "3.14.0-drupal-next.46",
  "3.14.0-drupal-next.47",
  "3.14.0-drupal-next.48",
  "3.14.0-drupal-next.49",
  "3.14.0-drupal-next.53",
  "3.14.0-drupal-next.57",
  "3.14.0-drupal-next.59",
  "3.14.0-drupal-next.60",
  "3.14.0-drupal-next.61",
  "3.14.0-drupal-next.62",
  "3.14.0-drupal-next.63",
  "3.14.0-drupal-next.64",
  "3.14.0-drupal-next.66",
  "3.14.0-drupal-next.67",
  "3.14.0-drupal-next.70",
  "3.14.0-drupal-next.73",
  "3.14.0-drupal-next.74",
  "3.14.0-drupal-next.75",
  "3.14.0-drupal-next.78",
  "3.14.0-drupal-next.79",
  "3.14.0-drupal-next.80",
  "3.14.0-drupal-next.81",
  "3.14.0-next.0",
  "3.14.0-next.1",
  "3.14.0-next.2",
  "3.14.0-next.4",
  "3.14.0-next.5",
  "3.14.0-next.6",
  "3.14.0-next.7",
  "3.14.0-preview-resiliancy.11",
  "4.0.0-alpha-9689ff.4",
  "4.0.0-alpha-9689ff.5",
  "4.0.0-alpha-9689ff.8",
  "4.0.0-alpha-9689ff.9",
  "4.0.0-alpha-9689ff.10",
  "4.0.0-alpha-9689ff.11",
  "4.0.0-alpha-9689ff.12",
  "4.0.0-alpha-9689ff.13",
  "4.0.0-alpha-9689ff.27",
  "4.0.0-alpha-page-gen.25",
  "4.0.0-alpha-page-gen.26",
  "4.0.0-alpha-page-gen.27",
  "4.0.0-alpha-page-gen.30",
  "4.0.0-alpha-page-gen.31",
  "4.0.0-alpha-page-gen.32",
  "4.0.0-alpha-page-gen.33",
  "4.0.0-alpha-page-gen.34",
  "4.0.0-drupal-next.3",
  "4.0.0-drupal-next.5",
  "4.0.0-next.0",
  "4.0.0-next.1",
  "4.0.0-next.2",
  "4.0.0-preview-resiliancy.1",
  "4.0.0-zz-next.0",
  "4.0.0-zz-next.1",
  "4.0.0-zz-next.2",
  "4.0.0-zz-next.3",
  "4.0.0-zz-next.4",
  "4.0.0-zz-next.5",
  "4.0.0-zz-next.6",
  "4.0.0-zz-next.7",
  "4.0.0-zz-next.8",
  "4.0.0-zz-next.9",
  "4.1.0-next.0",
  "4.1.0-next.1",
  "4.1.0-next.2",
  "4.2.0-alpha-jobs-progress.9",
  "4.2.0-alpha-node-manifest-windows-escape.66",
  "4.2.0-alpha-node-manifest-windows-escape.67",
  "4.2.0-alpha-ot-global-span.8",
  "4.2.0-next.0",
  "4.2.0-next.1",
  "4.2.0-next.2",
  "4.2.0-next.3",
  "4.3.0-alpha-gatsby.34",
  "4.3.0-alpha-gatsby-node-manifest.4",
  "4.3.0-next.0",
  "4.3.0-next.1",
  "4.3.0-next.2",
  "4.4.0-next.0",
  "4.4.0-next.1",
  "4.5.0-alpha-trailing-slash.45",
  "4.5.0-alpha-trailing-slash.46",
  "4.5.0-alpha-trailing-slash.65",
  "4.5.0-alpha-trailing-slash.71",
  "4.5.0-alpha-trailing-slash.76",
  "4.5.0-next.0",
  "4.5.0-next.1",
  "4.5.0-next.2",
  "4.5.0-next.3",
  "4.5.0-next.4",
  "4.5.0-next.5",
  "4.6.0-alpha-ts-jit.18",
  "4.6.0-next.0",
  "4.6.0-next.1",
  "4.6.0-next.2",
  "4.6.0-next.3",
  "4.6.0-next.4",
  "4.6.0-next.5",
  "4.7.0-alpha-graphql-compose.5",
  "4.7.0-alpha-image-service.13",
  "4.7.0-alpha-image-service.14",
  "4.7.0-alpha-image-service.15",
  "4.7.0-alpha-image-service.16",
  "4.7.0-alpha-oom-testing.34",
  "4.7.0-alpha-oom-testing.37",
  "4.7.0-alpha-oom-testing.38",
  "4.7.0-alpha-oom-testing.39",
  "4.7.0-alpha-ts-aot.4",
  "4.7.0-alpha-ts-aot.6",
  "4.7.0-alpha-ts-aot.7",
  "4.7.0-alpha-ts-aot.11",
  "4.7.0-alpha-ts-aot.22",
  "4.7.0-alpha-ts-aot.23",
  "4.7.0-alpha-ts-aot.28",
  "4.7.0-alpha-ts-aot.33",
  "4.7.0-next.0",
  "4.7.0-next.1",
  "4.7.0-next.2",
  "4.7.0-next.3",
  "4.7.0-next.4",
  "4.8.0-alpha-derived-types.14",
  "4.8.0-alpha-derived-types.15",
  "4.8.0-alpha-image-service.15",
  "4.8.0-alpha-image-service.16",
  "4.8.0-alpha-image-service.17",
  "4.8.0-alpha-image-service.18",
  "4.8.0-alpha-image-service.19",
  "4.8.0-alpha-image-service.20",
  "4.8.0-alpha-image-service.23",
  "4.8.0-alpha-image-service.24",
  "4.8.0-alpha-image-service.25",
  "4.8.0-alpha-image-service.26",
  "4.8.0-alpha-image-service.45",
  "4.8.0-alpha-node-manifest-dsg.12",
  "4.8.0-alpha-node-manifest-dsg.13",
  "4.8.0-next.0",
  "4.8.0-next.1",
  "4.8.0-next.2",
  "4.8.0-next.3",
  "4.9.0-alpha-image-cdn.32",
  "4.9.0-alpha-image-cdn.36",
  "4.9.0-alpha-image-cdn.37",
  "4.9.0-alpha-image-cdn.39",
  "4.9.0-alpha-image-cdn.49",
  "4.9.0-alpha-image-cdn.54",
  "4.9.0-alpha-image-service2.14",
  "4.9.0-alpha-materialize-early.7",
  "4.9.0-alpha-materialize-early.8",
  "4.9.0-next.0",
  "4.9.0-next.1",
  "4.10.0-alpha-ledger.7",
  "4.10.0-alpha-ledger.8",
  "4.10.0-alpha-ledger.9",
  "4.10.0-alpha-ledger.10",
  "4.10.0-alpha-ledger.11",
  "4.10.0-alpha-ledger.12",
  "4.10.0-alpha-segfault-handler.12",
  "4.10.0-next.0",
  "4.10.0-next.1",
  "4.10.0-next.2",
  "4.10.0-next.3",
  "4.11.0-alpha-luda.5",
  "4.11.0-alpha-luda.6",
  "4.11.0-alpha-luda.7",
  "4.11.0-alpha-luda.8",
  "4.11.0-alpha-luda.9",
  "4.11.0-alpha-luda.10",
  "4.11.0-alpha-luda.11",
  "4.11.0-alpha-luda.12",
  "4.11.0-alpha-luda.13",
  "4.11.0-alpha-luda.14",
  "4.11.0-alpha-luda.15",
  "4.11.0-alpha-luda.16",
  "4.11.0-alpha-luda.17",
  "4.11.0-alpha-luda.18",
  "4.11.0-alpha-luda.19",
  "4.11.0-alpha-luda.20",
  "4.11.0-alpha-luda.22",
  "4.11.0-alpha-luda.23",
  "4.11.0-alpha-luda.25",
  "4.11.0-alpha-luda.26",
  "4.11.0-alpha-luda.27",
  "4.11.0-luda.21",
  "4.11.0-next.0",
  "4.11.0-next.1",
  "4.11.0-next.2",
  "4.11.0-next.3",
  "4.11.0-next.4",
  "4.11.0-next.5",
  "4.12.0-alpha-gatsby-sourcing.11",
  "4.12.0-alpha-gatsby-sourcing.12",
  "4.12.0-alpha-gatsby-sourcing.13",
  "4.12.0-alpha-gatsby-sourcing.14",
  "4.12.0-alpha-gatsby-sourcing.15",
  "4.12.0-alpha-gatsby-sourcing.17",
  "4.12.0-alpha-gatsby-sourcing.18",
  "4.12.0-alpha-gatsby-sourcing.20",
  "4.12.0-alpha-gatsby-sourcing.21",
  "4.12.0-alpha-gatsby-sourcing.22",
  "4.12.0-alpha-gatsby-sourcing.23",
  "4.12.0-alpha-luda.32",
  "4.12.0-alpha-luda.33",
  "4.12.0-next.0",
  "4.12.0-next.1",
  "4.12.0-next.2",
  "4.12.0-next.3",
  "4.12.0-next.4",
  "4.13.0-alpha-functions-config.4",
  "4.13.0-alpha-gatsby-script.23",
  "4.13.0-alpha-gatsby-script.24",
  "4.13.0-alpha-gatsby-script.25",
  "4.13.0-alpha-gatsby-script.26",
  "4.13.0-alpha-gatsby-script.28",
  "4.13.0-alpha-gatsby-script.29",
  "4.13.0-alpha-gatsby-script.30",
  "4.13.0-alpha-gatsby-script.31",
  "4.13.0-alpha-gatsby-script.32",
  "4.13.0-alpha-gatsby-script.35",
  "4.13.0-alpha-image-cdn-telemetry.19",
  "4.13.0-alpha-image-cdn-telemetry.21",
  "4.13.0-alpha-image-cdn-telemetry.23",
  "4.13.0-alpha-image-cdn-telemetry.26",
  "4.13.0-alpha-image-cdn-telemetry.27",
  "4.13.0-alpha-image-cdn-telemetry.28",
  "4.13.0-alpha-image-cdn-telemetry.29",
  "4.13.0-alpha-image-cdn-telemetry.30",
  "4.13.0-alpha-image-cdn-telemetry.34",
  "4.13.0-alpha-node-manifest-limit.15",
  "4.13.0-alpha-wp-graphql-bug.3",
  "4.13.0-next.0",
  "4.13.0-next.1",
  "4.14.0-alpha-transformer-json.27",
  "4.14.0-next.0",
  "4.14.0-next.1",
  "4.14.0-next.2",
  "4.14.0-next.3",
  "4.14.0-next.4",
  "4.15.0-alpha-bundler-optimizations.16",
  "4.15.0-alpha-bundler-optimizations.18",
  "4.15.0-alpha-gatsby-script.22",
  "4.15.0-alpha-gatsby-script.28",
  "4.15.0-alpha-gatsby-script.30",
  "4.15.0-alpha-gatsby-script.31",
  "4.15.0-alpha-gatsby-script.45",
  "4.15.0-alpha-gatsby-script.63",
  "4.15.0-alpha-gatsby-script.65",
  "4.15.0-alpha-gatsby-script-proxy.31",
  "4.15.0-alpha-gatsby-script-proxy.32",
  "4.15.0-alpha-gatsby-script-proxy.42",
  "4.15.0-alpha-gatsby-script-proxy.43",
  "4.15.0-alpha-gatsby-script-proxy-2.32",
  "4.15.0-alpha-gatsby-script-proxy-2.33",
  "4.15.0-alpha-gatsby-script-proxy-2.35",
  "4.15.0-alpha-gatsby-script-proxy-2.37",
  "4.15.0-alpha-gatsby-script-proxy-2.41",
  "4.15.0-alpha-gatsby-script-proxy-2.42",
  "4.15.0-alpha-gatsby-script-proxy-2.48",
  "4.15.0-alpha-gatsby-script-proxy-2.56",
  "4.15.0-alpha-gatsby-script-proxy-2.58",
  "4.15.0-alpha-gatsby-script-proxy-2.61",
  "4.15.0-alpha-gatsby-script-proxy-2.66",
  "4.15.0-alpha-luda.3",
  "4.15.0-alpha-luda.4",
  "4.15.0-alpha-luda.6",
  "4.15.0-alpha-luda.7",
  "4.15.0-alpha-luda.8",
  "4.15.0-alpha-merlin.12",
  "4.15.0-alpha-merlin.13",
  "4.15.0-alpha-wp-image-cdn-auth.42",
  "4.15.0-alpha-wp-image-cdn-auth.45",
  "4.15.0-alpha-wp-image-cdn-auth.46",
  "4.15.0-next.0",
  "4.15.0-next.1",
  "4.15.0-next.2",
  "4.16.0-alpha-image-cdn-caching.9",
  "4.16.0-alpha-luda.34",
  "4.16.0-alpha-mdx-v2.49",
  "4.16.0-next.0",
  "4.16.0-next.1",
  "4.16.0-next.2",
  "4.16.0-next.3",
  "4.17.0-alpha-drupal-image-404.12",
  "4.17.0-alpha-gatsby-metadata.17",
  "4.17.0-alpha-gatsby-metadata.23",
  "4.17.0-alpha-gatsby-metadata.35",
  "4.17.0-alpha-gatsby-metadata.60",
  "4.17.0-alpha-gatsby-metadata.78",
  "4.17.0-alpha-gatsby-metadata.81",
  "4.17.0-alpha-node-manifest-fix.36",
  "4.17.0-next.0",
  "4.17.0-next.1",
  "4.18.0-alpha-drupal-self-reference.15",
  "4.18.0-alpha-engine-functions.2",
  "4.18.0-alpha-engine-functions.3",
  "4.18.0-alpha-engine-functions.5",
  "4.18.0-alpha-engine-functions.13",
  "4.18.0-alpha-image-cdn-jobs-resolve.29",
  "4.18.0-alpha-mdx-v2.53",
  "4.18.0-alpha-mdx-v2.60",
  "4.18.0-alpha-mdx-v2.61",
  "4.18.0-alpha-mdx-v2.62",
  "4.18.0-alpha-mdx-v2.63",
  "4.18.0-alpha-mdx-v2.65",
  "4.18.0-mdxv4-rc.65",
  "4.18.0-mdxv4-rc.73",
  "4.18.0-next.0",
  "4.18.0-next.1",
  "4.18.0-next.2",
  "4.19.0-next.0",
  "4.19.0-next.1",
  "4.19.0-next.2",
  "4.19.0-next.3",
  "4.19.0-next.4",
  "4.20.0-alpha-change-sort-and-aggr.40",
  "4.20.0-alpha-change-sort-and-aggr.41",
  "4.20.0-alpha-content-sync-sq-connections.2",
  "4.20.0-alpha-content-sync-sq-connections.3",
  "4.20.0-alpha-gatsby-source-nodes.4",
  "4.20.0-mdxv4-rc.60",
  "4.20.0-mdxv4-rc.65",
  "4.20.0-next.0",
  "4.20.0-next.1",
  "4.20.0-next.2",
  "4.20.0-next.3",
  "4.20.0-next.4",
  "4.20.0-next.5",
  "4.20.0-next.6",
  "4.21.0-alpha-gatsby-source-nodes.1",
  "4.21.0-next.0",
  "4.21.0-next.1",
  "4.21.0-next.2",
  "4.21.0-next.3",
  "4.21.0-next.4",
  "4.22.0-next.0",
  "4.22.0-next.1",
  "4.22.0-next.2",
  "4.22.0-next.3",
  "4.22.0-next.4",
  "4.22.0-next.5",
  "4.23.0-alpha-9689ff.25",
  "4.23.0-alpha-a5-peer.49",
  "4.23.0-alpha-a5-peer.50",
  "4.23.0-alpha-a5-peer.51",
  "4.23.0-alpha-browser-list-esm.0",
  "4.23.0-alpha-image-cdn-enc.7",
  "4.23.0-alpha-preview-gh-api.26",
  "4.23.0-alpha-preview-gh-api.41",
  "4.23.0-alpha-preview-gh-api.43",
  "4.23.0-alpha-preview-gh-api-2.43",
  "4.23.0-alpha-preview-gh-api-core.44",
  "4.23.0-alpha-preview-slices.43",
  "4.23.0-alpha-preview-slices.76",
  "4.23.0-alpha-preview-slices.77",
  "4.23.0-alpha-preview-slices.78",
  "4.23.0-alpha-preview-slices.d20221005t175203.88",
  "4.23.0-alpha-preview-slices.d20221006t090034.94",
  "4.23.0-alpha-sl-test-pieh.52",
  "4.23.0-alpha-sl-test-pieh.53",
  "4.23.0-alpha-sl-test-pieh.54",
  "4.23.0-alpha-sl-test-pieh.77",
  "4.23.0-alpha-sl-test-pieh.80",
  "4.23.0-alpha-v5.26",
  "4.23.0-next.0",
  "4.23.0-next.1",
  "4.23.0-next.2",
  "4.24.0-alpha-heritage.17",
  "4.24.0-alpha-heritage.18",
  "4.24.0-next.0",
  "4.24.0-next.1",
  "4.24.0-next.2",
  "4.24.0-next.3",
  "4.24.0-next.4",
  "4.24.0-next.5",
  "4.24.8-alpha-stale-node-manifests.0",
  "4.24.8-alpha-stale-node-manifests.1",
  "4.24.8-alpha-wordpress-image-err.3",
  "4.24.8-alpha-wordpress-image-err.4",
  "4.24.8-alpha-wordpress-image-err.5",
  "4.24.8-alpha-wordpress-image-err.6",
  "4.24.8-alpha-wordpress-image-err.7",
  "4.25.0-alpha-image-cdn-pathprefix.28",
  "4.25.0-alpha-image-cdn-pathprefix.29",
  "4.25.0-alpha-preview-slices.d20221007t184903.44",
  "4.25.0-alpha-preview-slices.d20221008t071943.45",
  "4.25.0-alpha-preview-slices.d20221011t181843.56",
  "4.25.0-next.0",
  "4.25.0-next.1",
  "4.25.4-alpha-initial-webhook-body.2",
  "5.0.0-alpha-drupal-proxyurl.11",
  "5.0.0-alpha-v5.11",
  "5.0.0-alpha-v5.16",
  "5.0.0-alpha-v5.24",
  "5.0.0-alpha-v5.25",
  "5.0.0-alpha-v5.d20221005t111511.16",
  "5.0.0-alpha-v5.d20221007t081809.41",
  "5.0.0-alpha-v5.d20221010t183635.51",
  "5.0.0-alpha-v5.d20221012t101120.57",
  "5.0.0-next.0",
  "5.0.0-next.1",
  "5.0.0-next.2",
  "5.0.0-next.3",
  "5.0.0-next.4",
  "5.0.0-next.5",
  "5.0.0-next.6",
  "5.0.0-next.7",
  "5.0.0-next.8",
  "5.0.0-next.9",
  "5.0.0-next.10",
  "5.0.0-next.11",
  "5.0.0-next.12",
  "5.0.0-next.13",
  "5.0.0-next.14",
  "5.0.0-next.15",
  "5.0.0-next.16",
  "5.1.0-next.0",
  "5.2.0-next.0",
  "5.2.0-next.1",
  "5.3.0-next.0",
  "5.3.0-next.1",
  "5.3.0-next.2",
  "5.3.0-next.3",
  "5.3.0-next.4",
  "5.4.0-next.0",
  "5.4.0-next.1",
  "5.4.0-next.2",
  "5.4.0-next.3",
  "5.5.0-alpha-initial-webhook-body.30",
  "5.5.0-alpha-initial-webhook-body.31",
  "5.5.0-next.0",
  "5.5.0-next.1",
  "5.6.0-next.0",
  "5.6.0-next.1",
  "5.6.0-next.2",
  "5.7.0-next.0",
  "5.7.0-next.1",
  "5.8.0-alpha-react-profiling-env.8",
  "5.8.0-alpha-rspack.4",
  "5.8.0-inference-memdebug.22",
  "5.8.0-inference-memdebug.26",
  "5.8.0-next.0",
  "5.8.0-next.1",
  "5.8.0-next.2",
  "5.8.0-next.3",
  "5.8.0-touchnodes-memdebug.17",
  "5.8.0-touchnodes-memdebug2.17",
  "5.8.0-touchnodes-memdebug2.19",
  "5.9.0-alpha-cg-tailwind.23",
  "5.9.0-image-cdn-configurable.4",
  "5.9.0-lmdb-remapchunks.40",
  "5.9.0-lmdb-remapchunks.41",
  "5.9.0-next.0",
  "5.9.0-next.1",
  "5.9.0-next.2",
  "5.9.0-next.3",
  "5.9.0-reduce-contentful-mem-usage.36",
  "5.9.0-reduce-contentful-mem-usage.38",
  "5.9.0-reduce-contentful-mem-usage.39",
  "5.9.0-touch-nodes-optout.49",
  "5.10.0-alpha-adapters.89",
  "5.10.0-alpha-adapters.94",
  "5.10.0-alpha-adapters.96",
  "5.10.0-alpha-adapters.130",
  "5.10.0-alpha-adapters.141",
  "5.10.0-alpha-adapters.142",
  "5.10.0-alpha-adapters.153",
  "5.10.0-alpha-adapters.155",
  "5.10.0-alpha-adapters.156",
  "5.10.0-alpha-adapters.158",
  "5.10.0-alpha-adapters.159",
  "5.10.0-alpha-adapters.164",
  "5.10.0-alpha-adapters.165",
  "5.10.0-gatsby-gc.14",
  "5.10.0-gatsby-gc.15",
  "5.10.0-gatsby-gc.16",
  "5.10.0-gatsby-gc.17",
  "5.10.0-gatsby-gc.18",
  "5.10.0-gatsby-gc.19",
  "5.10.0-gatsby-gc.20",
  "5.10.0-infer-block-less.5",
  "5.10.0-infer-block-less.6",
  "5.10.0-infer-block-less.7",
  "5.10.0-infer-block-less.8",
  "5.10.0-infer-block-less.11",
  "5.10.0-infer-block-less.12",
  "5.10.0-infer-block-less.13",
  "5.10.0-next.0",
  "5.10.0-next.1",
  "5.10.0-next.2",
  "5.10.0-next.3",
  "5.10.0-next.4",
  "5.11.0-next.0",
  "5.11.0-next.1",
  "5.11.0-touch-nodes-fix.4",
  "5.12.0-next.0",
  "5.12.0-next.1",
  "5.13.0-alpha-alt-image-cdn.38",
  "5.13.0-next.0",
  "5.13.0-next.1",
  "5.13.0-next.2",
]
`;
