---
source: crates/oxc_formatter/tests/fixtures/mod.rs
---
==================== Input ====================
type _Test = {
  [T in number]: T;
  // If there are any BinaryOperator members that don't have a corresponding
  // BinaryOperatorToText, then this line will error with "Type 'T' cannot
  // be used to index type 'BinaryOperatorToText'."
};

==================== Output ====================
------------------
{ printWidth: 80 }
------------------
type _Test = {
  [T in number]: T;
  // If there are any BinaryOperator members that don't have a corresponding
  // BinaryOperatorToText, then this line will error with "Type 'T' cannot
  // be used to index type 'BinaryOperatorToText'."
};

-------------------
{ printWidth: 100 }
-------------------
type _Test = {
  [T in number]: T;
  // If there are any BinaryOperator members that don't have a corresponding
  // BinaryOperatorToText, then this line will error with "Type 'T' cannot
  // be used to index type 'BinaryOperatorToText'."
};

===================== End =====================
