// Jest Snapshot v1, https://jestjs.io/docs/snapshot-testing

exports[`11662.js format 1`] = `
====================================options=====================================
parsers: ["babel", "flow", "typescript"]
                                                      printWidth: 80 (default) |
=====================================input======================================
foo
  // TEST
  // 1
  // 2
  // 3
  // 4
  // 5
  \`x\`

=====================================output=====================================
foo
// TEST
// 1
// 2
// 3
// 4
// 5
\`x\`;

================================================================================
`;
