bool 1
8 bits 1
16 bits 1
32 bits 1
64 bits 1
pointer 1
consume 1
acquire 1
sequentially consistent 1
plain use of an atomic object 1
atomic_flag 1
volatile 1
__atomic_load_n 1
a member of a structure 1
a volatile bit-field 1
do while 1
for with break 1
with a compiler barrier 1
counting in memory 1
with a call of a pure function in the body 1
through a pointer parameter 1
inlined 1
