   Compiling proc-macro2 v1.0.106
   Compiling libc v0.2.186
   Compiling thiserror v2.0.18
   Compiling bun_core v0.0.0 (/workspace/wt/cli/src/bun_core)
    Checking bstr v1.12.1
    Checking konst v0.2.20
    Checking bun_mimalloc_sys v0.0.0 (/workspace/wt/cli/src/mimalloc_sys)
    Checking rustix v0.38.44
    Checking hashbrown v0.15.5
    Checking bun_wyhash v0.0.0 (/workspace/wt/cli/src/wyhash)
    Checking bun_highway v0.0.0 (/workspace/wt/cli/src/highway)
    Checking bun_hash v0.0.0 (/workspace/wt/cli/src/hash)
   Compiling quote v1.0.45
    Checking bun_alloc v0.0.0 (/workspace/wt/cli/src/bun_alloc)
   Compiling syn v2.0.117
   Compiling const_format_proc_macros v0.2.34
    Checking const_format v0.2.36
   Compiling darling_core v0.21.3
   Compiling strum_macros v0.26.4
   Compiling thiserror-impl v2.0.18
   Compiling bun_dispatch v0.0.0 (/workspace/wt/cli/src/dispatch)
   Compiling bun_core_macros v0.0.0 (/workspace/wt/cli/src/bun_core_macros)
   Compiling enum-map-derive v0.17.0
    Checking enum-map v2.7.3
    Checking strum v0.26.3
    Checking bun_libuv_sys v0.0.0 (/workspace/wt/cli/src/libuv_sys)
   Compiling darling_macro v0.21.3
   Compiling darling v0.21.3
   Compiling enumset_derive v0.14.0
    Checking enumset v1.1.10
    Checking bun_errno v0.0.0 (/workspace/wt/cli/src/errno)
    Checking bun_ptr v0.0.0 (/workspace/wt/cli/src/ptr)
    Checking bun_collections v0.0.0 (/workspace/wt/cli/src/collections)
    Checking bun_paths v0.0.0 (/workspace/wt/cli/src/paths)
    Checking bun_sys v0.0.0 (/workspace/wt/cli/src/sys)
    Checking bun_perf v0.0.0 (/workspace/wt/cli/src/perf)
    Checking bun_ast v0.0.0 (/tmp/c2td/ws/ast)
    Checking bun_lint v0.0.0 (/tmp/c2td/ws/lint)
    Finished `dev` profile [unoptimized + debuginfo] target(s) in 53.51s
check-exit=0
