loadavg 334.06 449.81 576.94 230/19429 571177
bun test v1.4.3-canary.1 (367d939d9)

test/cli/lint/conformance.test.ts:
(pass) reference > the pinned answers are those of the commits that UPSTREAM names [0.50ms]
(pass) reference > the corpus holds the cases, the baselines and the lists of the pinned commits [9.83ms]
(pass) reference > the list has the instances of the reference's run: 14,915, of which 12,797 run and 2,118 are skipped [42.39ms]
(pass) reference > the case and space tables are those of Go [104.07ms]
(pass) directives > the vectors of the reference parser [9.15ms]
(pass) variations > 72 of the 126 declared options vary [0.20ms]
(pass) variations > no setting [0.27ms]
(pass) variations > one value [0.39ms]
(pass) variations > two values [2.48ms]
(pass) variations > a value twice [1.71ms]
(pass) variations > one value by two names keeps the first name [0.08ms]
(pass) variations > the cross product, keys sorted in the name [0.15ms]
(pass) variations > the last occurrence wins [0.06ms]
(pass) variations > every value [0.08ms]
(pass) variations > every value but one [0.59ms]
(pass) variations > every value but one leaves nothing to vary [0.22ms]
(pass) variations > a value that is taken out again [0.14ms]
(pass) variations > a name in upper case [0.32ms]
(pass) variations > an option that does not vary [0.07ms]
(pass) variations > a set of variations that is empty stops the case [0.19ms]
(pass) variations > 25 variations are the most [3.10ms]
(pass) enumerator > the sample holds cases of both suites [0.35ms]
(pass) enumerator > the instances of one of 40 cases are their lines of the list: group 1 [30.61ms]
(pass) enumerator > the instances of one of 40 cases are their lines of the list: group 2 [27.91ms]
(pass) enumerator > the instances of one of 40 cases are their lines of the list: group 3 [13.65ms]
(pass) enumerator > the instances of one of 40 cases are their lines of the list: group 4 [9.30ms]
(pass) enumerator > the instances of one of 40 cases are their lines of the list: group 5 [10.28ms]
(pass) enumerator > the instances of one of 40 cases are their lines of the list: group 6 [7.18ms]
(pass) enumerator > the instances of one of 40 cases are their lines of the list: group 7 [15.72ms]
(pass) enumerator > the instances of one of 40 cases are their lines of the list: group 8 [10.07ms]
(pass) enumerator > the instances of one of 40 cases are their lines of the list: group 9 [4.58ms]
(pass) enumerator > 45 cases are left out by name and 8 are run for their diagnostics alone [5.51ms]
(pass) enumerator > every instance is its line of the list, and the counts are those of the reference [1577.68ms]
(pass) error baselines > the sample is 200 files of both tools, and holds the files in the pretty form [1.01ms]
(pass) error baselines > read and written again, the bytes are the same: group 1 [26.58ms]
(pass) error baselines > read and written again, the bytes are the same: group 2 [1.89ms]
(pass) error baselines > read and written again, the bytes are the same: group 3 [10.32ms]
(pass) error baselines > read and written again, the bytes are the same: group 4 [28.25ms]
(pass) error baselines > read and written again, the bytes are the same: group 5 [10.06ms]
(pass) error baselines > read and written again, the bytes are the same: group 6 [13.53ms]
(pass) error baselines > read and written again, the bytes are the same: group 7 [7.10ms]
(pass) error baselines > read and written again, the bytes are the same: group 8 [10.44ms]
(pass) error baselines > read and written again, the bytes are the same: group 9 [9.13ms]
(pass) error baselines > read and written again, the bytes are the same: group 10 [21.57ms]
(pass) error baselines > read and written again, the bytes are the same: group 11 [4.44ms]
(pass) error baselines > read and written again, the bytes are the same: group 12 [2.37ms]
(pass) run > the bytes of the baseline are the bytes of the oracle, or it is no pass [3.07ms]
(pass) run > a check that reports nothing passes no instance with errors, and a diagnostic fails an instance without [0.65ms]
(pass) run > the first section alone, which is all that the plain format holds, is reported apart and is never a pass [0.58ms]
(pass) run > what is no list of diagnostics of the instance is no pass [0.48ms]
(pass) run > replayed oracles pass and a check that reports nothing passes no instance with errors: group 1 [12.55ms]
(pass) run > replayed oracles pass and a check that reports nothing passes no instance with errors: group 2 [3.97ms]
(pass) run > replayed oracles pass and a check that reports nothing passes no instance with errors: group 3 [3.40ms]
(pass) run > replayed oracles pass and a check that reports nothing passes no instance with errors: group 4 [2.81ms]
(pass) run > replayed oracles pass and a check that reports nothing passes no instance with errors: group 5 [5.73ms]
(pass) run > replayed oracles pass and a check that reports nothing passes no instance with errors: group 6 [3.31ms]
(pass) run > replayed oracles pass and a check that reports nothing passes no instance with errors: group 7 [2.37ms]
(pass) run > the sample had instances with errors and without [0.19ms]
(pass) expectations > the file has one form [0.36ms]
(pass) expectations > a listed name that does not pass is a failure, and a name that passes enters and never leaves [0.73ms]
(pass) expectations > the names that pass and are not listed are printed with the one command that adds them [0.16ms]
(pass) expectations > a check that reports nothing adds no name: list C takes no more names of a directory than list E has [0.09ms]
(pass) plain format > one located diagnostic [0.33ms]
(pass) plain format > empty text is an empty list [0.06ms]
(pass) plain format > a chain: two spaces per level, siblings and a way back up [0.26ms]
(pass) plain format > a line that is deeper than one level below the line before keeps its spaces [0.09ms]
(pass) plain format > names: spaces, parentheses, a drive, a line break of Windows [0.09ms]
(pass) plain format > a line that starts with a category has no file [0.06ms]
(pass) plain format > the code of a rule [0.06ms]
(pass) plain format > a text with a crash report is refused whole [0.06ms]
(pass) plain format > a text with a code frame is refused whole [0.04ms]
(pass) plain format > a text with an empty line is refused whole [0.04ms]
(pass) plain format > a text with a chain line first is refused whole [0.04ms]
(pass) plain format > a text with one space is refused whole [0.04ms]
(pass) plain format > a text with spaces only is refused whole [0.04ms]
(pass) plain format > a text with no line break at the end is refused whole [0.03ms]
(pass) plain format > a text with no code is refused whole [0.03ms]
(pass) plain format > a text with a summary is refused whole [0.04ms]
(pass) plain format > a text with line zero is refused whole [0.04ms]
(pass) plain format > a text with an unknown category is refused whole [0.04ms]
(pass) plain format > a text with a debug log is refused whole [0.04ms]
(pass) plain format > the first section of the baselines of one of 250 cases is the plain format [10.09ms]
(pass) default check > the probe: a command that is no file [1.34ms]
(pass) default check > the probe: a command that runs its operand [113.42ms]
(pass) default check > the probe: a command that dies [27.89ms]
(pass) default check > a command that runs its operand gets no instance [20.46ms]
(pass) default check > the probe: a command that takes the flag and does nothing [38.89ms]
(pass) default check > the probe: a command that lints [136.36ms]
(pass) default check > a command that lints gets the written unit as its operand, and no diagnostic passes an instance without errors [88.57ms]
(pass) default check > stderr is read in the plain format, chain lines too: the first section is the oracle's, and that is no pass [85.15ms]
(pass) default check > a run that breaks the rules is a crash and never an empty list of diagnostics: an exit code that is none of 0, 1 and 2 [90.15ms]
(pass) default check > a run that breaks the rules is a crash and never an empty list of diagnostics: a signal [103.94ms]
(pass) default check > never equal to an oracle without errors: the code -1 [147.88ms]
(pass) default check > a run that breaks the rules is a crash and never an empty list of diagnostics: an error of the command [148.81ms]
(pass) default check > a run that breaks the rules is a crash and never an empty list of diagnostics: text on stdout [149.11ms]
(pass) default check > a run that breaks the rules is a crash and never an empty list of diagnostics: a diagnostic of a rule [148.74ms]
(pass) default check > a run that breaks the rules is a crash and never an empty list of diagnostics: no error and the exit code 2 [149.33ms]
(pass) default check > a run that breaks the rules is a crash and never an empty list of diagnostics: a file that is not of the instance [149.02ms]
(pass) default check > a run that breaks the rules is a crash and never an empty list of diagnostics: the exit code of a refusal [163.59ms]
(pass) default check > a run that breaks the rules is a crash and never an empty list of diagnostics: an error and the exit code 0 [161.56ms]
(pass) default check > a run that breaks the rules is a crash and never an empty list of diagnostics: a line of no form [197.73ms]
(pass) default check > never equal to an oracle without errors: a stand-in [285.86ms]
(pass) listed instances > a batch passes when the oracle is replayed, and fails its names of list E when nothing is reported [22.65ms]
(pass) listed instances > a name in the list of the other class, a skipped instance and a name of no instance are failures [2.02ms]
(pass) expectations.json > is in the form that the update writes [0.08ms]

 105 pass
 0 fail
 171 expect() calls
Ran 105 tests across 1 file. [2.80s]
TIME real 2.820 user 2.024 sys 0.405
exit 0
