loadavg 327.81 446.59 575.22 273/19380 571699
bun test v1.4.3-canary.1 (367d939d9)

test/cli/lint/conformance.test.ts:
(pass) reference > the pinned answers are those of the commits that UPSTREAM names [0.34ms]
(pass) reference > the corpus holds the cases, the baselines and the lists of the pinned commits [6.34ms]
(pass) reference > the list has the instances of the reference's run: 14,915, of which 12,797 run and 2,118 are skipped [31.85ms]
(pass) reference > the case and space tables are those of Go [238.69ms]
(pass) directives > the vectors of the reference parser [18.69ms]
(pass) variations > 72 of the 126 declared options vary [0.61ms]
(pass) variations > no setting [0.21ms]
(pass) variations > one value [0.52ms]
(pass) variations > two values [0.99ms]
(pass) variations > a value twice [0.12ms]
(pass) variations > one value by two names keeps the first name [0.06ms]
(pass) variations > the cross product, keys sorted in the name [0.28ms]
(pass) variations > the last occurrence wins [0.08ms]
(pass) variations > every value [0.25ms]
(pass) variations > every value but one [0.46ms]
(pass) variations > every value but one leaves nothing to vary [0.06ms]
(pass) variations > a value that is taken out again [1.72ms]
(pass) variations > a name in upper case [0.08ms]
(pass) variations > an option that does not vary [0.03ms]
(pass) variations > a set of variations that is empty stops the case [0.16ms]
(pass) variations > 25 variations are the most [1.05ms]
(pass) enumerator > the sample holds cases of both suites [0.24ms]
(pass) enumerator > the instances of one of 40 cases are their lines of the list: group 1 [32.34ms]
(pass) enumerator > the instances of one of 40 cases are their lines of the list: group 2 [12.49ms]
(pass) enumerator > the instances of one of 40 cases are their lines of the list: group 3 [8.78ms]
(pass) enumerator > the instances of one of 40 cases are their lines of the list: group 4 [10.40ms]
(pass) enumerator > the instances of one of 40 cases are their lines of the list: group 5 [4.65ms]
(pass) enumerator > the instances of one of 40 cases are their lines of the list: group 6 [7.41ms]
(pass) enumerator > the instances of one of 40 cases are their lines of the list: group 7 [9.00ms]
(pass) enumerator > the instances of one of 40 cases are their lines of the list: group 8 [8.44ms]
(pass) enumerator > the instances of one of 40 cases are their lines of the list: group 9 [0.76ms]
(pass) enumerator > 45 cases are left out by name and 8 are run for their diagnostics alone [6.35ms]
(pass) enumerator > every instance is its line of the list, and the counts are those of the reference [1309.05ms]
(pass) error baselines > the sample is 200 files of both tools, and holds the files in the pretty form [0.89ms]
(pass) error baselines > read and written again, the bytes are the same: group 1 [16.84ms]
(pass) error baselines > read and written again, the bytes are the same: group 2 [1.03ms]
(pass) error baselines > read and written again, the bytes are the same: group 3 [4.96ms]
(pass) error baselines > read and written again, the bytes are the same: group 4 [28.59ms]
(pass) error baselines > read and written again, the bytes are the same: group 5 [7.31ms]
(pass) error baselines > read and written again, the bytes are the same: group 6 [6.38ms]
(pass) error baselines > read and written again, the bytes are the same: group 7 [5.04ms]
(pass) error baselines > read and written again, the bytes are the same: group 8 [7.22ms]
(pass) error baselines > read and written again, the bytes are the same: group 9 [8.19ms]
(pass) error baselines > read and written again, the bytes are the same: group 10 [87.70ms]
(pass) error baselines > read and written again, the bytes are the same: group 11 [5.21ms]
(pass) error baselines > read and written again, the bytes are the same: group 12 [3.12ms]
(pass) run > the bytes of the baseline are the bytes of the oracle, or it is no pass [2.21ms]
(pass) run > a check that reports nothing passes no instance with errors, and a diagnostic fails an instance without [0.24ms]
(pass) run > the first section alone, which is all that the plain format holds, is reported apart and is never a pass [0.49ms]
(pass) run > what is no list of diagnostics of the instance is no pass [0.33ms]
(pass) run > replayed oracles pass and a check that reports nothing passes no instance with errors: group 1 [19.95ms]
(pass) run > replayed oracles pass and a check that reports nothing passes no instance with errors: group 2 [6.34ms]
(pass) run > replayed oracles pass and a check that reports nothing passes no instance with errors: group 3 [7.69ms]
(pass) run > replayed oracles pass and a check that reports nothing passes no instance with errors: group 4 [2.88ms]
(pass) run > replayed oracles pass and a check that reports nothing passes no instance with errors: group 5 [15.56ms]
(pass) run > replayed oracles pass and a check that reports nothing passes no instance with errors: group 6 [11.02ms]
(pass) run > replayed oracles pass and a check that reports nothing passes no instance with errors: group 7 [6.95ms]
(pass) run > the sample had instances with errors and without [0.19ms]
(pass) expectations > the file has one form [0.34ms]
(pass) expectations > a listed name that does not pass is a failure, and a name that passes enters and never leaves [3.28ms]
(pass) expectations > the names that pass and are not listed are printed with the one command that adds them [0.19ms]
(pass) expectations > a check that reports nothing adds no name: list C takes no more names of a directory than list E has [0.11ms]
(pass) plain format > one located diagnostic [0.38ms]
(pass) plain format > empty text is an empty list [0.08ms]
(pass) plain format > a chain: two spaces per level, siblings and a way back up [0.26ms]
(pass) plain format > a line that is deeper than one level below the line before keeps its spaces [0.08ms]
(pass) plain format > names: spaces, parentheses, a drive, a line break of Windows [0.09ms]
(pass) plain format > a line that starts with a category has no file [0.07ms]
(pass) plain format > the code of a rule [0.07ms]
(pass) plain format > a text with a crash report is refused whole [0.07ms]
(pass) plain format > a text with a code frame is refused whole [0.04ms]
(pass) plain format > a text with an empty line is refused whole [0.04ms]
(pass) plain format > a text with a chain line first is refused whole [0.03ms]
(pass) plain format > a text with one space is refused whole [0.04ms]
(pass) plain format > a text with spaces only is refused whole [0.03ms]
(pass) plain format > a text with no line break at the end is refused whole [0.04ms]
(pass) plain format > a text with no code is refused whole [0.03ms]
(pass) plain format > a text with a summary is refused whole [0.03ms]
(pass) plain format > a text with line zero is refused whole [0.03ms]
(pass) plain format > a text with an unknown category is refused whole [0.04ms]
(pass) plain format > a text with a debug log is refused whole [0.03ms]
(pass) plain format > the first section of the baselines of one of 250 cases is the plain format [7.64ms]
(pass) default check > the probe: a command that is no file [11.55ms]
(pass) default check > the probe: a command that dies [72.82ms]
(pass) default check > the probe: a command that runs its operand [131.54ms]
(pass) default check > the probe: a command that takes the flag and does nothing [130.63ms]
(pass) default check > the probe: a command that lints [164.34ms]
(pass) default check > a command that runs its operand gets no instance [168.52ms]
(pass) default check > a run that breaks the rules is a crash and never an empty list of diagnostics: a line of no form [388.35ms]
(pass) default check > a run that breaks the rules is a crash and never an empty list of diagnostics: the exit code of a refusal [388.57ms]
(pass) default check > a run that breaks the rules is a crash and never an empty list of diagnostics: an exit code that is none of 0, 1 and 2 [397.69ms]
(pass) default check > stderr is read in the plain format, chain lines too: the first section is the oracle's, and that is no pass [403.32ms]
(pass) default check > a command that lints gets the written unit as its operand, and no diagnostic passes an instance without errors [407.21ms]
(pass) default check > never equal to an oracle without errors: the code -1 [469.16ms]
(pass) default check > a run that breaks the rules is a crash and never an empty list of diagnostics: an error of the command [470.72ms]
(pass) default check > a run that breaks the rules is a crash and never an empty list of diagnostics: a diagnostic of a rule [470.71ms]
(pass) default check > never equal to an oracle without errors: a stand-in [477.91ms]
(pass) default check > a run that breaks the rules is a crash and never an empty list of diagnostics: text on stdout [493.05ms]
(pass) default check > a run that breaks the rules is a crash and never an empty list of diagnostics: a signal [487.67ms]
(pass) default check > a run that breaks the rules is a crash and never an empty list of diagnostics: an error and the exit code 0 [746.82ms]
(pass) default check > a run that breaks the rules is a crash and never an empty list of diagnostics: no error and the exit code 2 [782.75ms]
(pass) default check > a run that breaks the rules is a crash and never an empty list of diagnostics: a file that is not of the instance [815.78ms]
(pass) listed instances > a batch passes when the oracle is replayed, and fails its names of list E when nothing is reported [11.82ms]
(pass) listed instances > a name in the list of the other class, a skipped instance and a name of no instance are failures [7.40ms]
(pass) expectations.json > is in the form that the update writes [0.08ms]

 105 pass
 0 fail
 171 expect() calls
Ran 105 tests across 1 file. [3.12s]
TIME real 3.150 user 1.821 sys 0.436
exit 0
