loadavg 341.03 453.11 578.69 314/20103 570683
bun test v1.4.3-canary.1 (367d939d9)

test/cli/lint/conformance.test.ts:
(pass) reference > the pinned answers are those of the commits that UPSTREAM names [0.98ms]
(pass) reference > the corpus holds the cases, the baselines and the lists of the pinned commits [24.41ms]
(pass) reference > the list has the instances of the reference's run: 14,915, of which 12,797 run and 2,118 are skipped [30.84ms]
(pass) reference > the case and space tables are those of Go [64.51ms]
(pass) directives > the vectors of the reference parser [18.60ms]
(pass) variations > 72 of the 126 declared options vary [0.77ms]
(pass) variations > no setting [0.31ms]
(pass) variations > one value [0.70ms]
(pass) variations > two values [1.32ms]
(pass) variations > a value twice [0.20ms]
(pass) variations > one value by two names keeps the first name [0.08ms]
(pass) variations > the cross product, keys sorted in the name [0.11ms]
(pass) variations > the last occurrence wins [0.06ms]
(pass) variations > every value [0.38ms]
(pass) variations > every value but one [0.79ms]
(pass) variations > every value but one leaves nothing to vary [0.33ms]
(pass) variations > a value that is taken out again [0.28ms]
(pass) variations > a name in upper case [0.07ms]
(pass) variations > an option that does not vary [0.13ms]
(pass) variations > a set of variations that is empty stops the case [0.18ms]
(pass) variations > 25 variations are the most [2.94ms]
(pass) enumerator > the sample holds cases of both suites [0.49ms]
(pass) enumerator > the instances of one of 40 cases are their lines of the list: group 1 [44.92ms]
(pass) enumerator > the instances of one of 40 cases are their lines of the list: group 2 [23.48ms]
(pass) enumerator > the instances of one of 40 cases are their lines of the list: group 3 [6.83ms]
(pass) enumerator > the instances of one of 40 cases are their lines of the list: group 4 [6.72ms]
(pass) enumerator > the instances of one of 40 cases are their lines of the list: group 5 [9.36ms]
(pass) enumerator > the instances of one of 40 cases are their lines of the list: group 6 [5.65ms]
(pass) enumerator > the instances of one of 40 cases are their lines of the list: group 7 [13.31ms]
(pass) enumerator > the instances of one of 40 cases are their lines of the list: group 8 [5.15ms]
(pass) enumerator > the instances of one of 40 cases are their lines of the list: group 9 [4.89ms]
(pass) enumerator > 45 cases are left out by name and 8 are run for their diagnostics alone [1.36ms]
(pass) enumerator > every instance is its line of the list, and the counts are those of the reference [1546.09ms]
(pass) error baselines > the sample is 200 files of both tools, and holds the files in the pretty form [0.84ms]
(pass) error baselines > read and written again, the bytes are the same: group 1 [26.07ms]
(pass) error baselines > read and written again, the bytes are the same: group 2 [1.48ms]
(pass) error baselines > read and written again, the bytes are the same: group 3 [6.04ms]
(pass) error baselines > read and written again, the bytes are the same: group 4 [46.64ms]
(pass) error baselines > read and written again, the bytes are the same: group 5 [60.86ms]
(pass) error baselines > read and written again, the bytes are the same: group 6 [11.59ms]
(pass) error baselines > read and written again, the bytes are the same: group 7 [6.95ms]
(pass) error baselines > read and written again, the bytes are the same: group 8 [9.11ms]
(pass) error baselines > read and written again, the bytes are the same: group 9 [9.89ms]
(pass) error baselines > read and written again, the bytes are the same: group 10 [28.75ms]
(pass) error baselines > read and written again, the bytes are the same: group 11 [8.45ms]
(pass) error baselines > read and written again, the bytes are the same: group 12 [5.48ms]
(pass) run > the bytes of the baseline are the bytes of the oracle, or it is no pass [11.35ms]
(pass) run > a check that reports nothing passes no instance with errors, and a diagnostic fails an instance without [0.34ms]
(pass) run > the first section alone, which is all that the plain format holds, is reported apart and is never a pass [0.50ms]
(pass) run > what is no list of diagnostics of the instance is no pass [3.01ms]
(pass) run > replayed oracles pass and a check that reports nothing passes no instance with errors: group 1 [41.91ms]
(pass) run > replayed oracles pass and a check that reports nothing passes no instance with errors: group 2 [12.33ms]
(pass) run > replayed oracles pass and a check that reports nothing passes no instance with errors: group 3 [10.32ms]
(pass) run > replayed oracles pass and a check that reports nothing passes no instance with errors: group 4 [4.49ms]
(pass) run > replayed oracles pass and a check that reports nothing passes no instance with errors: group 5 [17.44ms]
(pass) run > replayed oracles pass and a check that reports nothing passes no instance with errors: group 6 [13.52ms]
(pass) run > replayed oracles pass and a check that reports nothing passes no instance with errors: group 7 [10.33ms]
(pass) run > the sample had instances with errors and without [0.14ms]
(pass) expectations > the file has one form [0.33ms]
(pass) expectations > a listed name that does not pass is a failure, and a name that passes enters and never leaves [3.84ms]
(pass) expectations > the names that pass and are not listed are printed with the one command that adds them [0.16ms]
(pass) expectations > a check that reports nothing adds no name: list C takes no more names of a directory than list E has [0.09ms]
(pass) plain format > one located diagnostic [0.36ms]
(pass) plain format > empty text is an empty list [0.17ms]
(pass) plain format > a chain: two spaces per level, siblings and a way back up [0.24ms]
(pass) plain format > a line that is deeper than one level below the line before keeps its spaces [0.10ms]
(pass) plain format > names: spaces, parentheses, a drive, a line break of Windows [0.07ms]
(pass) plain format > a line that starts with a category has no file [0.05ms]
(pass) plain format > the code of a rule [0.05ms]
(pass) plain format > a text with a crash report is refused whole [0.06ms]
(pass) plain format > a text with a code frame is refused whole [0.04ms]
(pass) plain format > a text with an empty line is refused whole [0.04ms]
(pass) plain format > a text with a chain line first is refused whole [0.04ms]
(pass) plain format > a text with one space is refused whole [0.03ms]
(pass) plain format > a text with spaces only is refused whole [0.05ms]
(pass) plain format > a text with no line break at the end is refused whole [0.04ms]
(pass) plain format > a text with no code is refused whole [0.04ms]
(pass) plain format > a text with a summary is refused whole [0.03ms]
(pass) plain format > a text with line zero is refused whole [0.04ms]
(pass) plain format > a text with an unknown category is refused whole [0.04ms]
(pass) plain format > a text with a debug log is refused whole [0.03ms]
(pass) plain format > the first section of the baselines of one of 250 cases is the plain format [10.88ms]
(pass) default check > the probe: a command that is no file [107.62ms]
(pass) default check > the probe: a command that runs its operand [365.60ms]
(pass) default check > the probe: a command that dies [316.10ms]
(pass) default check > a command that runs its operand gets no instance [56.98ms]
(pass) default check > the probe: a command that takes the flag and does nothing [346.98ms]
(pass) default check > the probe: a command that lints [381.14ms]
(pass) default check > a command that lints gets the written unit as its operand, and no diagnostic passes an instance without errors [188.34ms]
(pass) default check > stderr is read in the plain format, chain lines too: the first section is the oracle's, and that is no pass [181.85ms]
(pass) default check > a run that breaks the rules is a crash and never an empty list of diagnostics: an exit code that is none of 0, 1 and 2 [175.03ms]
(pass) default check > a run that breaks the rules is a crash and never an empty list of diagnostics: an error of the command [220.82ms]
(pass) default check > never equal to an oracle without errors: the code -1 [245.01ms]
(pass) default check > a run that breaks the rules is a crash and never an empty list of diagnostics: text on stdout [281.74ms]
(pass) default check > a run that breaks the rules is a crash and never an empty list of diagnostics: a line of no form [282.39ms]
(pass) default check > a run that breaks the rules is a crash and never an empty list of diagnostics: a file that is not of the instance [285.16ms]
(pass) default check > a run that breaks the rules is a crash and never an empty list of diagnostics: a signal [284.83ms]
(pass) default check > a run that breaks the rules is a crash and never an empty list of diagnostics: no error and the exit code 2 [297.16ms]
(pass) default check > a run that breaks the rules is a crash and never an empty list of diagnostics: an error and the exit code 0 [363.55ms]
(pass) default check > a run that breaks the rules is a crash and never an empty list of diagnostics: the exit code of a refusal [467.73ms]
(pass) default check > never equal to an oracle without errors: a stand-in [476.30ms]
(pass) default check > a run that breaks the rules is a crash and never an empty list of diagnostics: a diagnostic of a rule [604.73ms]
(pass) listed instances > a batch passes when the oracle is replayed, and fails its names of list E when nothing is reported [9.27ms]
(pass) listed instances > a name in the list of the other class, a skipped instance and a name of no instance are failures [3.69ms]
(pass) expectations.json > is in the form that the update writes [0.08ms]

 105 pass
 0 fail
 171 expect() calls
Ran 105 tests across 1 file. [3.79s]
TIME real 3.806 user 1.949 sys 0.418
exit 0
