loadavg 323.82 443.79 573.62 386/19440 571864
bun test v1.4.3-canary.1 (367d939d9)

test/cli/lint/conformance.test.ts:
(pass) reference > the pinned answers are those of the commits that UPSTREAM names [0.22ms]
(pass) reference > the corpus holds the cases, the baselines and the lists of the pinned commits [6.03ms]
(pass) reference > the list has the instances of the reference's run: 14,915, of which 12,797 run and 2,118 are skipped [27.00ms]
(pass) reference > the case and space tables are those of Go [71.54ms]
(pass) directives > the vectors of the reference parser [28.80ms]
(pass) variations > 72 of the 126 declared options vary [1.07ms]
(pass) variations > no setting [0.41ms]
(pass) variations > one value [0.52ms]
(pass) variations > two values [0.20ms]
(pass) variations > a value twice [0.08ms]
(pass) variations > one value by two names keeps the first name [0.07ms]
(pass) variations > the cross product, keys sorted in the name [0.07ms]
(pass) variations > the last occurrence wins [0.03ms]
(pass) variations > every value [0.05ms]
(pass) variations > every value but one [0.85ms]
(pass) variations > every value but one leaves nothing to vary [0.06ms]
(pass) variations > a value that is taken out again [0.37ms]
(pass) variations > a name in upper case [0.07ms]
(pass) variations > an option that does not vary [0.04ms]
(pass) variations > a set of variations that is empty stops the case [0.17ms]
(pass) variations > 25 variations are the most [1.23ms]
(pass) enumerator > the sample holds cases of both suites [0.62ms]
(pass) enumerator > the instances of one of 40 cases are their lines of the list: group 1 [28.88ms]
(pass) enumerator > the instances of one of 40 cases are their lines of the list: group 2 [11.84ms]
(pass) enumerator > the instances of one of 40 cases are their lines of the list: group 3 [9.30ms]
(pass) enumerator > the instances of one of 40 cases are their lines of the list: group 4 [9.38ms]
(pass) enumerator > the instances of one of 40 cases are their lines of the list: group 5 [6.49ms]
(pass) enumerator > the instances of one of 40 cases are their lines of the list: group 6 [3.75ms]
(pass) enumerator > the instances of one of 40 cases are their lines of the list: group 7 [7.04ms]
(pass) enumerator > the instances of one of 40 cases are their lines of the list: group 8 [8.52ms]
(pass) enumerator > the instances of one of 40 cases are their lines of the list: group 9 [1.14ms]
(pass) enumerator > 45 cases are left out by name and 8 are run for their diagnostics alone [60.36ms]
(pass) enumerator > every instance is its line of the list, and the counts are those of the reference [1197.84ms]
(pass) error baselines > the sample is 200 files of both tools, and holds the files in the pretty form [0.82ms]
(pass) error baselines > read and written again, the bytes are the same: group 1 [20.85ms]
(pass) error baselines > read and written again, the bytes are the same: group 2 [7.01ms]
(pass) error baselines > read and written again, the bytes are the same: group 3 [7.27ms]
(pass) error baselines > read and written again, the bytes are the same: group 4 [29.45ms]
(pass) error baselines > read and written again, the bytes are the same: group 5 [2.33ms]
(pass) error baselines > read and written again, the bytes are the same: group 6 [7.79ms]
(pass) error baselines > read and written again, the bytes are the same: group 7 [6.85ms]
(pass) error baselines > read and written again, the bytes are the same: group 8 [9.36ms]
(pass) error baselines > read and written again, the bytes are the same: group 9 [7.92ms]
(pass) error baselines > read and written again, the bytes are the same: group 10 [16.83ms]
(pass) error baselines > read and written again, the bytes are the same: group 11 [15.49ms]
(pass) error baselines > read and written again, the bytes are the same: group 12 [2.99ms]
(pass) run > the bytes of the baseline are the bytes of the oracle, or it is no pass [2.39ms]
(pass) run > a check that reports nothing passes no instance with errors, and a diagnostic fails an instance without [0.27ms]
(pass) run > the first section alone, which is all that the plain format holds, is reported apart and is never a pass [0.54ms]
(pass) run > what is no list of diagnostics of the instance is no pass [0.46ms]
(pass) run > replayed oracles pass and a check that reports nothing passes no instance with errors: group 1 [19.10ms]
(pass) run > replayed oracles pass and a check that reports nothing passes no instance with errors: group 2 [11.72ms]
(pass) run > replayed oracles pass and a check that reports nothing passes no instance with errors: group 3 [6.42ms]
(pass) run > replayed oracles pass and a check that reports nothing passes no instance with errors: group 4 [4.02ms]
(pass) run > replayed oracles pass and a check that reports nothing passes no instance with errors: group 5 [23.83ms]
(pass) run > replayed oracles pass and a check that reports nothing passes no instance with errors: group 6 [5.71ms]
(pass) run > replayed oracles pass and a check that reports nothing passes no instance with errors: group 7 [5.81ms]
(pass) run > the sample had instances with errors and without [3.52ms]
(pass) expectations > the file has one form [0.34ms]
(pass) expectations > a listed name that does not pass is a failure, and a name that passes enters and never leaves [1.35ms]
(pass) expectations > the names that pass and are not listed are printed with the one command that adds them [0.14ms]
(pass) expectations > a check that reports nothing adds no name: list C takes no more names of a directory than list E has [0.11ms]
(pass) plain format > one located diagnostic [0.26ms]
(pass) plain format > empty text is an empty list [0.04ms]
(pass) plain format > a chain: two spaces per level, siblings and a way back up [0.17ms]
(pass) plain format > a line that is deeper than one level below the line before keeps its spaces [0.07ms]
(pass) plain format > names: spaces, parentheses, a drive, a line break of Windows [0.06ms]
(pass) plain format > a line that starts with a category has no file [0.05ms]
(pass) plain format > the code of a rule [0.05ms]
(pass) plain format > a text with a crash report is refused whole [0.05ms]
(pass) plain format > a text with a code frame is refused whole [0.03ms]
(pass) plain format > a text with an empty line is refused whole [0.03ms]
(pass) plain format > a text with a chain line first is refused whole [0.04ms]
(pass) plain format > a text with one space is refused whole [0.06ms]
(pass) plain format > a text with spaces only is refused whole [0.04ms]
(pass) plain format > a text with no line break at the end is refused whole [0.04ms]
(pass) plain format > a text with no code is refused whole [0.03ms]
(pass) plain format > a text with a summary is refused whole [0.03ms]
(pass) plain format > a text with line zero is refused whole [0.03ms]
(pass) plain format > a text with an unknown category is refused whole [0.03ms]
(pass) plain format > a text with a debug log is refused whole [0.04ms]
(pass) plain format > the first section of the baselines of one of 250 cases is the plain format [8.31ms]
(pass) default check > the probe: a command that is no file [3.44ms]
(pass) default check > the probe: a command that runs its operand [80.79ms]
(pass) default check > the probe: a command that dies [79.32ms]
(pass) default check > the probe: a command that takes the flag and does nothing [97.98ms]
(pass) default check > the probe: a command that lints [108.94ms]
(pass) default check > a command that runs its operand gets no instance [62.41ms]
(pass) default check > a run that breaks the rules is a crash and never an empty list of diagnostics: the exit code of a refusal [205.75ms]
(pass) default check > a run that breaks the rules is a crash and never an empty list of diagnostics: an exit code that is none of 0, 1 and 2 [206.18ms]
(pass) default check > a command that lints gets the written unit as its operand, and no diagnostic passes an instance without errors [236.86ms]
(pass) default check > stderr is read in the plain format, chain lines too: the first section is the oracle's, and that is no pass [209.18ms]
(pass) default check > a run that breaks the rules is a crash and never an empty list of diagnostics: an error of the command [204.99ms]
(pass) default check > a run that breaks the rules is a crash and never an empty list of diagnostics: a diagnostic of a rule [204.89ms]
(pass) default check > a run that breaks the rules is a crash and never an empty list of diagnostics: no error and the exit code 2 [236.49ms]
(pass) default check > a run that breaks the rules is a crash and never an empty list of diagnostics: text on stdout [250.54ms]
(pass) default check > never equal to an oracle without errors: the code -1 [248.97ms]
(pass) default check > a run that breaks the rules is a crash and never an empty list of diagnostics: a signal [253.73ms]
(pass) default check > never equal to an oracle without errors: a stand-in [259.69ms]
(pass) default check > a run that breaks the rules is a crash and never an empty list of diagnostics: an error and the exit code 0 [301.56ms]
(pass) default check > a run that breaks the rules is a crash and never an empty list of diagnostics: a file that is not of the instance [370.23ms]
(pass) default check > a run that breaks the rules is a crash and never an empty list of diagnostics: a line of no form [410.70ms]
(pass) listed instances > a batch passes when the oracle is replayed, and fails its names of list E when nothing is reported [8.89ms]
(pass) listed instances > a name in the list of the other class, a skipped instance and a name of no instance are failures [0.72ms]
(pass) expectations.json > is in the form that the update writes [0.08ms]

 105 pass
 0 fail
 171 expect() calls
Ran 105 tests across 1 file. [2.56s]
TIME real 2.591 user 1.546 sys 0.373
exit 0
