loadavg 341.03 453.11 578.69 242/19238 570920
bun test v1.4.3-canary.1 (367d939d9)

test/cli/lint/conformance.test.ts:
(pass) reference > the pinned answers are those of the commits that UPSTREAM names [1.44ms]
(pass) reference > the corpus holds the cases, the baselines and the lists of the pinned commits [6.42ms]
(pass) reference > the list has the instances of the reference's run: 14,915, of which 12,797 run and 2,118 are skipped [30.57ms]
(pass) reference > the case and space tables are those of Go [112.06ms]
(pass) directives > the vectors of the reference parser [13.47ms]
(pass) variations > 72 of the 126 declared options vary [0.64ms]
(pass) variations > no setting [0.25ms]
(pass) variations > one value [0.55ms]
(pass) variations > two values [0.17ms]
(pass) variations > a value twice [0.06ms]
(pass) variations > one value by two names keeps the first name [0.04ms]
(pass) variations > the cross product, keys sorted in the name [0.06ms]
(pass) variations > the last occurrence wins [0.03ms]
(pass) variations > every value [0.04ms]
(pass) variations > every value but one [0.27ms]
(pass) variations > every value but one leaves nothing to vary [0.91ms]
(pass) variations > a value that is taken out again [0.22ms]
(pass) variations > a name in upper case [0.07ms]
(pass) variations > an option that does not vary [0.03ms]
(pass) variations > a set of variations that is empty stops the case [0.14ms]
(pass) variations > 25 variations are the most [1.59ms]
(pass) enumerator > the sample holds cases of both suites [2.44ms]
(pass) enumerator > the instances of one of 40 cases are their lines of the list: group 1 [46.81ms]
(pass) enumerator > the instances of one of 40 cases are their lines of the list: group 2 [10.72ms]
(pass) enumerator > the instances of one of 40 cases are their lines of the list: group 3 [9.61ms]
(pass) enumerator > the instances of one of 40 cases are their lines of the list: group 4 [8.11ms]
(pass) enumerator > the instances of one of 40 cases are their lines of the list: group 5 [17.15ms]
(pass) enumerator > the instances of one of 40 cases are their lines of the list: group 6 [10.33ms]
(pass) enumerator > the instances of one of 40 cases are their lines of the list: group 7 [4.71ms]
(pass) enumerator > the instances of one of 40 cases are their lines of the list: group 8 [5.78ms]
(pass) enumerator > the instances of one of 40 cases are their lines of the list: group 9 [2.88ms]
(pass) enumerator > 45 cases are left out by name and 8 are run for their diagnostics alone [2.10ms]
(pass) enumerator > every instance is its line of the list, and the counts are those of the reference [937.02ms]
(pass) error baselines > the sample is 200 files of both tools, and holds the files in the pretty form [1.03ms]
(pass) error baselines > read and written again, the bytes are the same: group 1 [20.91ms]
(pass) error baselines > read and written again, the bytes are the same: group 2 [1.10ms]
(pass) error baselines > read and written again, the bytes are the same: group 3 [8.29ms]
(pass) error baselines > read and written again, the bytes are the same: group 4 [24.70ms]
(pass) error baselines > read and written again, the bytes are the same: group 5 [5.79ms]
(pass) error baselines > read and written again, the bytes are the same: group 6 [9.81ms]
(pass) error baselines > read and written again, the bytes are the same: group 7 [9.78ms]
(pass) error baselines > read and written again, the bytes are the same: group 8 [11.27ms]
(pass) error baselines > read and written again, the bytes are the same: group 9 [8.18ms]
(pass) error baselines > read and written again, the bytes are the same: group 10 [16.02ms]
(pass) error baselines > read and written again, the bytes are the same: group 11 [9.60ms]
(pass) error baselines > read and written again, the bytes are the same: group 12 [3.79ms]
(pass) run > the bytes of the baseline are the bytes of the oracle, or it is no pass [4.12ms]
(pass) run > a check that reports nothing passes no instance with errors, and a diagnostic fails an instance without [0.38ms]
(pass) run > the first section alone, which is all that the plain format holds, is reported apart and is never a pass [0.68ms]
(pass) run > what is no list of diagnostics of the instance is no pass [0.49ms]
(pass) run > replayed oracles pass and a check that reports nothing passes no instance with errors: group 1 [17.67ms]
(pass) run > replayed oracles pass and a check that reports nothing passes no instance with errors: group 2 [7.30ms]
(pass) run > replayed oracles pass and a check that reports nothing passes no instance with errors: group 3 [5.26ms]
(pass) run > replayed oracles pass and a check that reports nothing passes no instance with errors: group 4 [2.41ms]
(pass) run > replayed oracles pass and a check that reports nothing passes no instance with errors: group 5 [7.64ms]
(pass) run > replayed oracles pass and a check that reports nothing passes no instance with errors: group 6 [15.24ms]
(pass) run > replayed oracles pass and a check that reports nothing passes no instance with errors: group 7 [4.35ms]
(pass) run > the sample had instances with errors and without [0.15ms]
(pass) expectations > the file has one form [0.34ms]
(pass) expectations > a listed name that does not pass is a failure, and a name that passes enters and never leaves [1.86ms]
(pass) expectations > the names that pass and are not listed are printed with the one command that adds them [0.13ms]
(pass) expectations > a check that reports nothing adds no name: list C takes no more names of a directory than list E has [0.08ms]
(pass) plain format > one located diagnostic [0.83ms]
(pass) plain format > empty text is an empty list [0.10ms]
(pass) plain format > a chain: two spaces per level, siblings and a way back up [0.28ms]
(pass) plain format > a line that is deeper than one level below the line before keeps its spaces [0.13ms]
(pass) plain format > names: spaces, parentheses, a drive, a line break of Windows [0.11ms]
(pass) plain format > a line that starts with a category has no file [0.06ms]
(pass) plain format > the code of a rule [0.05ms]
(pass) plain format > a text with a crash report is refused whole [0.06ms]
(pass) plain format > a text with a code frame is refused whole [0.04ms]
(pass) plain format > a text with an empty line is refused whole [0.04ms]
(pass) plain format > a text with a chain line first is refused whole [0.03ms]
(pass) plain format > a text with one space is refused whole [0.03ms]
(pass) plain format > a text with spaces only is refused whole [0.03ms]
(pass) plain format > a text with no line break at the end is refused whole [0.04ms]
(pass) plain format > a text with no code is refused whole [0.03ms]
(pass) plain format > a text with a summary is refused whole [0.04ms]
(pass) plain format > a text with line zero is refused whole [0.03ms]
(pass) plain format > a text with an unknown category is refused whole [0.03ms]
(pass) plain format > a text with a debug log is refused whole [0.03ms]
(pass) plain format > the first section of the baselines of one of 250 cases is the plain format [6.03ms]
(pass) default check > the probe: a command that is no file [10.24ms]
(pass) default check > the probe: a command that dies [37.70ms]
(pass) default check > a command that runs its operand gets no instance [36.93ms]
(pass) default check > the probe: a command that takes the flag and does nothing [63.36ms]
(pass) default check > the probe: a command that runs its operand [123.24ms]
(pass) default check > the probe: a command that lints [126.78ms]
(pass) default check > a run that breaks the rules is a crash and never an empty list of diagnostics: a signal [176.39ms]
(pass) default check > a run that breaks the rules is a crash and never an empty list of diagnostics: an exit code that is none of 0, 1 and 2 [194.23ms]
(pass) default check > a run that breaks the rules is a crash and never an empty list of diagnostics: text on stdout [191.80ms]
(pass) default check > a run that breaks the rules is a crash and never an empty list of diagnostics: no error and the exit code 2 [227.67ms]
(pass) default check > never equal to an oracle without errors: a stand-in [231.22ms]
(pass) default check > never equal to an oracle without errors: the code -1 [230.88ms]
(pass) default check > a run that breaks the rules is a crash and never an empty list of diagnostics: an error and the exit code 0 [235.06ms]
(pass) default check > stderr is read in the plain format, chain lines too: the first section is the oracle's, and that is no pass [248.41ms]
(pass) default check > a run that breaks the rules is a crash and never an empty list of diagnostics: a line of no form [235.33ms]
(pass) default check > a command that lints gets the written unit as its operand, and no diagnostic passes an instance without errors [250.10ms]
(pass) default check > a run that breaks the rules is a crash and never an empty list of diagnostics: an error of the command [265.44ms]
(pass) default check > a run that breaks the rules is a crash and never an empty list of diagnostics: the exit code of a refusal [268.10ms]
(pass) default check > a run that breaks the rules is a crash and never an empty list of diagnostics: a file that is not of the instance [266.38ms]
(pass) default check > a run that breaks the rules is a crash and never an empty list of diagnostics: a diagnostic of a rule [284.79ms]
(pass) listed instances > a batch passes when the oracle is replayed, and fails its names of list E when nothing is reported [8.09ms]
(pass) listed instances > a name in the list of the other class, a skipped instance and a name of no instance are failures [0.69ms]
(pass) expectations.json > is in the form that the update writes [0.07ms]

 105 pass
 0 fail
 171 expect() calls
Ran 105 tests across 1 file. [1.94s]
TIME real 2.024 user 1.607 sys 0.337
exit 0
