loadavg 334.06 449.81 576.94 240/19533 571041
bun test v1.4.3-canary.1 (367d939d9)

test/cli/lint/conformance.test.ts:
(pass) reference > the pinned answers are those of the commits that UPSTREAM names [0.22ms]
(pass) reference > the corpus holds the cases, the baselines and the lists of the pinned commits [13.36ms]
(pass) reference > the list has the instances of the reference's run: 14,915, of which 12,797 run and 2,118 are skipped [120.62ms]
(pass) reference > the list is the run of the reference that is recorded: its subtests and the reasons of its skips [35.37ms]
(pass) reference > the corpus gives every instance of the list that runs the oracle of its class, and the counts are those of the reference [108.74ms]
(pass) reference > the case and space tables are those of Go [180.40ms]
(pass) directives > the vectors of the reference parser [11.89ms]
(pass) variations > 72 of the 126 declared options vary [0.23ms]
(pass) variations > no setting [0.21ms]
(pass) variations > one value [0.38ms]
(pass) variations > two values [0.14ms]
(pass) variations > a value twice [0.07ms]
(pass) variations > one value by two names keeps the first name [0.04ms]
(pass) variations > the cross product, keys sorted in the name [0.06ms]
(pass) variations > the last occurrence wins [0.04ms]
(pass) variations > every value [0.06ms]
(pass) variations > every value but one [0.10ms]
(pass) variations > every value but one leaves nothing to vary [0.04ms]
(pass) variations > a value that is taken out again [0.05ms]
(pass) variations > a name in upper case [0.08ms]
(pass) variations > an option that does not vary [0.03ms]
(pass) variations > a set of variations that is empty stops the case [0.12ms]
(pass) variations > 25 variations are the most [2.87ms]
(pass) enumerator > the sample holds cases of both suites, and an instance of every reason of a skip [1.53ms]
(pass) enumerator > the instances of one of 40 cases are their lines of the list: group 1 [29.88ms]
(pass) enumerator > the instances of one of 40 cases are their lines of the list: group 2 [8.99ms]
(pass) enumerator > the instances of one of 40 cases are their lines of the list: group 3 [6.36ms]
(pass) enumerator > the instances of one of 40 cases are their lines of the list: group 4 [8.16ms]
(pass) enumerator > the instances of one of 40 cases are their lines of the list: group 5 [4.18ms]
(pass) enumerator > the instances of one of 40 cases are their lines of the list: group 6 [3.39ms]
(pass) enumerator > the instances of one of 40 cases are their lines of the list: group 7 [10.14ms]
(pass) enumerator > the instances of one of 40 cases are their lines of the list: group 8 [9.19ms]
(pass) enumerator > the instances of one of 40 cases are their lines of the list: group 9 [0.63ms]
(pass) enumerator > 45 cases are left out by name and 8 are run for their diagnostics alone [1.37ms]
(pass) error baselines > the sample is 200 files of both tools, and holds the files in the pretty form [1.16ms]
(pass) error baselines > read and written again, the bytes are the same: group 1 [21.85ms]
(pass) error baselines > read and written again, the bytes are the same: group 2 [1.30ms]
(pass) error baselines > read and written again, the bytes are the same: group 3 [13.51ms]
(pass) error baselines > read and written again, the bytes are the same: group 4 [36.42ms]
(pass) error baselines > read and written again, the bytes are the same: group 5 [7.35ms]
(pass) error baselines > read and written again, the bytes are the same: group 6 [10.03ms]
(pass) error baselines > read and written again, the bytes are the same: group 7 [9.20ms]
(pass) error baselines > read and written again, the bytes are the same: group 8 [7.68ms]
(pass) error baselines > read and written again, the bytes are the same: group 9 [13.39ms]
(pass) error baselines > read and written again, the bytes are the same: group 10 [26.10ms]
(pass) error baselines > read and written again, the bytes are the same: group 11 [5.55ms]
(pass) error baselines > read and written again, the bytes are the same: group 12 [2.49ms]
(pass) run > the bytes of the baseline are the bytes of the oracle, or it is no pass [2.90ms]
(pass) run > a check that reports nothing passes no instance with errors, and a diagnostic fails an instance without [0.39ms]
(pass) run > the first section alone, which is all that the plain format holds, is reported apart and is never a pass [0.65ms]
(pass) run > what is no list of diagnostics of the instance is no pass [0.48ms]
(pass) run > replayed oracles pass and a check that reports nothing passes no instance with errors: group 1 [12.86ms]
(pass) run > replayed oracles pass and a check that reports nothing passes no instance with errors: group 2 [2.81ms]
(pass) run > replayed oracles pass and a check that reports nothing passes no instance with errors: group 3 [3.66ms]
(pass) run > replayed oracles pass and a check that reports nothing passes no instance with errors: group 4 [7.36ms]
(pass) run > replayed oracles pass and a check that reports nothing passes no instance with errors: group 5 [6.05ms]
(pass) run > replayed oracles pass and a check that reports nothing passes no instance with errors: group 6 [3.12ms]
(pass) run > replayed oracles pass and a check that reports nothing passes no instance with errors: group 7 [3.25ms]
(pass) run > the sample had instances with errors and without [0.29ms]
(pass) expectations > the file has one form [0.33ms]
(pass) expectations > a listed name that does not pass is a failure, and a name that passes enters and never leaves [0.64ms]
(pass) expectations > the names that pass and are not listed are printed with the one command that adds them [0.15ms]
(pass) expectations > a check that reports nothing adds no name: list C takes no more names of a directory than list E has [0.09ms]
(pass) plain format > one located diagnostic [0.31ms]
(pass) plain format > empty text is an empty list [0.04ms]
(pass) plain format > a chain: two spaces per level, siblings and a way back up [0.22ms]
(pass) plain format > a line that is deeper than one level below the line before keeps its spaces [0.07ms]
(pass) plain format > names: spaces, parentheses, a drive, a line break of Windows [0.08ms]
(pass) plain format > a line that starts with a category has no file [0.05ms]
(pass) plain format > the code of a rule [0.05ms]
(pass) plain format > a text with a crash report is refused whole [0.05ms]
(pass) plain format > a text with a code frame is refused whole [0.04ms]
(pass) plain format > a text with an empty line is refused whole [0.03ms]
(pass) plain format > a text with a chain line first is refused whole [0.03ms]
(pass) plain format > a text with one space is refused whole [0.03ms]
(pass) plain format > a text with spaces only is refused whole [0.04ms]
(pass) plain format > a text with no line break at the end is refused whole [0.03ms]
(pass) plain format > a text with no code is refused whole [0.03ms]
(pass) plain format > a text with a summary is refused whole [0.03ms]
(pass) plain format > a text with line zero is refused whole [0.06ms]
(pass) plain format > a text with an unknown category is refused whole [0.03ms]
(pass) plain format > a text with a debug log is refused whole [3.33ms]
(pass) plain format > the first section of the baselines of one of 250 cases is the plain format [28.16ms]
(pass) default check > the probe: a command that is no file [4.28ms]
(pass) default check > the probe: a command that dies [55.81ms]
(pass) default check > the probe: a command that runs its operand [61.84ms]
(pass) default check > the probe: a command that takes the flag and does nothing [57.41ms]
(pass) default check > a command that runs its operand gets no instance [34.65ms]
(pass) default check > the probe: a command that lints [205.23ms]
(pass) default check > a command that lints gets the written unit as its operand, and no diagnostic passes an instance without errors [184.02ms]
(pass) default check > a run that breaks the rules is a crash and never an empty list of diagnostics: a line of no form [189.90ms]
(pass) default check > a run that breaks the rules is a crash and never an empty list of diagnostics: an exit code that is none of 0, 1 and 2 [190.69ms]
(pass) default check > stderr is read in the plain format, chain lines too: the first section is the oracle's, and that is no pass [204.73ms]
(pass) default check > a run that breaks the rules is a crash and never an empty list of diagnostics: an error and the exit code 0 [198.62ms]
(pass) default check > a run that breaks the rules is a crash and never an empty list of diagnostics: no error and the exit code 2 [198.78ms]
(pass) default check > a run that breaks the rules is a crash and never an empty list of diagnostics: a signal [194.52ms]
(pass) default check > a run that breaks the rules is a crash and never an empty list of diagnostics: the exit code of a refusal [224.83ms]
(pass) default check > a run that breaks the rules is a crash and never an empty list of diagnostics: a file that is not of the instance [271.43ms]
(pass) default check > a run that breaks the rules is a crash and never an empty list of diagnostics: an error of the command [279.00ms]
(pass) default check > a run that breaks the rules is a crash and never an empty list of diagnostics: a diagnostic of a rule [279.06ms]
(pass) default check > never equal to an oracle without errors: a stand-in [281.35ms]
(pass) default check > a run that breaks the rules is a crash and never an empty list of diagnostics: text on stdout [323.52ms]
(pass) default check > never equal to an oracle without errors: the code -1 [318.93ms]
(pass) listed instances > a batch passes when the oracle is replayed, and fails its names of list E when nothing is reported [43.32ms]
(pass) listed instances > a name in the list of the other class, a skipped instance and a name of no instance are failures [0.97ms]
(pass) expectations.json > is in the form that the update writes [0.07ms]

 106 pass
 0 fail
 171 expect() calls
Ran 106 tests across 1 file. [1.55s]
TIME real 1.600 user 0.801 sys 0.227
exit 0
