loadavg 317.99 440.59 571.89 219/19174 571996
bun test v1.4.3-canary.1 (367d939d9)

test/cli/lint/conformance.test.ts:
(pass) reference > the pinned answers are those of the commits that UPSTREAM names [0.17ms]
(pass) reference > the corpus holds the cases, the baselines and the lists of the pinned commits [6.23ms]
(pass) reference > the list has the instances of the reference's run: 14,915, of which 12,797 run and 2,118 are skipped [105.97ms]
(pass) reference > the list is the run of the reference that is recorded: its subtests and the reasons of its skips [49.82ms]
(pass) reference > the corpus gives every instance of the list that runs the oracle of its class, and the counts are those of the reference [65.79ms]
(pass) reference > the case and space tables are those of Go [84.90ms]
(pass) directives > the vectors of the reference parser [19.18ms]
(pass) variations > 72 of the 126 declared options vary [1.39ms]
(pass) variations > no setting [0.38ms]
(pass) variations > one value [0.62ms]
(pass) variations > two values [0.23ms]
(pass) variations > a value twice [0.09ms]
(pass) variations > one value by two names keeps the first name [0.05ms]
(pass) variations > the cross product, keys sorted in the name [0.08ms]
(pass) variations > the last occurrence wins [0.05ms]
(pass) variations > every value [0.32ms]
(pass) variations > every value but one [1.25ms]
(pass) variations > every value but one leaves nothing to vary [0.08ms]
(pass) variations > a value that is taken out again [0.14ms]
(pass) variations > a name in upper case [0.06ms]
(pass) variations > an option that does not vary [0.04ms]
(pass) variations > a set of variations that is empty stops the case [0.19ms]
(pass) variations > 25 variations are the most [1.75ms]
(pass) enumerator > the sample holds cases of both suites, and an instance of every reason of a skip [1.91ms]
(pass) enumerator > the instances of one of 40 cases are their lines of the list: group 1 [27.59ms]
(pass) enumerator > the instances of one of 40 cases are their lines of the list: group 2 [13.94ms]
(pass) enumerator > the instances of one of 40 cases are their lines of the list: group 3 [8.66ms]
(pass) enumerator > the instances of one of 40 cases are their lines of the list: group 4 [13.34ms]
(pass) enumerator > the instances of one of 40 cases are their lines of the list: group 5 [4.64ms]
(pass) enumerator > the instances of one of 40 cases are their lines of the list: group 6 [6.08ms]
(pass) enumerator > the instances of one of 40 cases are their lines of the list: group 7 [20.72ms]
(pass) enumerator > the instances of one of 40 cases are their lines of the list: group 8 [1.86ms]
(pass) enumerator > the instances of one of 40 cases are their lines of the list: group 9 [12.11ms]
(pass) enumerator > 45 cases are left out by name and 8 are run for their diagnostics alone [4.12ms]
(pass) error baselines > the sample is 200 files of both tools, and holds the files in the pretty form [0.39ms]
(pass) error baselines > read and written again, the bytes are the same: group 1 [13.33ms]
(pass) error baselines > read and written again, the bytes are the same: group 2 [0.81ms]
(pass) error baselines > read and written again, the bytes are the same: group 3 [2.23ms]
(pass) error baselines > read and written again, the bytes are the same: group 4 [10.61ms]
(pass) error baselines > read and written again, the bytes are the same: group 5 [1.91ms]
(pass) error baselines > read and written again, the bytes are the same: group 6 [3.33ms]
(pass) error baselines > read and written again, the bytes are the same: group 7 [3.62ms]
(pass) error baselines > read and written again, the bytes are the same: group 8 [6.03ms]
(pass) error baselines > read and written again, the bytes are the same: group 9 [3.51ms]
(pass) error baselines > read and written again, the bytes are the same: group 10 [13.87ms]
(pass) error baselines > read and written again, the bytes are the same: group 11 [17.70ms]
(pass) error baselines > read and written again, the bytes are the same: group 12 [4.36ms]
(pass) run > the bytes of the baseline are the bytes of the oracle, or it is no pass [2.61ms]
(pass) run > a check that reports nothing passes no instance with errors, and a diagnostic fails an instance without [0.29ms]
(pass) run > the first section alone, which is all that the plain format holds, is reported apart and is never a pass [4.09ms]
(pass) run > what is no list of diagnostics of the instance is no pass [0.53ms]
(pass) run > replayed oracles pass and a check that reports nothing passes no instance with errors: group 1 [15.11ms]
(pass) run > replayed oracles pass and a check that reports nothing passes no instance with errors: group 2 [14.74ms]
(pass) run > replayed oracles pass and a check that reports nothing passes no instance with errors: group 3 [47.01ms]
(pass) run > replayed oracles pass and a check that reports nothing passes no instance with errors: group 4 [4.21ms]
(pass) run > replayed oracles pass and a check that reports nothing passes no instance with errors: group 5 [7.48ms]
(pass) run > replayed oracles pass and a check that reports nothing passes no instance with errors: group 6 [4.71ms]
(pass) run > replayed oracles pass and a check that reports nothing passes no instance with errors: group 7 [3.85ms]
(pass) run > the sample had instances with errors and without [0.12ms]
(pass) expectations > the file has one form [0.26ms]
(pass) expectations > a listed name that does not pass is a failure, and a name that passes enters and never leaves [0.70ms]
(pass) expectations > the names that pass and are not listed are printed with the one command that adds them [0.12ms]
(pass) expectations > a check that reports nothing adds no name: list C takes no more names of a directory than list E has [0.07ms]
(pass) plain format > one located diagnostic [1.41ms]
(pass) plain format > empty text is an empty list [0.07ms]
(pass) plain format > a chain: two spaces per level, siblings and a way back up [0.25ms]
(pass) plain format > a line that is deeper than one level below the line before keeps its spaces [0.07ms]
(pass) plain format > names: spaces, parentheses, a drive, a line break of Windows [0.07ms]
(pass) plain format > a line that starts with a category has no file [1.04ms]
(pass) plain format > the code of a rule [0.07ms]
(pass) plain format > a text with a crash report is refused whole [0.08ms]
(pass) plain format > a text with a code frame is refused whole [0.04ms]
(pass) plain format > a text with an empty line is refused whole [0.04ms]
(pass) plain format > a text with a chain line first is refused whole [0.03ms]
(pass) plain format > a text with one space is refused whole [0.03ms]
(pass) plain format > a text with spaces only is refused whole [0.03ms]
(pass) plain format > a text with no line break at the end is refused whole [0.03ms]
(pass) plain format > a text with no code is refused whole [0.03ms]
(pass) plain format > a text with a summary is refused whole [0.03ms]
(pass) plain format > a text with line zero is refused whole [0.03ms]
(pass) plain format > a text with an unknown category is refused whole [0.03ms]
(pass) plain format > a text with a debug log is refused whole [0.03ms]
(pass) plain format > the first section of the baselines of one of 250 cases is the plain format [8.35ms]
(pass) default check > the probe: a command that is no file [35.54ms]
(pass) default check > the probe: a command that dies [133.16ms]
(pass) default check > the probe: a command that takes the flag and does nothing [138.48ms]
(pass) default check > a command that runs its operand gets no instance [121.54ms]
(pass) default check > the probe: a command that runs its operand [193.29ms]
(pass) default check > the probe: a command that lints [212.16ms]
(pass) default check > stderr is read in the plain format, chain lines too: the first section is the oracle's, and that is no pass [540.29ms]
(pass) default check > a run that breaks the rules is a crash and never an empty list of diagnostics: an error and the exit code 0 [525.41ms]
(pass) default check > a command that lints gets the written unit as its operand, and no diagnostic passes an instance without errors [556.85ms]
(pass) default check > a run that breaks the rules is a crash and never an empty list of diagnostics: the exit code of a refusal [525.86ms]
(pass) default check > a run that breaks the rules is a crash and never an empty list of diagnostics: a line of no form [525.69ms]
(pass) default check > a run that breaks the rules is a crash and never an empty list of diagnostics: a signal [524.09ms]
(pass) default check > a run that breaks the rules is a crash and never an empty list of diagnostics: an error of the command [526.10ms]
(pass) default check > a run that breaks the rules is a crash and never an empty list of diagnostics: a file that is not of the instance [528.41ms]
(pass) default check > a run that breaks the rules is a crash and never an empty list of diagnostics: no error and the exit code 2 [536.33ms]
(pass) default check > a run that breaks the rules is a crash and never an empty list of diagnostics: text on stdout [536.38ms]
(pass) default check > a run that breaks the rules is a crash and never an empty list of diagnostics: an exit code that is none of 0, 1 and 2 [544.71ms]
(pass) default check > never equal to an oracle without errors: a stand-in [556.82ms]
(pass) default check > never equal to an oracle without errors: the code -1 [556.41ms]
(pass) default check > a run that breaks the rules is a crash and never an empty list of diagnostics: a diagnostic of a rule [758.26ms]
(pass) listed instances > a batch passes when the oracle is replayed, and fails its names of list E when nothing is reported [25.56ms]
(pass) listed instances > a name in the list of the other class, a skipped instance and a name of no instance are failures [2.19ms]
(pass) expectations.json > is in the form that the update writes [0.07ms]

 106 pass
 0 fail
 171 expect() calls
Ran 106 tests across 1 file. [1.71s]
TIME real 1.739 user 0.891 sys 0.240
exit 0
