loadavg 327.81 446.59 575.22 239/19226 571521
bun test v1.4.3-canary.1 (367d939d9)

test/cli/lint/conformance.test.ts:
(pass) reference > the pinned answers are those of the commits that UPSTREAM names [0.16ms]
(pass) reference > the corpus holds the cases, the baselines and the lists of the pinned commits [9.61ms]
(pass) reference > the list has the instances of the reference's run: 14,915, of which 12,797 run and 2,118 are skipped [27.75ms]
(pass) reference > the list is the run of the reference that is recorded: its subtests and the reasons of its skips [25.73ms]
(pass) reference > the corpus gives every instance of the list that runs the oracle of its class, and the counts are those of the reference [60.33ms]
(pass) reference > the case and space tables are those of Go [71.27ms]
(pass) directives > the vectors of the reference parser [13.07ms]
(pass) variations > 72 of the 126 declared options vary [0.84ms]
(pass) variations > no setting [0.33ms]
(pass) variations > one value [0.70ms]
(pass) variations > two values [0.22ms]
(pass) variations > a value twice [0.08ms]
(pass) variations > one value by two names keeps the first name [0.05ms]
(pass) variations > the cross product, keys sorted in the name [0.07ms]
(pass) variations > the last occurrence wins [0.04ms]
(pass) variations > every value [0.15ms]
(pass) variations > every value but one [1.00ms]
(pass) variations > every value but one leaves nothing to vary [0.06ms]
(pass) variations > a value that is taken out again [0.12ms]
(pass) variations > a name in upper case [0.06ms]
(pass) variations > an option that does not vary [0.04ms]
(pass) variations > a set of variations that is empty stops the case [0.17ms]
(pass) variations > 25 variations are the most [1.50ms]
(pass) enumerator > the sample holds cases of both suites, and an instance of every reason of a skip [1.55ms]
(pass) enumerator > the instances of one of 40 cases are their lines of the list: group 1 [24.63ms]
(pass) enumerator > the instances of one of 40 cases are their lines of the list: group 2 [13.49ms]
(pass) enumerator > the instances of one of 40 cases are their lines of the list: group 3 [8.15ms]
(pass) enumerator > the instances of one of 40 cases are their lines of the list: group 4 [8.93ms]
(pass) enumerator > the instances of one of 40 cases are their lines of the list: group 5 [7.60ms]
(pass) enumerator > the instances of one of 40 cases are their lines of the list: group 6 [4.12ms]
(pass) enumerator > the instances of one of 40 cases are their lines of the list: group 7 [6.77ms]
(pass) enumerator > the instances of one of 40 cases are their lines of the list: group 8 [9.13ms]
(pass) enumerator > the instances of one of 40 cases are their lines of the list: group 9 [3.66ms]
(pass) enumerator > 45 cases are left out by name and 8 are run for their diagnostics alone [15.52ms]
(pass) error baselines > the sample is 200 files of both tools, and holds the files in the pretty form [1.46ms]
(pass) error baselines > read and written again, the bytes are the same: group 1 [23.00ms]
(pass) error baselines > read and written again, the bytes are the same: group 2 [1.37ms]
(pass) error baselines > read and written again, the bytes are the same: group 3 [7.73ms]
(pass) error baselines > read and written again, the bytes are the same: group 4 [25.17ms]
(pass) error baselines > read and written again, the bytes are the same: group 5 [5.20ms]
(pass) error baselines > read and written again, the bytes are the same: group 6 [7.09ms]
(pass) error baselines > read and written again, the bytes are the same: group 7 [6.18ms]
(pass) error baselines > read and written again, the bytes are the same: group 8 [11.52ms]
(pass) error baselines > read and written again, the bytes are the same: group 9 [11.95ms]
(pass) error baselines > read and written again, the bytes are the same: group 10 [20.21ms]
(pass) error baselines > read and written again, the bytes are the same: group 11 [24.18ms]
(pass) error baselines > read and written again, the bytes are the same: group 12 [2.82ms]
(pass) run > the bytes of the baseline are the bytes of the oracle, or it is no pass [2.14ms]
(pass) run > a check that reports nothing passes no instance with errors, and a diagnostic fails an instance without [0.28ms]
(pass) run > the first section alone, which is all that the plain format holds, is reported apart and is never a pass [0.47ms]
(pass) run > what is no list of diagnostics of the instance is no pass [0.30ms]
(pass) run > replayed oracles pass and a check that reports nothing passes no instance with errors: group 1 [23.90ms]
(pass) run > replayed oracles pass and a check that reports nothing passes no instance with errors: group 2 [4.87ms]
(pass) run > replayed oracles pass and a check that reports nothing passes no instance with errors: group 3 [10.94ms]
(pass) run > replayed oracles pass and a check that reports nothing passes no instance with errors: group 4 [36.55ms]
(pass) run > replayed oracles pass and a check that reports nothing passes no instance with errors: group 5 [11.69ms]
(pass) run > replayed oracles pass and a check that reports nothing passes no instance with errors: group 6 [5.20ms]
(pass) run > replayed oracles pass and a check that reports nothing passes no instance with errors: group 7 [5.46ms]
(pass) run > the sample had instances with errors and without [0.13ms]
(pass) expectations > the file has one form [0.24ms]
(pass) expectations > a listed name that does not pass is a failure, and a name that passes enters and never leaves [3.73ms]
(pass) expectations > the names that pass and are not listed are printed with the one command that adds them [0.13ms]
(pass) expectations > a check that reports nothing adds no name: list C takes no more names of a directory than list E has [0.07ms]
(pass) plain format > one located diagnostic [0.57ms]
(pass) plain format > empty text is an empty list [0.06ms]
(pass) plain format > a chain: two spaces per level, siblings and a way back up [0.19ms]
(pass) plain format > a line that is deeper than one level below the line before keeps its spaces [0.07ms]
(pass) plain format > names: spaces, parentheses, a drive, a line break of Windows [0.07ms]
(pass) plain format > a line that starts with a category has no file [0.06ms]
(pass) plain format > the code of a rule [0.42ms]
(pass) plain format > a text with a crash report is refused whole [0.08ms]
(pass) plain format > a text with a code frame is refused whole [0.04ms]
(pass) plain format > a text with an empty line is refused whole [0.03ms]
(pass) plain format > a text with a chain line first is refused whole [0.03ms]
(pass) plain format > a text with one space is refused whole [0.03ms]
(pass) plain format > a text with spaces only is refused whole [0.03ms]
(pass) plain format > a text with no line break at the end is refused whole [0.03ms]
(pass) plain format > a text with no code is refused whole [0.03ms]
(pass) plain format > a text with a summary is refused whole [0.03ms]
(pass) plain format > a text with line zero is refused whole [0.04ms]
(pass) plain format > a text with an unknown category is refused whole [0.03ms]
(pass) plain format > a text with a debug log is refused whole [0.03ms]
(pass) plain format > the first section of the baselines of one of 250 cases is the plain format [14.47ms]
(pass) default check > the probe: a command that is no file [53.17ms]
(pass) default check > the probe: a command that dies [172.76ms]
(pass) default check > the probe: a command that runs its operand [183.66ms]
(pass) default check > a command that runs its operand gets no instance [110.81ms]
(pass) default check > the probe: a command that takes the flag and does nothing [177.31ms]
(pass) default check > the probe: a command that lints [227.48ms]
(pass) default check > a run that breaks the rules is a crash and never an empty list of diagnostics: an error and the exit code 0 [285.10ms]
(pass) default check > a run that breaks the rules is a crash and never an empty list of diagnostics: text on stdout [284.81ms]
(pass) default check > a run that breaks the rules is a crash and never an empty list of diagnostics: a signal [279.57ms]
(pass) default check > stderr is read in the plain format, chain lines too: the first section is the oracle's, and that is no pass [339.23ms]
(pass) default check > a run that breaks the rules is a crash and never an empty list of diagnostics: an exit code that is none of 0, 1 and 2 [298.51ms]
(pass) default check > a run that breaks the rules is a crash and never an empty list of diagnostics: a diagnostic of a rule [292.40ms]
(pass) default check > never equal to an oracle without errors: the code -1 [296.93ms]
(pass) default check > a command that lints gets the written unit as its operand, and no diagnostic passes an instance without errors [374.36ms]
(pass) default check > a run that breaks the rules is a crash and never an empty list of diagnostics: a line of no form [355.76ms]
(pass) default check > a run that breaks the rules is a crash and never an empty list of diagnostics: the exit code of a refusal [358.94ms]
(pass) default check > a run that breaks the rules is a crash and never an empty list of diagnostics: no error and the exit code 2 [362.45ms]
(pass) default check > a run that breaks the rules is a crash and never an empty list of diagnostics: a file that is not of the instance [360.06ms]
(pass) default check > a run that breaks the rules is a crash and never an empty list of diagnostics: an error of the command [362.73ms]
(pass) default check > never equal to an oracle without errors: a stand-in [411.63ms]
(pass) listed instances > a batch passes when the oracle is replayed, and fails its names of list E when nothing is reported [14.15ms]
(pass) listed instances > a name in the list of the other class, a skipped instance and a name of no instance are failures [3.89ms]
(pass) expectations.json > is in the form that the update writes [0.18ms]

 106 pass
 0 fail
 171 expect() calls
Ran 106 tests across 1 file. [1355.00ms]
TIME real 1.383 user 0.833 sys 0.236
exit 0
