---------------------------------
{ printWidth: 40, useTabs: true }
---------------------------------
a = 1


b = [
	1, # c
	2,
]

---------------------------------
{ printWidth: 80, useTabs: true }
---------------------------------
a = 1


b = [
	1, # c
	2,
]

----------------------------------
{ printWidth: 100, useTabs: true }
----------------------------------
a = 1


b = [
	1, # c
	2,
]

------------------------------------------------------
{ printWidth: 80, tabWidth: 4, trailingComma: "none" }
------------------------------------------------------
a = 1


b = [
    1, # c
    2
]

-------------------------------------------------------
{ printWidth: 100, tabWidth: 4, trailingComma: "none" }
-------------------------------------------------------
a = 1


b = [
    1, # c
    2
]

-------------------------------------
{ endOfLine: "crlf", printWidth: 80 }
-------------------------------------
a = 1


b = [
  1, # c
  2,
]

--------------------------------------
{ endOfLine: "crlf", printWidth: 100 }
--------------------------------------
a = 1


b = [
  1, # c
  2,
]

===================== End =====================
