---
source: crates/oxc_formatter/tests/fixtures/mod.rs
---
==================== Input ====================
// TSTypeParameterInstantiation
export class ClassTest extends Modal<
  // comment
  string | number | undefined
> {
}

Math.random<
  // comment
  string | number | undefined
>;

Math.random<
  // comment
  string | number | undefined
>();


// TypeAssertion
<
  // comment
  string | number | undefined
>0;

console.log(
  <
    // comment
    string | number | undefined
  >0
);

==================== Output ====================
------------------
{ printWidth: 80 }
------------------
// TSTypeParameterInstantiation
export class ClassTest extends Modal<
  // comment
  string | number | undefined
> {}

Math.random<
  // comment
  string | number | undefined
>;

Math.random<
  // comment
  string | number | undefined
>();

// TypeAssertion
<
  // comment
  string | number | undefined
>0;

console.log(
  <
    // comment
    string | number | undefined
  >0,
);

-------------------
{ printWidth: 100 }
-------------------
// TSTypeParameterInstantiation
export class ClassTest extends Modal<
  // comment
  string | number | undefined
> {}

Math.random<
  // comment
  string | number | undefined
>;

Math.random<
  // comment
  string | number | undefined
>();

// TypeAssertion
<
  // comment
  string | number | undefined
>0;

console.log(
  <
    // comment
    string | number | undefined
  >0,
);

===================== End =====================
