---
source: crates/oxc_formatter/tests/fixtures/mod.rs
---
==================== Input ====================
export type xxxxxxxxxxxxxx =
  /** xxxx
   */
  | { xxxxxxxxxxxxxxx: true }
  | { xxxxxxxxxxxxxxx: false; xxxxxxxxxxxxxxx: bigint | null };
==================== Output ====================
------------------
{ printWidth: 80 }
------------------
export type xxxxxxxxxxxxxx =
  /** xxxx
   */
  | { xxxxxxxxxxxxxxx: true }
  | { xxxxxxxxxxxxxxx: false; xxxxxxxxxxxxxxx: bigint | null };

-------------------
{ printWidth: 100 }
-------------------
export type xxxxxxxxxxxxxx =
  /** xxxx
   */
  { xxxxxxxxxxxxxxx: true } | { xxxxxxxxxxxxxxx: false; xxxxxxxxxxxxxxx: bigint | null };

===================== End =====================
