### cmd: cargo miri test -p bun_lint --lib probe_an_arena
### cwd: /tmp/cli-d1/tree
### start: 2026-10-01T10:57:11Z
    Finished `test` profile [unoptimized + debuginfo] target(s) in 0.99s
     Running unittests lib.rs (target/miri/x86_64-unknown-linux-gnu/debug/build/bun_lint/f5b7f9ac214d98b6/out/bun_lint-f5b7f9ac214d98b6)

running 1 test
test probe_arena::probe_an_arena_is_made_and_dropped ... error: unsupported operation: can't call foreign function `mi_heap_new` on OS `linux`
 --> src/bun_alloc/MimallocArena.rs:102:28
  |
  = note: unsupported operation occurred here
  |
  = help: this means the program tried to do something Miri does not support; it does not indicate a bug in the program
  = note: this is on thread `probe_arena::pr`
  = note: stack backtrace:
          0: bun_alloc::MimallocArena::new
              at src/bun_alloc/MimallocArena.rs:102:29: 102:52
          1: probe_arena::probe_an_arena_is_made_and_dropped
              at src/lint/probe_arena.rs:3:17: 3:40
          2: probe_arena::probe_an_arena_is_made_and_dropped::{closure#0}
              at src/lint/probe_arena.rs:2:40: 2:40

note: some details are omitted, run with `MIRIFLAGS=-Zmiri-backtrace=full` for a verbose backtrace

error: aborting due to 1 previous error

error: test failed, to rerun pass `-p bun_lint --lib`

Caused by:
  process didn't exit successfully: `/root/.rustup/toolchains/nightly-2026-09-15-x86_64-unknown-linux-gnu/bin/cargo-miri runner /tmp/cli-d1/tree/target/miri/x86_64-unknown-linux-gnu/debug/build/bun_lint/f5b7f9ac214d98b6/out/bun_lint-f5b7f9ac214d98b6 probe_an_arena` (exit status: 1)
note: test exited abnormally; to see the full output pass --no-capture to the harness.
### finished: 2026-10-01T10:57:18Z rc=1 wall=7s
