### cmd: cargo check -p bun_lint --all-targets --target x86_64-pc-windows-msvc --message-format=short
### cwd: /tmp/cli-d1/tree
### start: 2026-10-01T10:57:20Z
 Downloading crates ...
  Downloaded windows-link v0.2.1
  Downloaded windows-targets v0.52.6
  Downloaded windows_x86_64_gnu v0.52.6
  Downloaded windows_x86_64_msvc v0.52.6
  Downloaded windows-sys v0.59.0
  Downloaded windows-sys v0.61.2
   Compiling proc-macro2 v1.0.106
   Compiling quote v1.0.45
   Compiling unicode-ident v1.0.24
   Compiling libc v0.2.186
   Compiling rustversion v1.0.22
   Compiling unicode-xid v0.2.6
   Compiling heck v0.5.0
   Compiling thiserror v2.0.18
   Compiling bun_output_tags v0.0.0 (/tmp/cli-d1/tree/src/bun_output_tags)
   Compiling bun_core v0.0.0 (/tmp/cli-d1/tree/src/bun_core)
   Compiling paste v1.0.15
    Checking memchr v2.8.0
    Checking bstr v1.12.1
   Compiling syn v2.0.117
    Checking konst_macro_rules v0.2.19
    Checking allocator-api2 v0.2.21
    Checking bun_opaque v0.0.0 (/tmp/cli-d1/tree/src/opaque)
    Checking konst v0.2.20
   Compiling const_format_proc_macros v0.2.34
    Checking bun_mimalloc_sys v0.0.0 (/tmp/cli-d1/tree/src/mimalloc_sys)
    Checking bun_wyhash v0.0.0 (/tmp/cli-d1/tree/src/wyhash)
    Checking bun_highway v0.0.0 (/tmp/cli-d1/tree/src/highway)
    Checking bun_hash v0.0.0 (/tmp/cli-d1/tree/src/hash)
    Checking bun_alloc v0.0.0 (/tmp/cli-d1/tree/src/bun_alloc)
    Checking bun_simdutf_sys v0.0.0 (/tmp/cli-d1/tree/src/simdutf_sys)
    Checking bytemuck v1.25.0
    Checking itoa v1.0.18
   Compiling ident_case v1.0.1
    Checking bun_windows_sys v0.0.0 (/tmp/cli-d1/tree/src/windows_sys)
    Checking const_format v0.2.36
   Compiling fnv v1.0.7
    Checking scopeguard v1.2.0
    Checking hashbrown v0.15.5
    Checking smallvec v1.15.1
    Checking rustc-hash v2.1.2
   Compiling darling_core v0.21.3
    Checking bitflags v2.11.1
   Compiling thiserror-impl v2.0.18
   Compiling strum_macros v0.26.4
   Compiling bun_dispatch v0.0.0 (/tmp/cli-d1/tree/src/dispatch)
   Compiling bun_core_macros v0.0.0 (/tmp/cli-d1/tree/src/bun_core_macros)
   Compiling enum-map-derive v0.17.0
    Checking enum-map v2.7.3
   Compiling darling_macro v0.21.3
    Checking strum v0.26.3
   Compiling darling v0.21.3
   Compiling enumset_derive v0.14.0
    Checking enumset v1.1.10
    Checking bun_libuv_sys v0.0.0 (/tmp/cli-d1/tree/src/libuv_sys)
    Checking bun_ptr v0.0.0 (/tmp/cli-d1/tree/src/ptr)
    Checking bun_safety v0.0.0 (/tmp/cli-d1/tree/src/safety)
    Checking bun_boringssl_sys v0.0.0 (/tmp/cli-d1/tree/src/boringssl_sys)
    Checking bun_zlib_sys v0.0.0 (/tmp/cli-d1/tree/src/zlib_sys)
    Checking bun_errno v0.0.0 (/tmp/cli-d1/tree/src/errno)
    Checking bun_base64 v0.0.0 (/tmp/cli-d1/tree/src/base64)
    Checking bun_collections v0.0.0 (/tmp/cli-d1/tree/src/collections)
    Checking bun_paths v0.0.0 (/tmp/cli-d1/tree/src/paths)
    Checking bun_sys v0.0.0 (/tmp/cli-d1/tree/src/sys)
    Checking bun_semver v0.0.0 (/tmp/cli-d1/tree/src/semver)
    Checking bun_url v0.0.0 (/tmp/cli-d1/tree/src/url)
    Checking bun_zlib v0.0.0 (/tmp/cli-d1/tree/src/zlib)
    Checking bun_analytics v0.0.0 (/tmp/cli-d1/tree/src/analytics)
    Checking bun_http_types v0.0.0 (/tmp/cli-d1/tree/src/http_types)
    Checking bun_perf v0.0.0 (/tmp/cli-d1/tree/src/perf)
    Checking bun_which v0.0.0 (/tmp/cli-d1/tree/src/which)
    Checking bun_spawn_sys v0.0.0 (/tmp/cli-d1/tree/src/spawn_sys)
    Checking bun_threading v0.0.0 (/tmp/cli-d1/tree/src/threading)
    Checking bun_ast v0.0.0 (/tmp/cli-d1/tree/src/ast)
    Checking bun_uws_sys v0.0.0 (/tmp/cli-d1/tree/src/uws_sys)
    Checking bun_dotenv v0.0.0 (/tmp/cli-d1/tree/src/dotenv)
    Checking bun_io v0.0.0 (/tmp/cli-d1/tree/src/io)
    Checking bun_install_types v0.0.0 (/tmp/cli-d1/tree/src/install_types)
    Checking bun_react_compiler v0.0.0 (/tmp/cli-d1/tree/src/react_compiler)
    Checking bun_options_types v0.0.0 (/tmp/cli-d1/tree/src/options_types)
    Checking bun_crash_handler v0.0.0 (/tmp/cli-d1/tree/src/crash_handler)
    Checking bun_js_parser v0.0.0 (/tmp/cli-d1/tree/src/js_parser)
    Checking bun_lint v0.0.0 (/tmp/cli-d1/tree/src/lint)
    Finished `dev` profile [unoptimized + debuginfo] target(s) in 1m 26s
### finished: 2026-10-01T10:58:47Z rc=0 wall=88s
