### cmd: cargo check -p bun_lint --all-targets --target aarch64-apple-darwin --message-format=short
### cwd: /tmp/cli-d1/tree
### start: 2026-10-01T10:58:48Z
   Compiling libc v0.2.186
   Compiling thiserror v2.0.18
   Compiling bun_core v0.0.0 (/tmp/cli-d1/tree/src/bun_core)
    Checking memchr v2.8.0
    Checking konst_macro_rules v0.2.19
    Checking bun_opaque v0.0.0 (/tmp/cli-d1/tree/src/opaque)
    Checking allocator-api2 v0.2.21
    Checking bstr v1.12.1
    Checking bun_mimalloc_sys v0.0.0 (/tmp/cli-d1/tree/src/mimalloc_sys)
    Checking konst v0.2.20
    Checking bun_wyhash v0.0.0 (/tmp/cli-d1/tree/src/wyhash)
    Checking bun_highway v0.0.0 (/tmp/cli-d1/tree/src/highway)
    Checking strum v0.26.3
    Checking bun_alloc v0.0.0 (/tmp/cli-d1/tree/src/bun_alloc)
    Checking bun_hash v0.0.0 (/tmp/cli-d1/tree/src/hash)
    Checking const_format v0.2.36
    Checking bun_simdutf_sys v0.0.0 (/tmp/cli-d1/tree/src/simdutf_sys)
    Checking bytemuck v1.25.0
    Checking bun_output_tags v0.0.0 (/tmp/cli-d1/tree/src/bun_output_tags)
    Checking itoa v1.0.18
    Checking scopeguard v1.2.0
    Checking bun_libuv_sys v0.0.0 (/tmp/cli-d1/tree/src/libuv_sys)
    Checking enum-map v2.7.3
    Checking bun_windows_sys v0.0.0 (/tmp/cli-d1/tree/src/windows_sys)
    Checking hashbrown v0.15.5
    Checking rustc-hash v2.1.2
    Checking smallvec v1.15.1
    Checking bitflags v2.11.1
    Checking enumset v1.1.10
    Checking bun_ptr v0.0.0 (/tmp/cli-d1/tree/src/ptr)
    Checking bun_errno v0.0.0 (/tmp/cli-d1/tree/src/errno)
    Checking bun_boringssl_sys v0.0.0 (/tmp/cli-d1/tree/src/boringssl_sys)
    Checking bun_safety v0.0.0 (/tmp/cli-d1/tree/src/safety)
    Checking bun_zlib_sys v0.0.0 (/tmp/cli-d1/tree/src/zlib_sys)
    Checking bun_base64 v0.0.0 (/tmp/cli-d1/tree/src/base64)
    Checking bun_paths v0.0.0 (/tmp/cli-d1/tree/src/paths)
    Checking bun_collections v0.0.0 (/tmp/cli-d1/tree/src/collections)
    Checking bun_sys v0.0.0 (/tmp/cli-d1/tree/src/sys)
    Checking bun_semver v0.0.0 (/tmp/cli-d1/tree/src/semver)
    Checking bun_zlib v0.0.0 (/tmp/cli-d1/tree/src/zlib)
    Checking bun_url v0.0.0 (/tmp/cli-d1/tree/src/url)
    Checking bun_http_types v0.0.0 (/tmp/cli-d1/tree/src/http_types)
    Checking bun_analytics v0.0.0 (/tmp/cli-d1/tree/src/analytics)
    Checking bun_perf v0.0.0 (/tmp/cli-d1/tree/src/perf)
    Checking bun_which v0.0.0 (/tmp/cli-d1/tree/src/which)
    Checking bun_ast v0.0.0 (/tmp/cli-d1/tree/src/ast)
    Checking bun_uws_sys v0.0.0 (/tmp/cli-d1/tree/src/uws_sys)
    Checking bun_spawn_sys v0.0.0 (/tmp/cli-d1/tree/src/spawn_sys)
    Checking bun_threading v0.0.0 (/tmp/cli-d1/tree/src/threading)
    Checking bun_dotenv v0.0.0 (/tmp/cli-d1/tree/src/dotenv)
    Checking bun_install_types v0.0.0 (/tmp/cli-d1/tree/src/install_types)
    Checking bun_io v0.0.0 (/tmp/cli-d1/tree/src/io)
    Checking bun_react_compiler v0.0.0 (/tmp/cli-d1/tree/src/react_compiler)
    Checking bun_options_types v0.0.0 (/tmp/cli-d1/tree/src/options_types)
    Checking bun_crash_handler v0.0.0 (/tmp/cli-d1/tree/src/crash_handler)
    Checking bun_js_parser v0.0.0 (/tmp/cli-d1/tree/src/js_parser)
    Checking bun_lint v0.0.0 (/tmp/cli-d1/tree/src/lint)
    Finished `dev` profile [unoptimized + debuginfo] target(s) in 57.29s
### finished: 2026-10-01T10:59:45Z rc=0 wall=57s
