loadavg 428.36 397.35 524.55 188/24211 578073
bun test v1.4.3-canary.1 (367d939d9)

test/cli/lint/conformance.test.ts:
(pass) reference > the pinned answers are those of the commits that UPSTREAM names [0.10ms]
(pass) reference > the corpus holds the cases, the baselines and the lists of the pinned commits [6.20ms]
(pass) reference > the list has the instances of the reference's run: 14,915, of which 12,797 run and 2,118 are skipped [320.49ms]
(pass) reference > the list is the run of the reference that is recorded: its subtests and the reasons of its skips [19.48ms]
(pass) reference > the corpus gives every instance of the list that runs the oracle of its class, and the counts are those of the reference [42.52ms]
(pass) reference > the case and space tables are those of Go [91.05ms]
(pass) directives > the vectors of the reference parser [11.40ms]
(pass) variations > 72 of the 126 declared options vary [0.58ms]
(pass) variations > no setting [0.20ms]
(pass) variations > one value [0.42ms]
(pass) variations > two values [0.11ms]
(pass) variations > a value twice [0.04ms]
(pass) variations > one value by two names keeps the first name [0.01ms]
(pass) variations > the cross product, keys sorted in the name [0.03ms]
(pass) variations > the last occurrence wins
(pass) variations > every value [0.01ms]
(pass) variations > every value but one [0.80ms]
(pass) variations > every value but one leaves nothing to vary [0.03ms]
(pass) variations > a value that is taken out again [0.02ms]
(pass) variations > a name in upper case [0.02ms]
(pass) variations > an option that does not vary
(pass) variations > a set of variations that is empty stops the case [0.10ms]
(pass) variations > 25 variations are the most [1.52ms]
(pass) enumerator > the sample holds cases of both suites, and an instance of every reason of a skip [1.55ms]
(pass) enumerator > the instances of one of 40 cases are their lines of the list: group 1 [21.12ms]
(pass) enumerator > the instances of one of 40 cases are their lines of the list: group 2 [13.94ms]
(pass) enumerator > the instances of one of 40 cases are their lines of the list: group 3 [5.89ms]
(pass) enumerator > the instances of one of 40 cases are their lines of the list: group 4 [8.41ms]
(pass) enumerator > the instances of one of 40 cases are their lines of the list: group 5 [5.52ms]
(pass) enumerator > the instances of one of 40 cases are their lines of the list: group 6 [3.49ms]
(pass) enumerator > the instances of one of 40 cases are their lines of the list: group 7 [5.04ms]
(pass) enumerator > the instances of one of 40 cases are their lines of the list: group 8 [6.92ms]
(pass) enumerator > the instances of one of 40 cases are their lines of the list: group 9 [1.65ms]
(pass) enumerator > 45 cases are left out by name and 8 are run for their diagnostics alone [4.06ms]
(pass) error baselines > the sample is 200 files of both tools, and holds the files in the pretty form [2.66ms]
(pass) error baselines > read and written again, the bytes are the same: group 1 [21.94ms]
(pass) error baselines > read and written again, the bytes are the same: group 2 [1.15ms]
(pass) error baselines > read and written again, the bytes are the same: group 3 [5.52ms]
(pass) error baselines > read and written again, the bytes are the same: group 4 [21.48ms]
(pass) error baselines > read and written again, the bytes are the same: group 5 [3.31ms]
(pass) error baselines > read and written again, the bytes are the same: group 6 [5.34ms]
(pass) error baselines > read and written again, the bytes are the same: group 7 [4.39ms]
(pass) error baselines > read and written again, the bytes are the same: group 8 [7.23ms]
(pass) error baselines > read and written again, the bytes are the same: group 9 [4.81ms]
(pass) error baselines > read and written again, the bytes are the same: group 10 [13.73ms]
(pass) error baselines > read and written again, the bytes are the same: group 11 [4.70ms]
(pass) error baselines > read and written again, the bytes are the same: group 12 [1.41ms]
(pass) run > the bytes of the baseline are the bytes of the oracle, or it is no pass [3.32ms]
(pass) run > a check that reports nothing passes no instance with errors, and a diagnostic fails an instance without [0.21ms]
(pass) run > the first section alone, which is all that the plain format holds, is reported apart and is never a pass [0.37ms]
(pass) run > what is no list of diagnostics of the instance is no pass [0.24ms]
(pass) run > replayed oracles pass and a check that reports nothing passes no instance with errors: group 1 [15.74ms]
(pass) run > replayed oracles pass and a check that reports nothing passes no instance with errors: group 2 [3.19ms]
(pass) run > replayed oracles pass and a check that reports nothing passes no instance with errors: group 3 [6.03ms]
(pass) run > replayed oracles pass and a check that reports nothing passes no instance with errors: group 4 [6.08ms]
(pass) run > replayed oracles pass and a check that reports nothing passes no instance with errors: group 5 [8.63ms]
(pass) run > replayed oracles pass and a check that reports nothing passes no instance with errors: group 6 [6.10ms]
(pass) run > replayed oracles pass and a check that reports nothing passes no instance with errors: group 7 [9.18ms]
(pass) run > the sample had instances with errors and without [0.08ms]
(pass) expectations > the file has one form [0.28ms]
(pass) expectations > a listed name that does not pass is a failure, and a name that passes enters and never leaves [0.60ms]
(pass) expectations > the names that pass and are not listed are printed with the one command that adds them [0.12ms]
(pass) expectations > a check that reports nothing adds no name: list C takes no more names of a directory than list E has [0.07ms]
(pass) plain format > one located diagnostic [0.31ms]
(pass) plain format > empty text is an empty list [0.03ms]
(pass) plain format > a chain: two spaces per level, siblings and a way back up [0.21ms]
(pass) plain format > a line that is deeper than one level below the line before keeps its spaces [0.05ms]
(pass) plain format > names: spaces, parentheses, a drive, a line break of Windows [0.52ms]
(pass) plain format > a line that starts with a category has no file [0.03ms]
(pass) plain format > the code of a rule [0.02ms]
(pass) plain format > a text with a crash report is refused whole [0.02ms]
(pass) plain format > a text with a code frame is refused whole
(pass) plain format > a text with an empty line is refused whole
(pass) plain format > a text with a chain line first is refused whole
(pass) plain format > a text with one space is refused whole
(pass) plain format > a text with spaces only is refused whole
(pass) plain format > a text with no line break at the end is refused whole
(pass) plain format > a text with no code is refused whole
(pass) plain format > a text with a summary is refused whole
(pass) plain format > a text with line zero is refused whole
(pass) plain format > a text with an unknown category is refused whole
(pass) plain format > a text with a debug log is refused whole
(pass) plain format > the first section of the baselines of one of 250 cases is the plain format [11.75ms]
(pass) default check > the probe: a command that is no file [173.40ms]
(pass) default check > the probe: a command that dies [647.78ms]
(pass) default check > the probe: a command that runs its operand [719.77ms]
(pass) default check > the probe: a command that takes the flag and does nothing [662.25ms]
(pass) default check > a command that runs its operand gets no instance [887.09ms]
(pass) default check > the probe: a command that lints [1349.72ms]
(pass) default check > a command that lints gets the written unit as its operand, and no diagnostic passes an instance without errors [2016.48ms]
(pass) default check > stderr is read in the plain format, chain lines too: the first section is the oracle's, and that is no pass [1996.95ms]
(pass) default check > a run that breaks the rules is a crash and never an empty list of diagnostics: an exit code that is none of 0, 1 and 2 [1908.55ms]
(pass) default check > a run that breaks the rules is a crash and never an empty list of diagnostics: the exit code of a refusal [1908.02ms]
(pass) default check > a run that breaks the rules is a crash and never an empty list of diagnostics: a line of no form [1907.88ms]
(pass) default check > a run that breaks the rules is a crash and never an empty list of diagnostics: text on stdout [1907.50ms]
(pass) default check > a run that breaks the rules is a crash and never an empty list of diagnostics: an error and the exit code 0 [1907.75ms]
(pass) default check > a run that breaks the rules is a crash and never an empty list of diagnostics: a file that is not of the instance [1907.40ms]
(pass) default check > a run that breaks the rules is a crash and never an empty list of diagnostics: an error of the command [1913.77ms]
(pass) default check > a run that breaks the rules is a crash and never an empty list of diagnostics: no error and the exit code 2 [1914.32ms]
(pass) default check > a run that breaks the rules is a crash and never an empty list of diagnostics: a diagnostic of a rule [2044.00ms]
(pass) default check > a run that breaks the rules is a crash and never an empty list of diagnostics: a signal [2340.22ms]
(pass) default check > never equal to an oracle without errors: a stand-in [2446.77ms]
(pass) default check > never equal to an oracle without errors: the code -1 [2554.56ms]
(pass) listed instances > a batch passes when the oracle is replayed, and fails its names of list E when nothing is reported [14.12ms]
(pass) listed instances > a name in the list of the other class, a skipped instance and a name of no instance are failures [1.91ms]
(pass) expectations.json > is in the form that the update writes [0.05ms]

 106 pass
 0 fail
 171 expect() calls
Ran 106 tests across 1 file. [4.24s]
TIME real 4.434 user 0.838 sys 0.290
exit 0
