loadavg 456.41 404.40 525.48 279/25381 578347
bun test v1.4.3-canary.1 (367d939d9)

test/cli/lint/conformance.test.ts:
(pass) reference > the pinned answers are those of the commits that UPSTREAM names [0.18ms]
(pass) reference > the corpus holds the cases, the baselines and the lists of the pinned commits [10.12ms]
(pass) reference > the list has the instances of the reference's run: 14,915, of which 12,797 run and 2,118 are skipped [248.08ms]
(pass) reference > the list is the run of the reference that is recorded: its subtests and the reasons of its skips [23.33ms]
(pass) reference > the corpus gives every instance of the list that runs the oracle of its class, and the counts are those of the reference [57.17ms]
(pass) reference > the case and space tables are those of Go [71.20ms]
(pass) directives > the vectors of the reference parser [11.22ms]
(pass) variations > 72 of the 126 declared options vary [0.46ms]
(pass) variations > no setting [0.18ms]
(pass) variations > one value [0.40ms]
(pass) variations > two values [0.11ms]
(pass) variations > a value twice [0.03ms]
(pass) variations > one value by two names keeps the first name [0.03ms]
(pass) variations > the cross product, keys sorted in the name [0.04ms]
(pass) variations > the last occurrence wins
(pass) variations > every value [0.01ms]
(pass) variations > every value but one [0.98ms]
(pass) variations > every value but one leaves nothing to vary [0.02ms]
(pass) variations > a value that is taken out again [0.02ms]
(pass) variations > a name in upper case [0.01ms]
(pass) variations > an option that does not vary
(pass) variations > a set of variations that is empty stops the case [0.11ms]
(pass) variations > 25 variations are the most [0.32ms]
(pass) enumerator > the sample holds cases of both suites, and an instance of every reason of a skip [2.19ms]
(pass) enumerator > the instances of one of 40 cases are their lines of the list: group 1 [68.50ms]
(pass) enumerator > the instances of one of 40 cases are their lines of the list: group 2 [44.91ms]
(pass) enumerator > the instances of one of 40 cases are their lines of the list: group 3 [40.01ms]
(pass) enumerator > the instances of one of 40 cases are their lines of the list: group 4 [43.88ms]
(pass) enumerator > the instances of one of 40 cases are their lines of the list: group 5 [42.06ms]
(pass) enumerator > the instances of one of 40 cases are their lines of the list: group 6 [36.99ms]
(pass) enumerator > the instances of one of 40 cases are their lines of the list: group 7 [43.89ms]
(pass) enumerator > the instances of one of 40 cases are their lines of the list: group 8 [32.96ms]
(pass) enumerator > the instances of one of 40 cases are their lines of the list: group 9 [19.61ms]
(pass) enumerator > 45 cases are left out by name and 8 are run for their diagnostics alone [17.30ms]
(pass) error baselines > the sample is 200 files of both tools, and holds the files in the pretty form [0.47ms]
(pass) error baselines > read and written again, the bytes are the same: group 1 [46.91ms]
(pass) error baselines > read and written again, the bytes are the same: group 2 [3.04ms]
(pass) error baselines > read and written again, the bytes are the same: group 3 [14.11ms]
(pass) error baselines > read and written again, the bytes are the same: group 4 [29.67ms]
(pass) error baselines > read and written again, the bytes are the same: group 5 [14.38ms]
(pass) error baselines > read and written again, the bytes are the same: group 6 [16.02ms]
(pass) error baselines > read and written again, the bytes are the same: group 7 [22.06ms]
(pass) error baselines > read and written again, the bytes are the same: group 8 [16.44ms]
(pass) error baselines > read and written again, the bytes are the same: group 9 [33.18ms]
(pass) error baselines > read and written again, the bytes are the same: group 10 [31.47ms]
(pass) error baselines > read and written again, the bytes are the same: group 11 [21.68ms]
(pass) error baselines > read and written again, the bytes are the same: group 12 [19.65ms]
(pass) run > the bytes of the baseline are the bytes of the oracle, or it is no pass [1.96ms]
(pass) run > a check that reports nothing passes no instance with errors, and a diagnostic fails an instance without [0.19ms]
(pass) run > the first section alone, which is all that the plain format holds, is reported apart and is never a pass [0.34ms]
(pass) run > what is no list of diagnostics of the instance is no pass [0.25ms]
(pass) run > replayed oracles pass and a check that reports nothing passes no instance with errors: group 1 [25.89ms]
(pass) run > replayed oracles pass and a check that reports nothing passes no instance with errors: group 2 [23.37ms]
(pass) run > replayed oracles pass and a check that reports nothing passes no instance with errors: group 3 [12.07ms]
(pass) run > replayed oracles pass and a check that reports nothing passes no instance with errors: group 4 [13.92ms]
(pass) run > replayed oracles pass and a check that reports nothing passes no instance with errors: group 5 [15.90ms]
(pass) run > replayed oracles pass and a check that reports nothing passes no instance with errors: group 6 [20.97ms]
(pass) run > replayed oracles pass and a check that reports nothing passes no instance with errors: group 7 [19.34ms]
(pass) run > the sample had instances with errors and without [0.12ms]
(pass) expectations > the file has one form [0.22ms]
(pass) expectations > a listed name that does not pass is a failure, and a name that passes enters and never leaves [0.51ms]
(pass) expectations > the names that pass and are not listed are printed with the one command that adds them [0.12ms]
(pass) expectations > a check that reports nothing adds no name: list C takes no more names of a directory than list E has [0.04ms]
(pass) plain format > one located diagnostic [0.23ms]
(pass) plain format > empty text is an empty list [0.01ms]
(pass) plain format > a chain: two spaces per level, siblings and a way back up [0.13ms]
(pass) plain format > a line that is deeper than one level below the line before keeps its spaces [0.03ms]
(pass) plain format > names: spaces, parentheses, a drive, a line break of Windows [0.03ms]
(pass) plain format > a line that starts with a category has no file [0.01ms]
(pass) plain format > the code of a rule [0.02ms]
(pass) plain format > a text with a crash report is refused whole [0.02ms]
(pass) plain format > a text with a code frame is refused whole [0.34ms]
(pass) plain format > a text with an empty line is refused whole
(pass) plain format > a text with a chain line first is refused whole
(pass) plain format > a text with one space is refused whole
(pass) plain format > a text with spaces only is refused whole
(pass) plain format > a text with no line break at the end is refused whole
(pass) plain format > a text with no code is refused whole
(pass) plain format > a text with a summary is refused whole
(pass) plain format > a text with line zero is refused whole
(pass) plain format > a text with an unknown category is refused whole
(pass) plain format > a text with a debug log is refused whole
(pass) plain format > the first section of the baselines of one of 250 cases is the plain format [11.43ms]
(pass) default check > the probe: a command that is no file [80.83ms]
(pass) default check > the probe: a command that dies [411.42ms]
(pass) default check > the probe: a command that runs its operand [443.78ms]
(pass) default check > the probe: a command that takes the flag and does nothing [441.36ms]
(pass) default check > a command that runs its operand gets no instance [263.25ms]
(pass) default check > the probe: a command that lints [918.30ms]
(pass) default check > a command that lints gets the written unit as its operand, and no diagnostic passes an instance without errors [1023.41ms]
(pass) default check > stderr is read in the plain format, chain lines too: the first section is the oracle's, and that is no pass [1008.02ms]
(pass) default check > a run that breaks the rules is a crash and never an empty list of diagnostics: an exit code that is none of 0, 1 and 2 [829.43ms]
(pass) default check > a run that breaks the rules is a crash and never an empty list of diagnostics: the exit code of a refusal [828.90ms]
(pass) default check > a run that breaks the rules is a crash and never an empty list of diagnostics: a line of no form [828.70ms]
(pass) default check > a run that breaks the rules is a crash and never an empty list of diagnostics: no error and the exit code 2 [826.12ms]
(pass) default check > never equal to an oracle without errors: the code -1 [854.16ms]
(pass) default check > a run that breaks the rules is a crash and never an empty list of diagnostics: text on stdout [877.15ms]
(pass) default check > a run that breaks the rules is a crash and never an empty list of diagnostics: a file that is not of the instance [892.59ms]
(pass) default check > never equal to an oracle without errors: a stand-in [889.75ms]
(pass) default check > a run that breaks the rules is a crash and never an empty list of diagnostics: a diagnostic of a rule [1086.83ms]
(pass) default check > a run that breaks the rules is a crash and never an empty list of diagnostics: an error of the command [1087.64ms]
(pass) default check > a run that breaks the rules is a crash and never an empty list of diagnostics: an error and the exit code 0 [1094.44ms]
(pass) default check > a run that breaks the rules is a crash and never an empty list of diagnostics: a signal [1087.36ms]
(pass) listed instances > a batch passes when the oracle is replayed, and fails its names of list E when nothing is reported [13.56ms]
(pass) listed instances > a name in the list of the other class, a skipped instance and a name of no instance are failures [0.68ms]
(pass) expectations.json > is in the form that the update writes [0.06ms]

 106 pass
 0 fail
 171 expect() calls
Ran 106 tests across 1 file. [3.47s]
TIME real 3.523 user 0.885 sys 0.268
exit 0
