loadavg 444.43 401.19 525.11 207/25190 578204
bun test v1.4.3-canary.1 (367d939d9)

test/cli/lint/conformance.test.ts:
(pass) reference > the pinned answers are those of the commits that UPSTREAM names [0.10ms]
(pass) reference > the corpus holds the cases, the baselines and the lists of the pinned commits [10.13ms]
(pass) reference > the list has the instances of the reference's run: 14,915, of which 12,797 run and 2,118 are skipped [41.17ms]
(pass) reference > the list is the run of the reference that is recorded: its subtests and the reasons of its skips [23.25ms]
(pass) reference > the corpus gives every instance of the list that runs the oracle of its class, and the counts are those of the reference [46.91ms]
(pass) reference > the case and space tables are those of Go [53.65ms]
(pass) directives > the vectors of the reference parser [9.36ms]
(pass) variations > 72 of the 126 declared options vary [0.12ms]
(pass) variations > no setting [0.15ms]
(pass) variations > one value [1.54ms]
(pass) variations > two values [0.13ms]
(pass) variations > a value twice [0.04ms]
(pass) variations > one value by two names keeps the first name [0.01ms]
(pass) variations > the cross product, keys sorted in the name [0.03ms]
(pass) variations > the last occurrence wins
(pass) variations > every value [0.01ms]
(pass) variations > every value but one [0.22ms]
(pass) variations > every value but one leaves nothing to vary [0.04ms]
(pass) variations > a value that is taken out again [0.02ms]
(pass) variations > a name in upper case
(pass) variations > an option that does not vary
(pass) variations > a set of variations that is empty stops the case [0.10ms]
(pass) variations > 25 variations are the most [1.73ms]
(pass) enumerator > the sample holds cases of both suites, and an instance of every reason of a skip [1.85ms]
(pass) enumerator > the instances of one of 40 cases are their lines of the list: group 1 [23.02ms]
(pass) enumerator > the instances of one of 40 cases are their lines of the list: group 2 [12.95ms]
(pass) enumerator > the instances of one of 40 cases are their lines of the list: group 3 [7.84ms]
(pass) enumerator > the instances of one of 40 cases are their lines of the list: group 4 [7.05ms]
(pass) enumerator > the instances of one of 40 cases are their lines of the list: group 5 [6.35ms]
(pass) enumerator > the instances of one of 40 cases are their lines of the list: group 6 [2.29ms]
(pass) enumerator > the instances of one of 40 cases are their lines of the list: group 7 [4.58ms]
(pass) enumerator > the instances of one of 40 cases are their lines of the list: group 8 [7.23ms]
(pass) enumerator > the instances of one of 40 cases are their lines of the list: group 9 [2.14ms]
(pass) enumerator > 45 cases are left out by name and 8 are run for their diagnostics alone [1.11ms]
(pass) error baselines > the sample is 200 files of both tools, and holds the files in the pretty form [1.65ms]
(pass) error baselines > read and written again, the bytes are the same: group 1 [24.26ms]
(pass) error baselines > read and written again, the bytes are the same: group 2 [1.40ms]
(pass) error baselines > read and written again, the bytes are the same: group 3 [4.34ms]
(pass) error baselines > read and written again, the bytes are the same: group 4 [33.49ms]
(pass) error baselines > read and written again, the bytes are the same: group 5 [5.10ms]
(pass) error baselines > read and written again, the bytes are the same: group 6 [10.63ms]
(pass) error baselines > read and written again, the bytes are the same: group 7 [11.02ms]
(pass) error baselines > read and written again, the bytes are the same: group 8 [10.70ms]
(pass) error baselines > read and written again, the bytes are the same: group 9 [14.81ms]
(pass) error baselines > read and written again, the bytes are the same: group 10 [23.73ms]
(pass) error baselines > read and written again, the bytes are the same: group 11 [14.48ms]
(pass) error baselines > read and written again, the bytes are the same: group 12 [7.74ms]
(pass) run > the bytes of the baseline are the bytes of the oracle, or it is no pass [5.53ms]
(pass) run > a check that reports nothing passes no instance with errors, and a diagnostic fails an instance without [0.23ms]
(pass) run > the first section alone, which is all that the plain format holds, is reported apart and is never a pass [0.37ms]
(pass) run > what is no list of diagnostics of the instance is no pass [1.41ms]
(pass) run > replayed oracles pass and a check that reports nothing passes no instance with errors: group 1 [40.14ms]
(pass) run > replayed oracles pass and a check that reports nothing passes no instance with errors: group 2 [2.87ms]
(pass) run > replayed oracles pass and a check that reports nothing passes no instance with errors: group 3 [16.37ms]
(pass) run > replayed oracles pass and a check that reports nothing passes no instance with errors: group 4 [7.30ms]
(pass) run > replayed oracles pass and a check that reports nothing passes no instance with errors: group 5 [20.40ms]
(pass) run > replayed oracles pass and a check that reports nothing passes no instance with errors: group 6 [3.76ms]
(pass) run > replayed oracles pass and a check that reports nothing passes no instance with errors: group 7 [4.60ms]
(pass) run > the sample had instances with errors and without [0.08ms]
(pass) expectations > the file has one form [0.80ms]
(pass) expectations > a listed name that does not pass is a failure, and a name that passes enters and never leaves [0.47ms]
(pass) expectations > the names that pass and are not listed are printed with the one command that adds them [0.08ms]
(pass) expectations > a check that reports nothing adds no name: list C takes no more names of a directory than list E has [0.04ms]
(pass) plain format > one located diagnostic [0.20ms]
(pass) plain format > empty text is an empty list [0.01ms]
(pass) plain format > a chain: two spaces per level, siblings and a way back up [0.13ms]
(pass) plain format > a line that is deeper than one level below the line before keeps its spaces [0.03ms]
(pass) plain format > names: spaces, parentheses, a drive, a line break of Windows [0.03ms]
(pass) plain format > a line that starts with a category has no file [0.01ms]
(pass) plain format > the code of a rule [0.03ms]
(pass) plain format > a text with a crash report is refused whole [0.02ms]
(pass) plain format > a text with a code frame is refused whole [0.40ms]
(pass) plain format > a text with an empty line is refused whole
(pass) plain format > a text with a chain line first is refused whole
(pass) plain format > a text with one space is refused whole
(pass) plain format > a text with spaces only is refused whole
(pass) plain format > a text with no line break at the end is refused whole
(pass) plain format > a text with no code is refused whole
(pass) plain format > a text with a summary is refused whole
(pass) plain format > a text with line zero is refused whole
(pass) plain format > a text with an unknown category is refused whole
(pass) plain format > a text with a debug log is refused whole
(pass) plain format > the first section of the baselines of one of 250 cases is the plain format [12.88ms]
(pass) default check > the probe: a command that is no file [127.29ms]
(pass) default check > the probe: a command that dies [448.89ms]
(pass) default check > the probe: a command that runs its operand [543.95ms]
(pass) default check > the probe: a command that takes the flag and does nothing [523.13ms]
(pass) default check > a command that runs its operand gets no instance [194.54ms]
(pass) default check > the probe: a command that lints [741.85ms]
(pass) default check > a command that lints gets the written unit as its operand, and no diagnostic passes an instance without errors [912.06ms]
(pass) default check > stderr is read in the plain format, chain lines too: the first section is the oracle's, and that is no pass [781.47ms]
(pass) default check > a run that breaks the rules is a crash and never an empty list of diagnostics: the exit code of a refusal [771.16ms]
(pass) default check > a run that breaks the rules is a crash and never an empty list of diagnostics: an exit code that is none of 0, 1 and 2 [771.67ms]
(pass) default check > a run that breaks the rules is a crash and never an empty list of diagnostics: an error and the exit code 0 [770.74ms]
(pass) default check > a run that breaks the rules is a crash and never an empty list of diagnostics: no error and the exit code 2 [770.53ms]
(pass) default check > a run that breaks the rules is a crash and never an empty list of diagnostics: a line of no form [770.92ms]
(pass) default check > a run that breaks the rules is a crash and never an empty list of diagnostics: a diagnostic of a rule [770.22ms]
(pass) default check > a run that breaks the rules is a crash and never an empty list of diagnostics: text on stdout [788.53ms]
(pass) default check > a run that breaks the rules is a crash and never an empty list of diagnostics: an error of the command [788.32ms]
(pass) default check > a run that breaks the rules is a crash and never an empty list of diagnostics: a file that is not of the instance [788.68ms]
(pass) default check > never equal to an oracle without errors: a stand-in [801.47ms]
(pass) default check > a run that breaks the rules is a crash and never an empty list of diagnostics: a signal [852.81ms]
(pass) default check > never equal to an oracle without errors: the code -1 [863.00ms]
(pass) listed instances > a batch passes when the oracle is replayed, and fails its names of list E when nothing is reported [11.09ms]
(pass) listed instances > a name in the list of the other class, a skipped instance and a name of no instance are failures [15.81ms]
(pass) expectations.json > is in the form that the update writes [0.10ms]

 106 pass
 0 fail
 171 expect() calls
Ran 106 tests across 1 file. [2.45s]
TIME real 2.487 user 0.857 sys 0.279
exit 0
