// Jest Snapshot v1, https://jestjs.io/docs/snapshot-testing

exports[`nonNullExpression.ts format 1`] = `
====================================options=====================================
parsers: ["typescript"]
                                                      printWidth: 80 (default) |
=====================================input======================================
var xx = (xx!, xx);

=====================================output=====================================
var xx = (xx!, xx);

================================================================================
`;
