---
source: crates/oxc_formatter/tests/fixtures/mod.rs
---
==================== Input ====================
function EmptyView({
  title = 'title',
  description = $localize`:@@search_label_no_results_hint:Try using different keywords`,
}) {}
==================== Output ====================
------------------
{ printWidth: 80 }
------------------
function EmptyView({
  title = "title",
  description = $localize`:@@search_label_no_results_hint:Try using different keywords`,
}) {}

-------------------
{ printWidth: 100 }
-------------------
function EmptyView({
  title = "title",
  description = $localize`:@@search_label_no_results_hint:Try using different keywords`,
}) {}

===================== End =====================
