------------------
{ printWidth: 80 }
------------------
@background-color-light: fade(
  @white,
  4%
); // background of header and selected item
.a {
  z-index: var(
    --z-notifications-popover
  ); // A bit above the navbar for a nicer experience when it is closed
}

-------------------
{ printWidth: 100 }
-------------------
@background-color-light: fade(@white, 4%); // background of header and selected item
.a {
  z-index: var(
    --z-notifications-popover
  ); // A bit above the navbar for a nicer experience when it is closed
}

===================== End =====================
