// Jest Snapshot v1, https://jestjs.io/docs/snapshot-testing

exports[`pseudo-element.css format 1`] = `
====================================options=====================================
parsers: ["css"]
                                                      printWidth: 80 (default) |
=====================================input======================================
a:after  { content:"" }
a::before  { content:"" }


=====================================output=====================================
a:after {
  content: "";
}
a::before {
  content: "";
}

================================================================================
`;
