// Jest Snapshot v1, https://jestjs.io/docs/snapshot-testing

exports[`11307.ts format 1`] = `
====================================options=====================================
parsers: ["typescript"]
                                                      printWidth: 80 (default) |
=====================================input======================================
type T1 = (/** K */{
  K: number;
})
type T2 = /** K */{
  K: number;
}

const O1 = (/** K */{
  K: number,
})
const O2 = /** K */{
  K: number,
}

o = (/** K */{
  K: number,
})
o = /** K */{
  K: number,
}

=====================================output=====================================
type T1 = /** K */ {
  K: number;
};
type T2 = /** K */ {
  K: number;
};

const O1 = /** K */ {
  K: number,
};
const O2 = /** K */ {
  K: number,
};

o = /** K */ {
  K: number,
};
o = /** K */ {
  K: number,
};

================================================================================
`;

exports[`11308.ts format 1`] = `
====================================options=====================================
parsers: ["typescript"]
                                                      printWidth: 80 (default) |
=====================================input======================================
o = {/** X */
  Y: "z",
}
o = {// X
  Y: "z",
}
o = {
/** X */
  Y: "z",
}
o = {
/** X */ Y: "z",
}
o = {/** X */
  Y: "z",
  /** X */ Z: 1,
}

type T1 = {/** X */
  Y: "z",
}
type T2 = {// X
  Y: "z",
}
type T3 = {
/** X */
  Y: "z",
}
type T4 = {
/** X */ Y: "z",
}
type T5 = {/** X */
  Y: "z",
  /** X */ Z: 1,
}

=====================================output=====================================
o = {
  /** X */
  Y: "z",
};
o = {
  // X
  Y: "z",
};
o = {
  /** X */
  Y: "z",
};
o = {
  /** X */ Y: "z",
};
o = {
  /** X */
  Y: "z",
  /** X */ Z: 1,
};

type T1 = {
  /** X */
  Y: "z";
};
type T2 = {
  // X
  Y: "z";
};
type T3 = {
  /** X */
  Y: "z";
};
type T4 = {
  /** X */ Y: "z";
};
type T5 = {
  /** X */
  Y: "z";
  /** X */ Z: 1;
};

================================================================================
`;
