// Jest Snapshot v1, https://jestjs.io/docs/snapshot-testing

exports[`callee-comments.ts format 1`] = `
====================================options=====================================
parsers: ["typescript"]
                                                      printWidth: 80 (default) |
=====================================input======================================
foo// 11
<string>(1)
foo
// 12
<string>(1)
foo
<string>// 13
(1)
foo
<string>
// 14
(1)

foo// 21
<string>()
foo
// 22
<string>()
foo
<string>// 23
()
foo
<string>
// 24
()

foo/* 31 */
<string>(1)
foo
/* 32 */
<string>(1)
foo/* 33 */<string>(1)
foo<string>/* 34 */(1)
foo<string>
/* 35 */
(1)

foo/* 41 */
<string>()
foo
/* 42 */
<string>()
foo/* 43 */<string>()
foo<string>/* 44 */()
foo<string>
/* 45 */
()

=====================================output=====================================
foo // 11
<string>(1);
foo// 12
<string>(1);
foo<string> // 13
(1);
foo<string>(
  // 14
  1,
);

foo // 21
<string>();
foo// 22
<string>();
foo<string> // 23
();
foo<string>
// 24
();

foo /* 31 */<string>(1);
foo/* 32 */
<string>(1);
foo/* 33 */ <string>(1);
foo<string>(/* 34 */ 1);
foo<string>(
  /* 35 */
  1,
);

foo /* 41 */<string>();
foo/* 42 */
<string>();
foo/* 43 */ <string>();
foo<string> /* 44 */();
foo<string>
/* 45 */
();

================================================================================
`;
