    Checking bun_js_parser v0.0.0 (/workspace/wt/parser/src/js_parser)
error: this argument is passed by value, but not consumed in the function body
    --> src/js_parser/p.rs:7962:22
     |
7962 |         ts_metadata: bun_ast::ts::Metadata,
     |                      ^^^^^^^^^^^^^^^^^^^^^
     |
     = help: for further information visit https://rust-lang.github.io/rust-clippy/main/index.html#needless_pass_by_value
     = note: requested on the command line with `-D clippy::needless-pass-by-value`
help: consider taking a reference instead
     |
7962 |         ts_metadata: &bun_ast::ts::Metadata,
     |                      +

error: this argument (8 byte) is passed by reference, but would be more efficient if passed by value (limit: 8 byte)
   --> src/js_parser/parse/erased_tests.rs:147:22
    |
147 | fn member_kind(data: &ErasedMemberData) -> &'static str {
    |                      ^^^^^^^^^^^^^^^^^ help: consider passing by value instead: `ErasedMemberData`
    |
    = help: for further information visit https://rust-lang.github.io/rust-clippy/main/index.html#trivially_copy_pass_by_ref
    = note: requested on the command line with `-D clippy::trivially-copy-pass-by-ref`

error: use of a disallowed method `alloc::string::String::from_utf8_lossy`
   --> src/js_parser/parse/generics.rs:719:13
    |
719 |             String::from_utf8_lossy(bytes).into_owned()
    |             ^^^^^^^^^^^^^^^^^^^^^^^
    |
    = note: silently corrupts non-UTF-8 bytes and allocates; keep data as bytes (bstr::BStr for Display)
    = help: for further information visit https://rust-lang.github.io/rust-clippy/main/index.html#disallowed_methods
    = note: requested on the command line with `-D clippy::disallowed-methods`

error: could not compile `bun_js_parser` (lib) due to 1 previous error
warning: build failed, waiting for other jobs to finish...
error: could not compile `bun_js_parser` (lib test) due to 3 previous errors
error: could not compile `bun_js_parser` (lib) due to 1 previous error
### cargo clippy -p bun_ast -p bun_js_parser --no-deps --all-targets --keep-going rc=101 secs=30 HEAD=be1ebe5295
