### cmd: cargo clippy -p bun_lint --all-targets --no-deps --message-format=short
### start: 2026-10-01T10:31:16Z
   Compiling bun_output_tags v0.0.0 (/workspace/wt/cli/src/bun_output_tags)
   Compiling bun_core v0.0.0 (/workspace/wt/cli/src/bun_core)
   Compiling bun_dispatch v0.0.0 (/workspace/wt/cli/src/dispatch)
    Checking bun_opaque v0.0.0 (/workspace/wt/cli/src/opaque)
    Checking bun_wyhash v0.0.0 (/workspace/wt/cli/src/wyhash)
    Checking bun_mimalloc_sys v0.0.0 (/workspace/wt/cli/src/mimalloc_sys)
   Compiling bun_core_macros v0.0.0 (/workspace/wt/cli/src/bun_core_macros)
    Checking bun_highway v0.0.0 (/workspace/wt/cli/src/highway)
    Checking bun_hash v0.0.0 (/workspace/wt/cli/src/hash)
    Checking bun_alloc v0.0.0 (/workspace/wt/cli/src/bun_alloc)
    Checking bun_simdutf_sys v0.0.0 (/workspace/wt/cli/src/simdutf_sys)
    Checking bun_libuv_sys v0.0.0 (/workspace/wt/cli/src/libuv_sys)
    Checking bun_windows_sys v0.0.0 (/workspace/wt/cli/src/windows_sys)
    Checking bun_ptr v0.0.0 (/workspace/wt/cli/src/ptr)
    Checking bun_errno v0.0.0 (/workspace/wt/cli/src/errno)
    Checking bun_boringssl_sys v0.0.0 (/workspace/wt/cli/src/boringssl_sys)
    Checking bun_safety v0.0.0 (/workspace/wt/cli/src/safety)
    Checking bun_paths v0.0.0 (/workspace/wt/cli/src/paths)
    Checking bun_collections v0.0.0 (/workspace/wt/cli/src/collections)
    Checking bun_zlib_sys v0.0.0 (/workspace/wt/cli/src/zlib_sys)
    Checking bun_semver v0.0.0 (/workspace/wt/cli/src/semver)
    Checking bun_base64 v0.0.0 (/workspace/wt/cli/src/base64)
    Checking bun_zlib v0.0.0 (/workspace/wt/cli/src/zlib)
    Checking bun_sys v0.0.0 (/workspace/wt/cli/src/sys)
    Checking bun_url v0.0.0 (/workspace/wt/cli/src/url)
    Checking bun_analytics v0.0.0 (/workspace/wt/cli/src/analytics)
    Checking bun_perf v0.0.0 (/workspace/wt/cli/src/perf)
    Checking bun_http_types v0.0.0 (/workspace/wt/cli/src/http_types)
    Checking bun_ast v0.0.0 (/workspace/wt/cli/src/ast)
    Checking bun_which v0.0.0 (/workspace/wt/cli/src/which)
    Checking bun_spawn_sys v0.0.0 (/workspace/wt/cli/src/spawn_sys)
    Checking bun_uws_sys v0.0.0 (/workspace/wt/cli/src/uws_sys)
    Checking bun_threading v0.0.0 (/workspace/wt/cli/src/threading)
    Checking bun_install_types v0.0.0 (/workspace/wt/cli/src/install_types)
    Checking bun_dotenv v0.0.0 (/workspace/wt/cli/src/dotenv)
    Checking bun_io v0.0.0 (/workspace/wt/cli/src/io)
    Checking bun_react_compiler v0.0.0 (/workspace/wt/cli/src/react_compiler)
    Checking bun_options_types v0.0.0 (/workspace/wt/cli/src/options_types)
    Checking bun_crash_handler v0.0.0 (/workspace/wt/cli/src/crash_handler)
    Checking bun_js_parser v0.0.0 (/workspace/wt/cli/src/js_parser)
    Checking bun_lint v0.0.0 (/workspace/wt/cli/src/lint)
    Finished `dev` profile [unoptimized + debuginfo] target(s) in 49.97s
### finished: 2026-10-01T10:32:08Z rc=0 wall=52s
