---
source: crates/oxc_formatter/tests/fixtures/mod.rs
---
==================== Input ====================
id === null
  ? null
  : internal.getSuspenseCache(client).getFragmentRef(
      [id, options.fragment, cache.canonicalStringify(variables)],
      client,
      tslib.__assign(tslib.__assign({}, options), {
        variables: variables,
        from: id,
      }),
    );

==================== Output ====================
------------------
{ printWidth: 80 }
------------------
id === null
  ? null
  : internal.getSuspenseCache(client).getFragmentRef(
      [id, options.fragment, cache.canonicalStringify(variables)],
      client,
      tslib.__assign(tslib.__assign({}, options), {
        variables: variables,
        from: id,
      }),
    );

-------------------
{ printWidth: 100 }
-------------------
id === null
  ? null
  : internal.getSuspenseCache(client).getFragmentRef(
      [id, options.fragment, cache.canonicalStringify(variables)],
      client,
      tslib.__assign(tslib.__assign({}, options), {
        variables: variables,
        from: id,
      }),
    );

===================== End =====================
