// Jest Snapshot v1, https://jestjs.io/docs/snapshot-testing

exports[`type_args.ts format 1`] = `
====================================options=====================================
parsers: ["typescript"]
                                                      printWidth: 80 (default) |
=====================================input======================================
const response = something.$http.get<ThingamabobService.DetailsData>(
  \`api/foo.ashx/foo-details/\${myId}\`,
  { cache: quux.httpCache, timeout }
);

=====================================output=====================================
const response = something.$http.get<ThingamabobService.DetailsData>(
  \`api/foo.ashx/foo-details/\${myId}\`,
  { cache: quux.httpCache, timeout },
);

================================================================================
`;
