------------------
{ printWidth: 80 }
------------------
it.each`
    ${undefined}
    ${[]}
  `("a $source", ({ source }) => {});

it.each`
  a    | b
  ${1} | ${22}
`("a", () => {});

-------------------
{ printWidth: 100 }
-------------------
it.each`
    ${undefined}
    ${[]}
  `("a $source", ({ source }) => {});

it.each`
  a    | b
  ${1} | ${22}
`("a", () => {});

===================== End =====================
