stub rc 0 seconds 367 load 815.62
v1 rc 0 seconds 426 load 726.57
v1t harvest ok seconds 189 llvmcache-6120DE4C21B887E630945FF315996DF72E6EF8C3 load 638.58
p1a harvest ok seconds 101 llvmcache-B7165A111CC83EE3C7341511D6BE124343DE36C0 load 684.69
p1b harvest ok seconds 57 llvmcache-BC024AC893CDAE505C0AD2CC246A322584215C65 load 710.72
p1c harvest ok seconds 73 llvmcache-22BF2191694DD54ABCADF8DEE4AC5CABB0F2C586 load 646.85
p1cu harvest ok seconds 99 llvmcache-77070AF7FB87B1AC3E789FEBA36AC68702E210C2 load 692.34
p1d harvest ok seconds 91 llvmcache-95E943BCA9E20663157DD3EBAAD917E7516883E2 load 637.34
p1abc harvest ok seconds 86 llvmcache-29EBD6848063DF41ECC2A236236DB193F56B4C03 load 653.91
w1b harvest ok seconds 81 llvmcache-4FCFB6CD61DBB6E9E1FDA09BFB62049DFEDD85CF load 638.02
w1f harvest ok seconds 105 llvmcache-80D21E5370BD1BC3AB100F0F405647F52A36DF5A load 624.11
w1s harvest ok seconds 130 llvmcache-0E29714761BD548553AD8900AE8934106C1BD199 load 707.44
fastparen harvest ok seconds 68 llvmcache-5D7863F55915533B806528BCBA919AF869981B13 load 639.73
fastparent harvest ok seconds 77 llvmcache-98C56D47228D24B7137C5BC7AF8E2831E7CEC7B4 load 680.35
v1paren harvest ok seconds 40 llvmcache-9565C9C43C733BBE54AB1BE45EA9DF3EC4564424 load 720.04
v1parent harvest ok seconds 39 llvmcache-DE5F1DB57F6310B061E11707DFE2AA162B37DFAD load 742.75
v3 harvest ok seconds 38 llvmcache-A835265CD2BB92393D9952114CF773787AE0E2B4 load 698.35
v3open harvest ok seconds 41 llvmcache-A367AE094BCE458AB356B6AB4B2F49B2D05EB7E2 load 660.88
v5inl harvest ok seconds 47 llvmcache-5F3857E60EC22FFB87AFF41AEDD8319A3F2A95C5 load 549.47
p1c2 harvest ok seconds 53 llvmcache-A3C82E763C896024FCCF507CB6597F0FECAB5855 load 524.07
p1abc2 harvest ok seconds 49 llvmcache-020198C68C9659088CAB81637E8D4CF5B47D17AD load 513.72
v2gts harvest ok seconds 70 llvmcache-33D05FAD12D222AEEF1042C11B6BD34D932B633A load 498.54
v1types harvest ok seconds 79 llvmcache-DB5C52437B7E75E13C2A456008F93E0F439FE70D load 571.25
v2 harvest ok seconds 66 llvmcache-ED5D35E0BAEB856067D25E86325B1441DB9BE3FC load 713.86
v2g harvest ok seconds 60 llvmcache-153154C035E94314912F93FDC1E97B323565A51D load 749.29
v2gt harvest ok seconds 48 llvmcache-EF3C92E90849D96E917BC76591C82EC4CB1D39AA load 770.24
v3t harvest ok seconds 54 llvmcache-A531917FB79E0E47B197275F3C326FB1CE4DBD50 load 772.51
v3opent harvest ok seconds 82 llvmcache-9E0F394953BE493FEEB5F205264DEC9E3C5E0754 load 697.19
v5 harvest ok seconds 54 llvmcache-0AD83B98DA53CD22699483C702BA7D6EA4F7E069 load 662.51
v5n harvest ok seconds 87 llvmcache-788A03C904D32EC38EE1436C41380CAD4F6A9A6B load 458.16
cg base0 rc 0 seconds 126
cg v1 rc 0 seconds 93
v5p harvest ok seconds 73 llvmcache-EC65EDED4FCBB4FF1B3F9CDB806B23BB1A390A16 load 519.84
v2m harvest ok seconds 109 llvmcache-1826884BE7A5E72D7C3F48168965266C85C8F111 load 482.65
v2mi harvest ok seconds 79 llvmcache-A0D61D24630FCD91A6C06A2229DDA6B3A884877E load 530.32
v2m full rc 0 seconds 200 load 535.09
cg v2m rc 0 seconds 88
v1t full rc 0 seconds 215 load 586.96
cg v1t rc 0 seconds 83
p1abc2 full rc 0 seconds 193 load 725.49
cg p1abc2 rc 0 seconds 77
v5t harvest ok seconds 50 llvmcache-972C96C34CCBACD4DE8DC4D453D55CFDB338AAFC load 704.56
topw harvest ok seconds 43 llvmcache-1620FF1FFAA80DE9286BAB9E2B258834E7020B6A load 622.43
v2m2 harvest ok seconds 46 llvmcache-AE50F588A756D8FA6D38502FC453401A46741C85 load 621.01
w1 harvest ok seconds 38 llvmcache-71FD2C015AE99EE0D733A02C721A6EAE38CAB1A1 load 661.32
w2 harvest ok seconds 33 llvmcache-72BC62A4746AE5D71913EA62AAE3BB7072ED0120 load 708.05
v2m2 full rc 0 seconds 201 load 669.51
cg v2m2 rc 0 seconds 95
v5t full rc 0 seconds 196 load 663.18
cg v5t rc 0 seconds 91
topw full rc 0 seconds 198 load 780.20
cg topw rc 0 seconds 99
p1a full rc 0 seconds 190 load 779.44
cg p1a rc 0 seconds 81
p1b full rc 0 seconds 147 load 842.45
cg p1b rc 0 seconds 97
p1c2 full rc 0 seconds 167 load 800.49
cg p1c2 rc 0 seconds 98
sh test-base0 rc 0 seconds 17
sh test-p1abc2 rc 0 seconds 14
v2mm harvest ok seconds 49 llvmcache-169AC8E17BCCBEB0B1197761B7D3BCD3E5E49028 load 698.69
v2x full rc 0 seconds 188 load 873.39
topwjs full rc 0 seconds 142 load 686.81
cg topwjs rc 0 seconds 79
