------------------
{ printWidth: 80 }
------------------
class MyClass {
  x = 1;
  in = 2;
}
class B {
  x = 1;
  y;
  [a] = 1;
}

-------------------
{ printWidth: 100 }
-------------------
class MyClass {
  x = 1;
  in = 2;
}
class B {
  x = 1;
  y;
  [a] = 1;
}

===================== End =====================
