start 15:34:33 load 700.05
site2 rc 0 seconds 18 ['libbun_js_parser-185fe25973f3a1f8.rlib', 'libbun_js_parser-185fe25973f3a1f8.rmeta', 'rustc.log']
site2: compile 19 s, link 146 s
4 names differ, 1 lint-only names are new, 0 rows fail
PASS
skipper  IDENT 32  OFFSETS 0  CONSTS 0  DIFF 0  ONLY-A 0  ONLY-B 0 | PASS
bun_js_parser text         864  1,400,701
P<false, false>            281    412,456
P<true, false>             320    475,744
P<false, true>              91    133,696
P<true, true>              131    190,997
type grammar                21     27,155
program  Ir 5,095,743,723 -> 5,096,663,177 (+919,454)  Bc 720,448,583 -> 720,669,514 (+220,931)  Bi 53,861,363 -> 53,865,134 (+3,771)
matched /bun_js_parser/ 183 symbols  Ir 2,891,194,271 -> 2,891,194,271 (+0)  Bc 319,771,089 -> 319,771,089 (+0)  Bi 35,878,822 -> 35,878,822 (+0)
0 matched symbols differ
cycle2 exit 0  229 s
cg rawsite2 73 s
bun-types       parser dBc      58,800   tests on the site lines      58,800   dIr      102,060   counting build x passes 58,800   EQUAL
      dBc      4,440  tests      4,440  dIr       8,880  <P<true, false>>::parse_and_declare_decls
      dBc     42,400  tests     42,400  dIr      84,800  <P<true, false>>::parse_fn
      dBc     11,960  tests     11,960  dIr       8,380  <P<true, false>>::parse_stmt_fallthrough_ts_keyword
typescript-lib  parser dBc     101,400   tests on the site lines     101,400   dIr      172,900   counting build x passes 101,400   EQUAL
      dBc     24,860  tests     24,860  dIr      49,720  <P<true, false>>::parse_and_declare_decls
      dBc      9,180  tests      9,180  dIr      18,360  <P<true, false>>::parse_fn
      dBc     67,360  tests     67,360  dIr     104,820  <P<true, false>>::parse_stmt_fallthrough_ts_keyword
src-js          parser dBc      76,100   tests on the site lines      76,100   dIr      155,680   counting build x passes 76,100   EQUAL
      dBc     12,020  tests     12,020  dIr      24,040  <P<true, false>>::parse_and_declare_decls
      dBc     47,580  tests     47,580  dIr      95,160  <P<true, false>>::parse_fn
      dBc      6,820  tests      6,820  dIr       7,340  <P<true, false>>::parse_stmt_fallthrough_ts_keyword
      dBc      9,680  tests      9,680  dIr      29,140  <P<true, false>>::parse_suffix
tsx             parser dBc      92,000   tests on the site lines      92,000   dIr      186,000   counting build x passes 92,000   EQUAL
      dBc     52,000  tests     52,000  dIr     104,000  <P<true, false>>::parse_fn
      dBc     18,000  tests     18,000  dIr      10,000  <P<true, false>>::parse_stmt_fallthrough_ts_keyword
      dBc     22,000  tests     22,000  dIr      72,000  <P<true, false>>::parse_suffix
js-control      parser dBc           0   tests on the site lines           0   dIr            0   counting build x passes 0   EQUAL
                                         bun-types  typescript-lib          src-js             tsx      js-control
executed tests per pass                     2940.0          5070.0          3805.0          4600.0             0.0
executed tests per KB of source               2.73            1.34            1.16            6.57            0.00
added Bc per executed test                   1.000           1.000           1.000           1.000             n/a
added Ir per executed test                    1.74            1.71            2.05            2.02             n/a
executed tests by site line (Bc of the whole run):
        28,100      5,440     33,580     30,000          0  parse/parse_fn.rs:287
         7,720     54,160      4,040      6,000          0  parse/parse_stmt.rs:1821
        14,300      3,740     14,000     22,000          0  parse/parse_fn.rs:376
         4,440     24,860     12,020          0          0  parse/mod.rs:1316
         4,240     13,200      2,780     12,000          0  parse/parse_stmt.rs:1790
             0          0      9,680     22,000          0  parse/parse_suffix.rs:29
PASS
nolint1 rc 0 seconds 17 ['libbun_js_parser-185fe25973f3a1f8.rlib', 'libbun_js_parser-185fe25973f3a1f8.rmeta', 'rustc.log']
nolint1: compile 18 s, link 206 s
0 names differ, 0 lint-only names are new, 0 rows fail
PASS
skipper  IDENT 32  OFFSETS 0  CONSTS 0  DIFF 0  ONLY-A 0  ONLY-B 0 | PASS
bun_js_parser text         863  1,400,475
P<false, false>            281    412,456
P<true, false>             319    475,518
P<false, true>              91    133,696
P<true, true>              131    190,997
type grammar                21     27,155
cycle2 nolint1 exit 0  246 s
offset of the option in P<true, false>: 0xce0
0 names differ, 0 lint-only names are new, 0 rows fail
PASS
done 15:43:43
