"class C { [k: string]: A }"
    tsc: parse.ts[] parse.tsx[] chk.ts[] chk.tsx[] oth[2304]
    t.ts.plain: A ==
    t.ts.exp: A ==
    t.ts.deco: A ==
    i.ts.plain: A ==
"class C { [k: string]: A; }"
    tsc: parse.ts[] parse.tsx[] chk.ts[] chk.tsx[] oth[2304]
    t.ts.plain: A ==
    t.ts.exp: A ==
    t.ts.deco: A ==
    i.ts.plain: A ==
"class C { [k: string]: A, }"
    tsc: parse.ts[] parse.tsx[] chk.ts[] chk.tsx[] oth[2304]
    t.ts.plain: R "Expected \";\" but found \",\"" -> A
    t.ts.exp: R "Expected \";\" but found \",\"" -> A
    t.ts.deco: R "Expected \";\" but found \",\"" -> A
    i.ts.plain: R "Expected \";\" but found \",\"" -> A
"class C { [k: string]: A, [l: number]: B }"
    tsc: parse.ts[] parse.tsx[] chk.ts[] chk.tsx[] oth[2304]
    t.ts.plain: R "Expected \";\" but found \",\"" -> A
    t.ts.exp: R "Expected \";\" but found \",\"" -> A
    t.ts.deco: R "Expected \";\" but found \",\"" -> A
    i.ts.plain: R "Expected \";\" but found \",\"" -> A
"class C { [k: string, l: number]: A }"
    tsc: parse.ts[] parse.tsx[] chk.ts[TS1096] chk.tsx[TS1096] oth[2304]
    t.ts.plain: R "Expected \"]\" but found \",\"" +4 -> A
    t.ts.exp: R "Expected \"]\" but found \",\"" +4 -> A
    t.ts.deco: R "Expected \"]\" but found \",\"" +4 -> A
    i.ts.plain: R "Expected \"]\" but found \",\"" +4 -> A
"class C { [k: string,]: A }"
    tsc: parse.ts[] parse.tsx[] chk.ts[TS1025] chk.tsx[TS1025] oth[2304]
    t.ts.plain: R "Expected \"]\" but found \",\"" +2 -> A
    t.ts.exp: R "Expected \"]\" but found \",\"" +2 -> A
    t.ts.deco: R "Expected \"]\" but found \",\"" +2 -> A
    i.ts.plain: R "Expected \"]\" but found \",\"" +2 -> A
"class C { [k?: string]: A }"
    tsc: parse.ts[] parse.tsx[] chk.ts[TS1019] chk.tsx[TS1019] oth[2304]
    t.ts.plain: R "Unexpected :" -> A
    t.ts.exp: R "Unexpected :" -> A
    t.ts.deco: R "Unexpected :" -> A
    i.ts.plain: R "Unexpected :" -> A
"class C { [...k: string[]]: A }"
    tsc: parse.ts[] parse.tsx[] chk.ts[TS1017] chk.tsx[TS1017] oth[2304]
    t.ts.plain: R "Unexpected ..." -> A
    t.ts.exp: R "Unexpected ..." -> A
    t.ts.deco: R "Unexpected ..." -> A
    i.ts.plain: R "Unexpected ..." -> A
"class C { [k: string] }"
    tsc: parse.ts[] parse.tsx[] chk.ts[TS1021] chk.tsx[TS1021] oth[]
    t.ts.plain: R "Expected \":\" but found \"}\"" +1 -> A
    t.ts.exp: R "Expected \":\" but found \"}\"" +1 -> A
    t.ts.deco: R "Expected \":\" but found \"}\"" +1 -> A
    i.ts.plain: R "Expected \":\" but found \"}\"" +1 -> A
"class C { [k: string]; }"
    tsc: parse.ts[] parse.tsx[] chk.ts[TS1021] chk.tsx[TS1021] oth[]
    t.ts.plain: R "Expected \":\" but found \";\"" +1 -> A
    t.ts.exp: R "Expected \":\" but found \";\"" +1 -> A
    t.ts.deco: R "Expected \":\" but found \";\"" +1 -> A
    i.ts.plain: R "Expected \":\" but found \";\"" +1 -> A
"class C { []: A }"
    tsc: parse.ts[] parse.tsx[] chk.ts[TS1096] chk.tsx[TS1096] oth[2304]
    t.ts.plain: R "Unexpected ]" -> A
    t.ts.exp: R "Unexpected ]" -> A
    t.ts.deco: R "Unexpected ]" -> A
    i.ts.plain: R "Unexpected ]" -> A
"class C { [k]: A }"
    tsc: parse.ts[] parse.tsx[] chk.ts[] chk.tsx[] oth[2304]
    t.ts.plain: A ==
    t.ts.exp: A ==
    t.ts.deco: A ==
    i.ts.plain: A ==
"class C { [k, l]: A }"
    tsc: parse.ts[] parse.tsx[] chk.ts[TS1096] chk.tsx[TS1096] oth[2304,7006]
    t.ts.plain: R "Expected \"]\" but found \",\"" +3 -> A
    t.ts.exp: R "Expected \"]\" but found \",\"" +3 -> A
    t.ts.deco: R "Expected \"]\" but found \",\"" +3 -> A
    i.ts.plain: R "Expected \"]\" but found \",\"" +3 -> A
"class C { static [k: string]: A }"
    tsc: parse.ts[] parse.tsx[] chk.ts[] chk.tsx[] oth[2304]
    t.ts.plain: A ==
    t.ts.exp: A ==
    t.ts.deco: A ==
    i.ts.plain: A ==
"class C { readonly [k: string]: A }"
    tsc: parse.ts[] parse.tsx[] chk.ts[] chk.tsx[] oth[2304]
    t.ts.plain: A ==
    t.ts.exp: A ==
    t.ts.deco: A ==
    i.ts.plain: A ==
"class C { declare [k: string]: A }"
    tsc: parse.ts[] parse.tsx[] chk.ts[TS1071] chk.tsx[TS1071] oth[2304]
    t.ts.plain: A ==
    t.ts.exp: A ==
    t.ts.deco: A ==
    i.ts.plain: A ==
"class C { public [k: string]: A }"
    tsc: parse.ts[] parse.tsx[] chk.ts[TS1071] chk.tsx[TS1071] oth[2304]
    t.ts.plain: A ==
    t.ts.exp: A ==
    t.ts.deco: A ==
    i.ts.plain: A ==
"class C { abstract [k: string]: A }"
    tsc: parse.ts[] parse.tsx[] chk.ts[TS1071] chk.tsx[TS1071] oth[2304]
    t.ts.plain: A ==
    t.ts.exp: A ==
    t.ts.deco: A ==
    i.ts.plain: A ==
"class C { override [k: string]: A }"
    tsc: parse.ts[] parse.tsx[] chk.ts[TS1071] chk.tsx[TS1071] oth[2304]
    t.ts.plain: A ==
    t.ts.exp: A ==
    t.ts.deco: A ==
    i.ts.plain: A ==
"class C { accessor [k: string]: A }"
    tsc: parse.ts[] parse.tsx[] chk.ts[TS1071] chk.tsx[TS1071] oth[2304]
    t.ts.plain: A ==
    t.ts.exp: R "Expected \";\" but found \"[\"" +2 -> A
    t.ts.deco: R "Expected \";\" but found \"[\"" +2 -> A
    i.ts.plain: R "Expected \";\" but found \"[\"" +2 -> A
"class C { [k: string] = 1 }"
    tsc: parse.ts[TS1005] parse.tsx[TS1005] chk.ts[] chk.tsx[] oth[]
    t.ts.plain: R "Expected \":\" but found \"=\"" -> R "Expected \";\" but found \"=\""
    t.ts.exp: R "Expected \":\" but found \"=\"" -> R "Expected \";\" but found \"=\""
    t.ts.deco: R "Expected \":\" but found \"=\"" -> R "Expected \";\" but found \"=\""
    i.ts.plain: R "Expected \":\" but found \"=\"" -> R "Expected \";\" but found \"=\""
"class C { [k: string]: A = 1 }"
    tsc: parse.ts[TS1005] parse.tsx[TS1005] chk.ts[] chk.tsx[] oth[]
    t.ts.plain: R "Expected \";\" but found \"=\"" ==
    t.ts.exp: R "Expected \";\" but found \"=\"" ==
    t.ts.deco: R "Expected \";\" but found \"=\"" ==
    i.ts.plain: R "Expected \";\" but found \"=\"" ==
"class C { [k: string]?: A }"
    tsc: parse.ts[TS1005,TS1068] parse.tsx[TS1005,TS1068] chk.ts[] chk.tsx[] oth[]
    t.ts.plain: R "Expected \":\" but found \"?\"" +1 -> R "Expected \";\" but found \"?\"" +1
    t.ts.exp: R "Expected \":\" but found \"?\"" +1 -> R "Expected \";\" but found \"?\"" +1
    t.ts.deco: R "Expected \":\" but found \"?\"" +1 -> R "Expected \";\" but found \"?\"" +1
    i.ts.plain: R "Expected \":\" but found \"?\"" +1 -> R "Expected \";\" but found \"?\"" +1
"class C { [k: string]!: A }"
    tsc: parse.ts[TS1005,TS1109,TS1128] parse.tsx[TS1005,TS1109,TS1128] chk.ts[] chk.tsx[] oth[]
    t.ts.plain: R "Expected \":\" but found \"!\"" +1 -> R "Expected \";\" but found \"!\"" +1
    t.ts.exp: R "Expected \":\" but found \"!\"" +1 -> R "Expected \";\" but found \"!\"" +1
    t.ts.deco: R "Expected \":\" but found \"!\"" +1 -> R "Expected \";\" but found \"!\"" +1
    i.ts.plain: R "Expected \":\" but found \"!\"" +1 -> R "Expected \";\" but found \"!\"" +1
"class C { [k: string](): A {} }"
    tsc: parse.ts[TS1005,TS1005,TS1128] parse.tsx[TS1005,TS1005,TS1128] chk.ts[] chk.tsx[] oth[]
    t.ts.plain: R "Expected \":\" but found \"(\"" +4 -> R "Expected \";\" but found \"(\"" +3
    t.ts.exp: R "Expected \":\" but found \"(\"" +4 -> R "Expected \";\" but found \"(\"" +3
    t.ts.deco: R "Expected \":\" but found \"(\"" +4 -> R "Expected \";\" but found \"(\"" +3
    i.ts.plain: R "Expected \":\" but found \"(\"" +4 -> R "Expected \";\" but found \"(\"" +3
"class C { static readonly [k: string]: A }"
    tsc: parse.ts[] parse.tsx[] chk.ts[] chk.tsx[] oth[2304]
    t.ts.plain: A ==
    t.ts.exp: A ==
    t.ts.deco: A ==
    i.ts.plain: A ==
"class C { readonly static [k: string]: A }"
    tsc: parse.ts[] parse.tsx[] chk.ts[TS1029] chk.tsx[TS1029] oth[2304]
    t.ts.plain: A ==
    t.ts.exp: A ==
    t.ts.deco: A ==
    i.ts.plain: A ==
"class C { [public k: string]: A }"
    tsc: parse.ts[] parse.tsx[] chk.ts[TS1018] chk.tsx[TS1018] oth[2304,2369]
    t.ts.plain: R "Expected \"]\" but found \"k\"" +2 ==
    t.ts.exp: R "Expected \"]\" but found \"k\"" +2 ==
    t.ts.deco: R "Expected \"]\" but found \"k\"" +2 ==
    i.ts.plain: R "Expected \"]\" but found \"k\"" +2 ==
"class C { [k: string]: A; [l: number]: B }"
    tsc: parse.ts[] parse.tsx[] chk.ts[] chk.tsx[] oth[2304]
    t.ts.plain: A ==
    t.ts.exp: A ==
    t.ts.deco: A ==
    i.ts.plain: A ==
"class C { async [k: string]: A }"
    tsc: parse.ts[] parse.tsx[] chk.ts[TS1071] chk.tsx[TS1071] oth[2304]
    t.ts.plain: A ==
    t.ts.exp: A ==
    t.ts.deco: A ==
    i.ts.plain: A ==
"class C { get [k: string]: A }"
    tsc: parse.ts[TS1005,TS1005,TS1068] parse.tsx[TS1005,TS1005,TS1068] chk.ts[] chk.tsx[] oth[]
    t.ts.plain: A ==
    t.ts.exp: A ==
    t.ts.deco: A ==
    i.ts.plain: A ==
"class C { accessor a: A }"
    tsc: parse.ts[] parse.tsx[] chk.ts[] chk.tsx[] oth[2304]
    t.ts.plain: A ==
    t.ts.exp: R "Expected \";\" but found \"a\"" +1 -> A
    t.ts.deco: R "Expected \";\" but found \"a\"" +1 -> A
    i.ts.plain: R "Expected \";\" but found \"a\"" +1 -> A
"class C { accessor a }"
    tsc: parse.ts[] parse.tsx[] chk.ts[] chk.tsx[] oth[7008]
    t.ts.plain: A ==
    t.ts.exp: R "Expected \";\" but found \"a\"" -> A
    t.ts.deco: R "Expected \";\" but found \"a\"" -> A
    i.ts.plain: R "Expected \";\" but found \"a\"" -> A
"class C { accessor a = 1 }"
    tsc: parse.ts[] parse.tsx[] chk.ts[] chk.tsx[] oth[]
    t.ts.plain: A ==
    t.ts.exp: R "Expected \";\" but found \"a\"" +1 -> A
    t.ts.deco: R "Expected \";\" but found \"a\"" +1 -> A
    i.ts.plain: R "Expected \";\" but found \"a\"" +1 -> A
"class C { accessor a?: A }"
    tsc: parse.ts[] parse.tsx[] chk.ts[TS1276] chk.tsx[TS1276] oth[2304]
    t.ts.plain: A ==
    t.ts.exp: R "Expected \";\" but found \"a\"" +2 -> A
    t.ts.deco: R "Expected \";\" but found \"a\"" +2 -> A
    i.ts.plain: R "Expected \";\" but found \"a\"" +2 -> A
"class C { accessor a!: A }"
    tsc: parse.ts[] parse.tsx[] chk.ts[] chk.tsx[] oth[2304]
    t.ts.plain: A ==
    t.ts.exp: R "Expected \";\" but found \"a\"" +2 -> A
    t.ts.deco: R "Expected \";\" but found \"a\"" +2 -> A
    i.ts.plain: R "Expected \";\" but found \"a\"" +2 -> A
"class C { readonly accessor a: A }"
    tsc: parse.ts[] parse.tsx[] chk.ts[TS1243] chk.tsx[TS1243] oth[2304]
    t.ts.plain: A ==
    t.ts.exp: R "Expected \";\" but found \"a\"" +1 -> A
    t.ts.deco: R "Expected \";\" but found \"a\"" +1 -> A
    i.ts.plain: R "Expected \";\" but found \"a\"" +1 -> A
"class C { declare accessor a: A }"
    tsc: parse.ts[] parse.tsx[] chk.ts[TS1243] chk.tsx[TS1243] oth[2304]
    t.ts.plain: A ==
    t.ts.exp: R "Expected \";\" but found \"a\"" +1 -> A
    t.ts.deco: R "Expected \";\" but found \"a\"" +1 -> A
    i.ts.plain: R "Expected \";\" but found \"a\"" +1 -> A
"class C { static accessor a: A }"
    tsc: parse.ts[] parse.tsx[] chk.ts[] chk.tsx[] oth[2304]
    t.ts.plain: A ==
    t.ts.exp: R "Expected \";\" but found \"a\"" +1 -> A
    t.ts.deco: R "Expected \";\" but found \"a\"" +1 -> A
    i.ts.plain: R "Expected \";\" but found \"a\"" +1 -> A
"class C { accessor static a: A }"
    tsc: parse.ts[] parse.tsx[] chk.ts[TS1029] chk.tsx[TS1029] oth[2304]
    t.ts.plain: R "Expected \";\" but found \"a\"" +1 ==
    t.ts.exp: R "Expected \";\" but found \"static\"" -> R "Expected \";\" but found \"a\"" +1
    t.ts.deco: R "Expected \";\" but found \"static\"" -> R "Expected \";\" but found \"a\"" +1
    i.ts.plain: R "Expected \";\" but found \"static\"" -> R "Expected \";\" but found \"a\"" +1
"class C { public accessor a: A }"
    tsc: parse.ts[] parse.tsx[] chk.ts[] chk.tsx[] oth[2304]
    t.ts.plain: A ==
    t.ts.exp: R "Expected \";\" but found \"a\"" +1 -> A
    t.ts.deco: R "Expected \";\" but found \"a\"" +1 -> A
    i.ts.plain: R "Expected \";\" but found \"a\"" +1 -> A
"class C { accessor public a: A }"
    tsc: parse.ts[] parse.tsx[] chk.ts[TS1029] chk.tsx[TS1029] oth[2304]
    t.ts.plain: R "Expected \";\" but found \"a\"" +1 ==
    t.ts.exp: R "Expected \";\" but found \"public\"" -> R "Expected \";\" but found \"a\"" +1
    t.ts.deco: R "Expected \";\" but found \"public\"" -> R "Expected \";\" but found \"a\"" +1
    i.ts.plain: R "Expected \";\" but found \"public\"" -> R "Expected \";\" but found \"a\"" +1
"class C { abstract accessor a: A }"
    tsc: parse.ts[] parse.tsx[] chk.ts[TS1253] chk.tsx[TS1253] oth[2304]
    t.ts.plain: A ==
    t.ts.exp: R "Expected \";\" but found \"a\"" +1 -> A
    t.ts.deco: R "Expected \";\" but found \"a\"" +1 -> A
    i.ts.plain: R "Expected \";\" but found \"a\"" +1 -> A
"class C { override accessor a: A }"
    tsc: parse.ts[] parse.tsx[] chk.ts[] chk.tsx[] oth[2304,4112]
    t.ts.plain: A ==
    t.ts.exp: R "Expected \";\" but found \"a\"" +1 -> A
    t.ts.deco: R "Expected \";\" but found \"a\"" +1 -> A
    i.ts.plain: R "Expected \";\" but found \"a\"" +1 -> A
"class C { accessor override a: A }"
    tsc: parse.ts[] parse.tsx[] chk.ts[TS1029] chk.tsx[TS1029] oth[2304,4112]
    t.ts.plain: R "Expected \";\" but found \"a\"" +1 ==
    t.ts.exp: R "Expected \";\" but found \"override\"" -> R "Expected \";\" but found \"a\"" +1
    t.ts.deco: R "Expected \";\" but found \"override\"" -> R "Expected \";\" but found \"a\"" +1
    i.ts.plain: R "Expected \";\" but found \"override\"" -> R "Expected \";\" but found \"a\"" +1
"class C { accessor readonly a: A }"
    tsc: parse.ts[] parse.tsx[] chk.ts[TS1243] chk.tsx[TS1243] oth[2304]
    t.ts.plain: R "Expected \";\" but found \"a\"" +1 ==
    t.ts.exp: R "Expected \";\" but found \"readonly\"" -> R "Expected \";\" but found \"a\"" +1
    t.ts.deco: R "Expected \";\" but found \"readonly\"" -> R "Expected \";\" but found \"a\"" +1
    i.ts.plain: R "Expected \";\" but found \"readonly\"" -> R "Expected \";\" but found \"a\"" +1
"class C { accessor declare a: A }"
    tsc: parse.ts[] parse.tsx[] chk.ts[TS1243] chk.tsx[TS1243] oth[2304]
    t.ts.plain: R "Expected \";\" but found \"a\"" +1 ==
    t.ts.exp: R "Expected \";\" but found \"declare\"" -> R "Expected \";\" but found \"a\"" +1
    t.ts.deco: R "Expected \";\" but found \"declare\"" -> R "Expected \";\" but found \"a\"" +1
    i.ts.plain: R "Expected \";\" but found \"declare\"" -> R "Expected \";\" but found \"a\"" +1
"class C { accessor accessor a: A }"
    tsc: parse.ts[] parse.tsx[] chk.ts[TS1030] chk.tsx[TS1030] oth[2304]
    t.ts.plain: R "Expected \";\" but found \"a\"" +1 ==
    t.ts.exp: R "Expected \";\" but found \"accessor\"" -> R "Expected \";\" but found \"a\"" +1
    t.ts.deco: R "Expected \";\" but found \"accessor\"" -> R "Expected \";\" but found \"a\"" +1
    i.ts.plain: R "Expected \";\" but found \"accessor\"" -> R "Expected \";\" but found \"a\"" +1
"class C { accessor a(): A {} }"
    tsc: parse.ts[] parse.tsx[] chk.ts[TS1275] chk.tsx[TS1275] oth[2304]
    t.ts.plain: R "auto-accessor properties cannot have a method body" ==
    t.ts.exp: R "Expected \";\" but found \"a\"" +3 -> R "auto-accessor properties cannot have a method body"
    t.ts.deco: R "Expected \";\" but found \"a\"" +3 -> R "auto-accessor properties cannot have a method body"
    i.ts.plain: R "Expected \";\" but found \"a\"" +3 -> R "auto-accessor properties cannot have a method body"
"class C { accessor get a() {} }"
    tsc: parse.ts[] parse.tsx[] chk.ts[TS1275] chk.tsx[TS1275] oth[2378]
    t.ts.plain: R "Expected \";\" but found \"a\"" +3 ==
    t.ts.exp: R "Expected \";\" but found \"get\"" -> R "Expected \";\" but found \"a\"" +3
    t.ts.deco: R "Expected \";\" but found \"get\"" -> R "Expected \";\" but found \"a\"" +3
    i.ts.plain: R "Expected \";\" but found \"get\"" -> R "Expected \";\" but found \"a\"" +3
"class C { accessor [a]: A }"
    tsc: parse.ts[] parse.tsx[] chk.ts[] chk.tsx[] oth[2304]
    t.ts.plain: A ==
    t.ts.exp: R "Expected \";\" but found \"[\"" +2 -> A
    t.ts.deco: R "Expected \";\" but found \"[\"" +2 -> A
    i.ts.plain: R "Expected \";\" but found \"[\"" +2 -> A
"class C { accessor #a: A }"
    tsc: parse.ts[] parse.tsx[] chk.ts[] chk.tsx[] oth[2304]
    t.ts.plain: A ==
    t.ts.exp: R "Expected \";\" but found \"#a\"" +1 -> A
    t.ts.deco: R "Expected \";\" but found \"#a\"" +1 -> A
    i.ts.plain: R "Expected \";\" but found \"#a\"" +1 -> A
"class C { accessor \"a\": A }"
    tsc: parse.ts[] parse.tsx[] chk.ts[] chk.tsx[] oth[2304]
    t.ts.plain: A ==
    t.ts.exp: R "Expected \";\" but found \"\"a\"\"" +1 -> A
    t.ts.deco: R "Expected \";\" but found \"\"a\"\"" +1 -> A
    i.ts.plain: R "Expected \";\" but found \"\"a\"\"" +1 -> A
"class C { accessor 1: A }"
    tsc: parse.ts[] parse.tsx[] chk.ts[] chk.tsx[] oth[2304]
    t.ts.plain: A ==
    t.ts.exp: R "Expected \";\" but found \"1\"" +1 -> A
    t.ts.deco: R "Expected \";\" but found \"1\"" +1 -> A
    i.ts.plain: R "Expected \";\" but found \"1\"" +1 -> A
"class C { accessor\na: A }"
    tsc: parse.ts[] parse.tsx[] chk.ts[] chk.tsx[] oth[2304,7008]
    t.ts.plain: A ==
    t.ts.exp: A ==
    t.ts.deco: A ==
    i.ts.plain: A ==
"class C { accessor: A }"
    tsc: parse.ts[] parse.tsx[] chk.ts[] chk.tsx[] oth[2304]
    t.ts.plain: A ==
    t.ts.exp: A ==
    t.ts.deco: A ==
    i.ts.plain: A ==
"class C { accessor = 1 }"
    tsc: parse.ts[] parse.tsx[] chk.ts[] chk.tsx[] oth[]
    t.ts.plain: A ==
    t.ts.exp: A ==
    t.ts.deco: A ==
    i.ts.plain: A ==
"class C { accessor() {} }"
    tsc: parse.ts[] parse.tsx[] chk.ts[] chk.tsx[] oth[]
    t.ts.plain: A ==
    t.ts.exp: A ==
    t.ts.deco: A ==
    i.ts.plain: A ==
"class C { accessor }"
    tsc: parse.ts[] parse.tsx[] chk.ts[] chk.tsx[] oth[7008]
    t.ts.plain: A ==
    t.ts.exp: A ==
    t.ts.deco: A ==
    i.ts.plain: A ==
"class C { async accessor a: A }"
    tsc: parse.ts[] parse.tsx[] chk.ts[TS1042] chk.tsx[TS1042] oth[2304]
    t.ts.plain: R "Expected \"(\" but found \":\"" +2 ==
    t.ts.exp: R "Expected \"(\" but found \"a\"" +2 -> R "Expected \"(\" but found \":\"" +2
    t.ts.deco: R "Expected \"(\" but found \"a\"" +2 -> R "Expected \"(\" but found \":\"" +2
    i.ts.plain: R "Expected \"(\" but found \"a\"" +2 -> R "Expected \"(\" but found \":\"" +2
"class C { accessor async a() {} }"
    tsc: parse.ts[] parse.tsx[] chk.ts[TS1275] chk.tsx[TS1275] oth[]
    t.ts.plain: R "Expected \";\" but found \"a\"" +3 ==
    t.ts.exp: R "Expected \";\" but found \"async\"" -> R "Expected \";\" but found \"a\"" +3
    t.ts.deco: R "Expected \";\" but found \"async\"" -> R "Expected \";\" but found \"a\"" +3
    i.ts.plain: R "Expected \";\" but found \"async\"" -> R "Expected \";\" but found \"a\"" +3
"class C { accessor *a() {} }"
    tsc: parse.ts[] parse.tsx[] chk.ts[TS1275] chk.tsx[TS1275] oth[2318]
    t.ts.plain: R "Unexpected *" ==
    t.ts.exp: R "Expected \";\" but found \"*\"" -> R "Unexpected *"
    t.ts.deco: R "Expected \";\" but found \"*\"" -> R "Unexpected *"
    i.ts.plain: R "Expected \";\" but found \"*\"" -> R "Unexpected *"
"class C { accessor constructor }"
    tsc: parse.ts[TS1005] parse.tsx[TS1005] chk.ts[] chk.tsx[] oth[]
    t.ts.plain: R "Invalid field name" ==
    t.ts.exp: R "Expected \";\" but found \"constructor\"" -> R "Invalid field name"
    t.ts.deco: R "Expected \";\" but found \"constructor\"" -> R "Invalid field name"
    i.ts.plain: R "Expected \";\" but found \"constructor\"" -> R "Invalid field name"
"class C { accessor constructor() {} }"
    tsc: parse.ts[] parse.tsx[] chk.ts[TS1275] chk.tsx[TS1275] oth[]
    t.ts.plain: R "auto-accessor properties cannot have a method body" ==
    t.ts.exp: R "Expected \";\" but found \"constructor\"" +4 -> R "auto-accessor properties cannot have a method body"
    t.ts.deco: R "Expected \";\" but found \"constructor\"" +4 -> R "auto-accessor properties cannot have a method body"
    i.ts.plain: R "Expected \";\" but found \"constructor\"" +4 -> R "auto-accessor properties cannot have a method body"
"class C { @d accessor a: A }"
    tsc: parse.ts[] parse.tsx[] chk.ts[] chk.tsx[] oth[2304] meta[type=Ref(A)]
    t.ts.plain: A ==
    t.ts.exp: R "Expected \";\" but found \"a\"" +1 -> R "An \"accessor\" property is not supported in a class with experimental decorators"
    t.ts.deco: R "Expected \";\" but found \"a\"" +1 -> R "An \"accessor\" property is not supported in a class with experimental decorators"
    i.ts.plain: R "Expected \";\" but found \"a\"" +1 -> A
"class C { accessor a: A; }"
    tsc: parse.ts[] parse.tsx[] chk.ts[] chk.tsx[] oth[2304]
    t.ts.plain: A ==
    t.ts.exp: R "Expected \";\" but found \"a\"" +1 -> A
    t.ts.deco: R "Expected \";\" but found \"a\"" +1 -> A
    i.ts.plain: R "Expected \";\" but found \"a\"" +1 -> A
"class C { static accessor #a = 1 }"
    tsc: parse.ts[] parse.tsx[] chk.ts[] chk.tsx[] oth[]
    t.ts.plain: A ==
    t.ts.exp: R "Expected \";\" but found \"#a\"" +1 -> A
    t.ts.deco: R "Expected \";\" but found \"#a\"" +1 -> A
    i.ts.plain: R "Expected \";\" but found \"#a\"" +1 -> A
"class C { a?: A = 1 }"
    tsc: parse.ts[] parse.tsx[] chk.ts[] chk.tsx[] oth[2304]
    t.ts.plain: A ==
    t.ts.exp: A ==
    t.ts.deco: A ==
    i.ts.plain: A ==
"class C { a!: A = 1 }"
    tsc: parse.ts[] parse.tsx[] chk.ts[TS1263] chk.tsx[TS1263] oth[2304]
    t.ts.plain: A ==
    t.ts.exp: A ==
    t.ts.deco: A ==
    i.ts.plain: A ==
"class C { a!?: A }"
    tsc: parse.ts[TS1434,TS1068,TS1068] parse.tsx[TS1434,TS1068,TS1068] chk.ts[] chk.tsx[] oth[]
    t.ts.plain: R "Expected \";\" but found \"?\"" +1 ==
    t.ts.exp: R "Expected \";\" but found \"?\"" +1 ==
    t.ts.deco: R "Expected \";\" but found \"?\"" +1 ==
    i.ts.plain: R "Expected \";\" but found \"?\"" +1 ==
"class C { a?!: A }"
    tsc: parse.ts[TS1434,TS1068,TS1109,TS1128] parse.tsx[TS1434,TS1068,TS1109,TS1128] chk.ts[] chk.tsx[] oth[]
    t.ts.plain: R "Expected \";\" but found \"!\"" +1 ==
    t.ts.exp: R "Expected \";\" but found \"!\"" +1 ==
    t.ts.deco: R "Expected \";\" but found \"!\"" +1 ==
    i.ts.plain: R "Expected \";\" but found \"!\"" +1 ==
"class C { a! }"
    tsc: parse.ts[] parse.tsx[] chk.ts[TS1264] chk.tsx[TS1264] oth[7008]
    t.ts.plain: A ==
    t.ts.exp: A ==
    t.ts.deco: A ==
    i.ts.plain: A ==
"class C { a? }"
    tsc: parse.ts[] parse.tsx[] chk.ts[] chk.tsx[] oth[7008]
    t.ts.plain: A ==
    t.ts.exp: A ==
    t.ts.deco: A ==
    i.ts.plain: A ==
"class C { a?() }"
    tsc: parse.ts[] parse.tsx[] chk.ts[] chk.tsx[] oth[7010]
    t.ts.plain: A ==
    t.ts.exp: A ==
    t.ts.deco: A ==
    i.ts.plain: A ==
"class C { a?() {} }"
    tsc: parse.ts[] parse.tsx[] chk.ts[] chk.tsx[] oth[]
    t.ts.plain: A ==
    t.ts.exp: A ==
    t.ts.deco: A ==
    i.ts.plain: A ==
"class C { a!() {} }"
    tsc: parse.ts[TS1441,TS1068,TS1068,TS1128] parse.tsx[TS1441,TS1068,TS1068,TS1128] chk.ts[] chk.tsx[] oth[]
    t.ts.plain: A ==
    t.ts.exp: A ==
    t.ts.deco: A ==
    i.ts.plain: A ==
"class C { a?<T>() {} }"
    tsc: parse.ts[] parse.tsx[] chk.ts[] chk.tsx[] oth[]
    t.ts.plain: A ==
    t.ts.exp: A ==
    t.ts.deco: A ==
    i.ts.plain: A ==
"class C { public public a: A }"
    tsc: parse.ts[] parse.tsx[] chk.ts[TS1028] chk.tsx[TS1028] oth[2304]
    t.ts.plain: A ==
    t.ts.exp: A ==
    t.ts.deco: A ==
    i.ts.plain: A ==
"class C { public private a: A }"
    tsc: parse.ts[] parse.tsx[] chk.ts[TS1028] chk.tsx[TS1028] oth[2304]
    t.ts.plain: A ==
    t.ts.exp: A ==
    t.ts.deco: A ==
    i.ts.plain: A ==
"class C { readonly readonly a: A }"
    tsc: parse.ts[] parse.tsx[] chk.ts[TS1030] chk.tsx[TS1030] oth[2304]
    t.ts.plain: A ==
    t.ts.exp: A ==
    t.ts.deco: A ==
    i.ts.plain: A ==
"class C { readonly public a: A }"
    tsc: parse.ts[] parse.tsx[] chk.ts[TS1029] chk.tsx[TS1029] oth[2304]
    t.ts.plain: A ==
    t.ts.exp: A ==
    t.ts.deco: A ==
    i.ts.plain: A ==
"class C { static static a: A }"
    tsc: parse.ts[TS1434] parse.tsx[TS1434] chk.ts[] chk.tsx[] oth[]
    t.ts.plain: R "Expected \";\" but found \"a\"" +1 ==
    t.ts.exp: R "Expected \";\" but found \"a\"" +1 ==
    t.ts.deco: R "Expected \";\" but found \"a\"" +1 ==
    i.ts.plain: R "Expected \";\" but found \"a\"" +1 ==
"class C { static public a: A }"
    tsc: parse.ts[] parse.tsx[] chk.ts[TS1029] chk.tsx[TS1029] oth[2304]
    t.ts.plain: A ==
    t.ts.exp: A ==
    t.ts.deco: A ==
    i.ts.plain: A ==
"class C { declare declare a: A }"
    tsc: parse.ts[] parse.tsx[] chk.ts[TS1030] chk.tsx[TS1030] oth[2304]
    t.ts.plain: A ==
    t.ts.exp: A ==
    t.ts.deco: A ==
    i.ts.plain: A ==
"class C { override override a }"
    tsc: parse.ts[] parse.tsx[] chk.ts[TS1030] chk.tsx[TS1030] oth[4112,7008]
    t.ts.plain: A ==
    t.ts.exp: A ==
    t.ts.deco: A ==
    i.ts.plain: A ==
"class C { abstract a: A }"
    tsc: parse.ts[] parse.tsx[] chk.ts[TS1253] chk.tsx[TS1253] oth[2304]
    t.ts.plain: A ==
    t.ts.exp: A ==
    t.ts.deco: A ==
    i.ts.plain: A ==
"class C { abstract a() {} }"
    tsc: parse.ts[] parse.tsx[] chk.ts[TS1244] chk.tsx[TS1244] oth[1245]
    t.ts.plain: A ==
    t.ts.exp: A ==
    t.ts.deco: A ==
    i.ts.plain: A ==
"class C { declare a(): void }"
    tsc: parse.ts[] parse.tsx[] chk.ts[TS1031] chk.tsx[TS1031] oth[]
    t.ts.plain: A ==
    t.ts.exp: A ==
    t.ts.deco: A ==
    i.ts.plain: A ==
"class C { declare a() {} }"
    tsc: parse.ts[] parse.tsx[] chk.ts[TS1031,TS1183] chk.tsx[TS1031,TS1183] oth[]
    t.ts.plain: A ==
    t.ts.exp: A ==
    t.ts.deco: A ==
    i.ts.plain: A ==
"class C { declare get a(): A }"
    tsc: parse.ts[] parse.tsx[] chk.ts[TS1031] chk.tsx[TS1031] oth[2304]
    t.ts.plain: A ==
    t.ts.exp: A ==
    t.ts.deco: A ==
    i.ts.plain: A ==
"class C { readonly a() {} }"
    tsc: parse.ts[] parse.tsx[] chk.ts[TS1024] chk.tsx[TS1024] oth[]
    t.ts.plain: A ==
    t.ts.exp: A ==
    t.ts.deco: A ==
    i.ts.plain: A ==
"class C { readonly get a() {} }"
    tsc: parse.ts[] parse.tsx[] chk.ts[TS1024] chk.tsx[TS1024] oth[2378]
    t.ts.plain: A ==
    t.ts.exp: A ==
    t.ts.deco: A ==
    i.ts.plain: A ==
"class C { override public a: A }"
    tsc: parse.ts[] parse.tsx[] chk.ts[TS1029] chk.tsx[TS1029] oth[2304,4112]
    t.ts.plain: A ==
    t.ts.exp: A ==
    t.ts.deco: A ==
    i.ts.plain: A ==
"class C { public override a: A }"
    tsc: parse.ts[] parse.tsx[] chk.ts[] chk.tsx[] oth[2304,4112]
    t.ts.plain: A ==
    t.ts.exp: A ==
    t.ts.deco: A ==
    i.ts.plain: A ==
"class C { public static override readonly a: A }"
    tsc: parse.ts[] parse.tsx[] chk.ts[] chk.tsx[] oth[2304,4112]
    t.ts.plain: A ==
    t.ts.exp: A ==
    t.ts.deco: A ==
    i.ts.plain: A ==
"class C { async async a() {} }"
    tsc: parse.ts[] parse.tsx[] chk.ts[TS1030] chk.tsx[TS1030] oth[]
    t.ts.plain: R "Expected \"(\" but found \"a\"" +1 ==
    t.ts.exp: R "Expected \"(\" but found \"a\"" +1 ==
    t.ts.deco: R "Expected \"(\" but found \"a\"" +1 ==
    i.ts.plain: R "Expected \"(\" but found \"a\"" +1 ==
"class C { static async a() {} }"
    tsc: parse.ts[] parse.tsx[] chk.ts[] chk.tsx[] oth[]
    t.ts.plain: A ==
    t.ts.exp: A ==
    t.ts.deco: A ==
    i.ts.plain: A ==
"class C { async static a() {} }"
    tsc: parse.ts[] parse.tsx[] chk.ts[TS1029] chk.tsx[TS1029] oth[]
    t.ts.plain: R "Expected \"(\" but found \"a\"" +1 ==
    t.ts.exp: R "Expected \"(\" but found \"a\"" +1 ==
    t.ts.deco: R "Expected \"(\" but found \"a\"" +1 ==
    i.ts.plain: R "Expected \"(\" but found \"a\"" +1 ==
"class C { get get a() {} }"
    tsc: parse.ts[TS1005] parse.tsx[TS1005] chk.ts[] chk.tsx[] oth[]
    t.ts.plain: R "Expected \"(\" but found \"a\"" +2 ==
    t.ts.exp: R "Expected \"(\" but found \"a\"" +2 ==
    t.ts.deco: R "Expected \"(\" but found \"a\"" +2 ==
    i.ts.plain: R "Expected \"(\" but found \"a\"" +2 ==
"class C { get a(): A }"
    tsc: parse.ts[] parse.tsx[] chk.ts[TS1005] chk.tsx[TS1005] oth[2304]
    t.ts.plain: A ==
    t.ts.exp: A ==
    t.ts.deco: A ==
    i.ts.plain: A ==
"class C { set a(v) }"
    tsc: parse.ts[] parse.tsx[] chk.ts[TS1005] chk.tsx[TS1005] oth[7006,7032]
    t.ts.plain: A ==
    t.ts.exp: A ==
    t.ts.deco: A ==
    i.ts.plain: A ==
"class C { get a(); }"
    tsc: parse.ts[] parse.tsx[] chk.ts[TS1005] chk.tsx[TS1005] oth[7033]
    t.ts.plain: A ==
    t.ts.exp: A ==
    t.ts.deco: A ==
    i.ts.plain: A ==
"class C { constructor(): A {} }"
    tsc: parse.ts[] parse.tsx[] chk.ts[TS1093] chk.tsx[TS1093] oth[2304]
    t.ts.plain: A ==
    t.ts.exp: A ==
    t.ts.deco: A ==
    i.ts.plain: A ==
"class C { constructor<T>() {} }"
    tsc: parse.ts[] parse.tsx[] chk.ts[TS1092] chk.tsx[TS1092] oth[]
    t.ts.plain: A ==
    t.ts.exp: A ==
    t.ts.deco: A ==
    i.ts.plain: A ==
"class C { public constructor() {} }"
    tsc: parse.ts[] parse.tsx[] chk.ts[] chk.tsx[] oth[]
    t.ts.plain: A ==
    t.ts.exp: A ==
    t.ts.deco: A ==
    i.ts.plain: A ==
"class C { static constructor() {} }"
    tsc: parse.ts[] parse.tsx[] chk.ts[TS1089] chk.tsx[TS1089] oth[]
    t.ts.plain: A ==
    t.ts.exp: A ==
    t.ts.deco: A ==
    i.ts.plain: A ==
"class C { a(public b: B) {} }"
    tsc: parse.ts[] parse.tsx[] chk.ts[] chk.tsx[] oth[2304,2369]
    t.ts.plain: R "Expected \")\" but found \"b\"" +2 -> A
    t.ts.exp: R "Expected \")\" but found \"b\"" +2 -> A
    t.ts.deco: R "Expected \")\" but found \"b\"" +2 -> A
    i.ts.plain: R "Expected \")\" but found \"b\"" +2 -> A
"class C { a(public private b: B) {} }"
    tsc: parse.ts[] parse.tsx[] chk.ts[TS1028] chk.tsx[TS1028] oth[2304,2369]
    t.ts.plain: R "Expected \")\" but found \"private\"" +4 -> A
    t.ts.exp: R "Expected \")\" but found \"private\"" +4 -> A
    t.ts.deco: R "Expected \")\" but found \"private\"" +4 -> A
    i.ts.plain: R "Expected \")\" but found \"private\"" +4 -> A
"class C { a(readonly readonly b: B) {} }"
    tsc: parse.ts[] parse.tsx[] chk.ts[TS1030] chk.tsx[TS1030] oth[2304,2369]
    t.ts.plain: R "Expected \")\" but found \"readonly\"" +4 -> A
    t.ts.exp: R "Expected \")\" but found \"readonly\"" +4 -> A
    t.ts.deco: R "Expected \")\" but found \"readonly\"" +4 -> A
    i.ts.plain: R "Expected \")\" but found \"readonly\"" +4 -> A
"class C { constructor(public private b: B) {} }"
    tsc: parse.ts[] parse.tsx[] chk.ts[TS1028] chk.tsx[TS1028] oth[2304]
    t.ts.plain: A ==
    t.ts.exp: A ==
    t.ts.deco: A ==
    i.ts.plain: A ==
"class C { constructor(readonly public b: B) {} }"
    tsc: parse.ts[] parse.tsx[] chk.ts[TS1029] chk.tsx[TS1029] oth[2304]
    t.ts.plain: A ==
    t.ts.exp: A ==
    t.ts.deco: A ==
    i.ts.plain: A ==
"class C { constructor(public public b: B) {} }"
    tsc: parse.ts[] parse.tsx[] chk.ts[TS1028] chk.tsx[TS1028] oth[2304]
    t.ts.plain: A ==
    t.ts.exp: A ==
    t.ts.deco: A ==
    i.ts.plain: A ==
"class C { in a: A }"
    tsc: parse.ts[] parse.tsx[] chk.ts[TS1274] chk.tsx[TS1274] oth[2304]
    t.ts.plain: R "Expected \";\" but found \"a\"" +1 ==
    t.ts.exp: R "Expected \";\" but found \"a\"" +1 ==
    t.ts.deco: R "Expected \";\" but found \"a\"" +1 ==
    i.ts.plain: R "Expected \";\" but found \"a\"" +1 ==
"class C { out a: A }"
    tsc: parse.ts[] parse.tsx[] chk.ts[TS1274] chk.tsx[TS1274] oth[2304]
    t.ts.plain: R "Expected \";\" but found \"a\"" +1 ==
    t.ts.exp: R "Expected \";\" but found \"a\"" +1 ==
    t.ts.deco: R "Expected \";\" but found \"a\"" +1 ==
    i.ts.plain: R "Expected \";\" but found \"a\"" +1 ==
"class C { const a: A }"
    tsc: parse.ts[] parse.tsx[] chk.ts[TS1248] chk.tsx[TS1248] oth[2304]
    t.ts.plain: R "Expected \";\" but found \"a\"" +1 ==
    t.ts.exp: R "Expected \";\" but found \"a\"" +1 ==
    t.ts.deco: R "Expected \";\" but found \"a\"" +1 ==
    i.ts.plain: R "Expected \";\" but found \"a\"" +1 ==
"class C { export a: A }"
    tsc: parse.ts[] parse.tsx[] chk.ts[TS1031] chk.tsx[TS1031] oth[2304]
    t.ts.plain: R "Expected \";\" but found \"a\"" +1 ==
    t.ts.exp: R "Expected \";\" but found \"a\"" +1 ==
    t.ts.deco: R "Expected \";\" but found \"a\"" +1 ==
    i.ts.plain: R "Expected \";\" but found \"a\"" +1 ==
"class C { default a: A }"
    tsc: parse.ts[TS1434] parse.tsx[TS1434] chk.ts[] chk.tsx[] oth[]
    t.ts.plain: R "Expected \";\" but found \"a\"" +1 ==
    t.ts.exp: R "Expected \";\" but found \"a\"" +1 ==
    t.ts.deco: R "Expected \";\" but found \"a\"" +1 ==
    i.ts.plain: R "Expected \";\" but found \"a\"" +1 ==
"class C { a: A, }"
    tsc: parse.ts[TS1442] parse.tsx[TS1442] chk.ts[] chk.tsx[] oth[]
    t.ts.plain: R "Expected \";\" but found \",\"" ==
    t.ts.exp: R "Expected \";\" but found \",\"" ==
    t.ts.deco: R "Expected \";\" but found \",\"" ==
    i.ts.plain: R "Expected \";\" but found \",\"" ==
"class C { a: A, b: B }"
    tsc: parse.ts[TS1442] parse.tsx[TS1442] chk.ts[] chk.tsx[] oth[]
    t.ts.plain: R "Expected \";\" but found \",\"" ==
    t.ts.exp: R "Expected \";\" but found \",\"" ==
    t.ts.deco: R "Expected \";\" but found \",\"" ==
    i.ts.plain: R "Expected \";\" but found \",\"" ==
"class C { a() {}, }"
    tsc: parse.ts[TS1068] parse.tsx[TS1068] chk.ts[] chk.tsx[] oth[]
    t.ts.plain: R "Expected identifier but found \",\"" +1 ==
    t.ts.exp: R "Expected identifier but found \",\"" +1 ==
    t.ts.deco: R "Expected identifier but found \",\"" +1 ==
    i.ts.plain: R "Expected identifier but found \",\"" +1 ==
"class C { 1n: A }"
    tsc: parse.ts[] parse.tsx[] chk.ts[TS1539] chk.tsx[TS1539] oth[2304]
    t.ts.plain: A ==
    t.ts.exp: A ==
    t.ts.deco: A ==
    i.ts.plain: A ==
"class C { 1n() {} }"
    tsc: parse.ts[] parse.tsx[] chk.ts[] chk.tsx[] oth[]
    t.ts.plain: A ==
    t.ts.exp: A ==
    t.ts.deco: A ==
    i.ts.plain: A ==
"class C { #a?: A }"
    tsc: parse.ts[] parse.tsx[] chk.ts[] chk.tsx[] oth[2304]
    t.ts.plain: A ==
    t.ts.exp: A ==
    t.ts.deco: A ==
    i.ts.plain: A ==
"class C { #a!: A }"
    tsc: parse.ts[] parse.tsx[] chk.ts[] chk.tsx[] oth[2304]
    t.ts.plain: A ==
    t.ts.exp: A ==
    t.ts.deco: A ==
    i.ts.plain: A ==
"class C { static #a(): void; }"
    tsc: parse.ts[] parse.tsx[] chk.ts[] chk.tsx[] oth[2391]
    t.ts.plain: A ==
    t.ts.exp: A ==
    t.ts.deco: A ==
    i.ts.plain: A ==
"class C { declare #a: A }"
    tsc: parse.ts[] parse.tsx[] chk.ts[TS18019] chk.tsx[TS18019] oth[2304]
    t.ts.plain: A ==
    t.ts.exp: A ==
    t.ts.deco: A ==
    i.ts.plain: A ==
"class C { abstract #a: A }"
    tsc: parse.ts[] parse.tsx[] chk.ts[TS1253] chk.tsx[TS1253] oth[2304]
    t.ts.plain: A ==
    t.ts.exp: A ==
    t.ts.deco: A ==
    i.ts.plain: A ==
"class C { a = 1, b = 2 }"
    tsc: parse.ts[TS1005] parse.tsx[TS1005] chk.ts[] chk.tsx[] oth[]
    t.ts.plain: R "Expected \";\" but found \",\"" ==
    t.ts.exp: R "Expected \";\" but found \",\"" ==
    t.ts.deco: R "Expected \";\" but found \",\"" ==
    i.ts.plain: R "Expected \";\" but found \",\"" ==
"declare class C { [k: string]: A }"
    tsc: parse.ts[] parse.tsx[] chk.ts[] chk.tsx[] oth[2304]
    t.ts.plain: A ==
    t.ts.exp: A ==
    t.ts.deco: A ==
    i.ts.plain: A ==
"abstract class C { [k: string]: A }"
    tsc: parse.ts[] parse.tsx[] chk.ts[] chk.tsx[] oth[2304]
    t.ts.plain: A ==
    t.ts.exp: A ==
    t.ts.deco: A ==
    i.ts.plain: A ==
"let v = class { [k: string]: A };"
    tsc: parse.ts[] parse.tsx[] chk.ts[] chk.tsx[] oth[2304]
    t.ts.plain: A ==
    t.ts.exp: A ==
    t.ts.deco: A ==
    i.ts.plain: A ==
"declare class C { [k: string, l: number]: A }"
    tsc: parse.ts[] parse.tsx[] chk.ts[TS1096] chk.tsx[TS1096] oth[2304]
    t.ts.plain: R "Expected \"]\" but found \",\"" +4 -> A
    t.ts.exp: R "Expected \"]\" but found \",\"" +4 -> A
    t.ts.deco: R "Expected \"]\" but found \",\"" +4 -> A
    i.ts.plain: R "Expected \"]\" but found \",\"" +4 -> A
"abstract class C { [k: string, l: number]: A }"
    tsc: parse.ts[] parse.tsx[] chk.ts[TS1096] chk.tsx[TS1096] oth[2304]
    t.ts.plain: R "Expected \"]\" but found \",\"" +4 -> A
    t.ts.exp: R "Expected \"]\" but found \",\"" +4 -> A
    t.ts.deco: R "Expected \"]\" but found \",\"" +4 -> A
    i.ts.plain: R "Expected \"]\" but found \",\"" +4 -> A
"let v = class { [k: string, l: number]: A };"
    tsc: parse.ts[] parse.tsx[] chk.ts[TS1096] chk.tsx[TS1096] oth[2304]
    t.ts.plain: R "Expected \"]\" but found \",\"" +4 -> A
    t.ts.exp: R "Expected \"]\" but found \",\"" +4 -> A
    t.ts.deco: R "Expected \"]\" but found \",\"" +4 -> A
    i.ts.plain: R "Expected \"]\" but found \",\"" +4 -> A
"declare class C { [k: string] }"
    tsc: parse.ts[] parse.tsx[] chk.ts[TS1021] chk.tsx[TS1021] oth[]
    t.ts.plain: R "Expected \":\" but found \"}\"" +1 -> A
    t.ts.exp: R "Expected \":\" but found \"}\"" +1 -> A
    t.ts.deco: R "Expected \":\" but found \"}\"" +1 -> A
    i.ts.plain: R "Expected \":\" but found \"}\"" +1 -> A
"abstract class C { [k: string] }"
    tsc: parse.ts[] parse.tsx[] chk.ts[TS1021] chk.tsx[TS1021] oth[]
    t.ts.plain: R "Expected \":\" but found \"}\"" +1 -> A
    t.ts.exp: R "Expected \":\" but found \"}\"" +1 -> A
    t.ts.deco: R "Expected \":\" but found \"}\"" +1 -> A
    i.ts.plain: R "Expected \":\" but found \"}\"" +1 -> A
"let v = class { [k: string] };"
    tsc: parse.ts[] parse.tsx[] chk.ts[TS1021] chk.tsx[TS1021] oth[]
    t.ts.plain: R "Expected \":\" but found \"}\"" +2 -> A
    t.ts.exp: R "Expected \":\" but found \"}\"" +2 -> A
    t.ts.deco: R "Expected \":\" but found \"}\"" +2 -> A
    i.ts.plain: R "Expected \":\" but found \"}\"" +2 -> A
"declare class C { accessor a: A }"
    tsc: parse.ts[] parse.tsx[] chk.ts[] chk.tsx[] oth[2304]
    t.ts.plain: A ==
    t.ts.exp: R "Expected \";\" but found \"a\"" +1 -> A
    t.ts.deco: R "Expected \";\" but found \"a\"" +1 -> A
    i.ts.plain: R "Expected \";\" but found \"a\"" +1 -> A
"abstract class C { accessor a: A }"
    tsc: parse.ts[] parse.tsx[] chk.ts[] chk.tsx[] oth[2304]
    t.ts.plain: A ==
    t.ts.exp: R "Expected \";\" but found \"a\"" +1 -> A
    t.ts.deco: R "Expected \";\" but found \"a\"" +1 -> A
    i.ts.plain: R "Expected \";\" but found \"a\"" +1 -> A
"let v = class { accessor a: A };"
    tsc: parse.ts[] parse.tsx[] chk.ts[] chk.tsx[] oth[2304]
    t.ts.plain: A ==
    t.ts.exp: R "Expected \";\" but found \"a\"" +1 -> A
    t.ts.deco: R "Expected \";\" but found \"a\"" +1 -> A
    i.ts.plain: R "Expected \";\" but found \"a\"" +1 -> A
"declare class C { accessor a?: A }"
    tsc: parse.ts[] parse.tsx[] chk.ts[TS1276] chk.tsx[TS1276] oth[2304]
    t.ts.plain: A ==
    t.ts.exp: R "Expected \";\" but found \"a\"" +2 -> A
    t.ts.deco: R "Expected \";\" but found \"a\"" +2 -> A
    i.ts.plain: R "Expected \";\" but found \"a\"" +2 -> A
"abstract class C { accessor a?: A }"
    tsc: parse.ts[] parse.tsx[] chk.ts[TS1276] chk.tsx[TS1276] oth[2304]
    t.ts.plain: A ==
    t.ts.exp: R "Expected \";\" but found \"a\"" +2 -> A
    t.ts.deco: R "Expected \";\" but found \"a\"" +2 -> A
    i.ts.plain: R "Expected \";\" but found \"a\"" +2 -> A
"let v = class { accessor a?: A };"
    tsc: parse.ts[] parse.tsx[] chk.ts[TS1276] chk.tsx[TS1276] oth[2304]
    t.ts.plain: A ==
    t.ts.exp: R "Expected \";\" but found \"a\"" +2 -> A
    t.ts.deco: R "Expected \";\" but found \"a\"" +2 -> A
    i.ts.plain: R "Expected \";\" but found \"a\"" +2 -> A
"declare class C { readonly accessor a: A }"
    tsc: parse.ts[] parse.tsx[] chk.ts[TS1243] chk.tsx[TS1243] oth[2304]
    t.ts.plain: A ==
    t.ts.exp: R "Expected \";\" but found \"a\"" +1 -> A
    t.ts.deco: R "Expected \";\" but found \"a\"" +1 -> A
    i.ts.plain: R "Expected \";\" but found \"a\"" +1 -> A
"abstract class C { readonly accessor a: A }"
    tsc: parse.ts[] parse.tsx[] chk.ts[TS1243] chk.tsx[TS1243] oth[2304]
    t.ts.plain: A ==
    t.ts.exp: R "Expected \";\" but found \"a\"" +1 -> A
    t.ts.deco: R "Expected \";\" but found \"a\"" +1 -> A
    i.ts.plain: R "Expected \";\" but found \"a\"" +1 -> A
"let v = class { readonly accessor a: A };"
    tsc: parse.ts[] parse.tsx[] chk.ts[TS1243] chk.tsx[TS1243] oth[2304]
    t.ts.plain: A ==
    t.ts.exp: R "Expected \";\" but found \"a\"" +1 -> A
    t.ts.deco: R "Expected \";\" but found \"a\"" +1 -> A
    i.ts.plain: R "Expected \";\" but found \"a\"" +1 -> A
"declare class C { [k: string]: A, }"
    tsc: parse.ts[] parse.tsx[] chk.ts[] chk.tsx[] oth[2304]
    t.ts.plain: R "Expected \";\" but found \",\"" -> A
    t.ts.exp: R "Expected \";\" but found \",\"" -> A
    t.ts.deco: R "Expected \";\" but found \",\"" -> A
    i.ts.plain: R "Expected \";\" but found \",\"" -> A
"abstract class C { [k: string]: A, }"
    tsc: parse.ts[] parse.tsx[] chk.ts[] chk.tsx[] oth[2304]
    t.ts.plain: R "Expected \";\" but found \",\"" -> A
    t.ts.exp: R "Expected \";\" but found \",\"" -> A
    t.ts.deco: R "Expected \";\" but found \",\"" -> A
    i.ts.plain: R "Expected \";\" but found \",\"" -> A
"let v = class { [k: string]: A, };"
    tsc: parse.ts[] parse.tsx[] chk.ts[] chk.tsx[] oth[2304]
    t.ts.plain: R "Expected \";\" but found \",\"" -> A
    t.ts.exp: R "Expected \";\" but found \",\"" -> A
    t.ts.deco: R "Expected \";\" but found \",\"" -> A
    i.ts.plain: R "Expected \";\" but found \",\"" -> A
"declare class C { a?: A = 1 }"
    tsc: parse.ts[] parse.tsx[] chk.ts[TS1039] chk.tsx[TS1039] oth[2304]
    t.ts.plain: A ==
    t.ts.exp: A ==
    t.ts.deco: A ==
    i.ts.plain: A ==
"abstract class C { a?: A = 1 }"
    tsc: parse.ts[] parse.tsx[] chk.ts[] chk.tsx[] oth[2304]
    t.ts.plain: A ==
    t.ts.exp: A ==
    t.ts.deco: A ==
    i.ts.plain: A ==
"let v = class { a?: A = 1 };"
    tsc: parse.ts[] parse.tsx[] chk.ts[] chk.tsx[] oth[2304]
    t.ts.plain: A ==
    t.ts.exp: A ==
    t.ts.deco: A ==
    i.ts.plain: A ==
"declare class C { abstract a: A }"
    tsc: parse.ts[] parse.tsx[] chk.ts[TS1253] chk.tsx[TS1253] oth[2304]
    t.ts.plain: A ==
    t.ts.exp: A ==
    t.ts.deco: A ==
    i.ts.plain: A ==
"abstract class C { abstract a: A }"
    tsc: parse.ts[] parse.tsx[] chk.ts[] chk.tsx[] oth[2304]
    t.ts.plain: A ==
    t.ts.exp: A ==
    t.ts.deco: A ==
    i.ts.plain: A ==
"let v = class { abstract a: A };"
    tsc: parse.ts[] parse.tsx[] chk.ts[TS1253] chk.tsx[TS1253] oth[2304]
    t.ts.plain: A ==
    t.ts.exp: A ==
    t.ts.deco: A ==
    i.ts.plain: A ==
"declare class C { constructor(public private b: B) {} }"
    tsc: parse.ts[] parse.tsx[] chk.ts[TS1028,TS1183] chk.tsx[TS1028,TS1183] oth[2304]
    t.ts.plain: A ==
    t.ts.exp: A ==
    t.ts.deco: A ==
    i.ts.plain: A ==
"abstract class C { constructor(public private b: B) {} }"
    tsc: parse.ts[] parse.tsx[] chk.ts[TS1028] chk.tsx[TS1028] oth[2304]
    t.ts.plain: A ==
    t.ts.exp: A ==
    t.ts.deco: A ==
    i.ts.plain: A ==
"let v = class { constructor(public private b: B) {} };"
    tsc: parse.ts[] parse.tsx[] chk.ts[TS1028] chk.tsx[TS1028] oth[2304]
    t.ts.plain: A ==
    t.ts.exp: A ==
    t.ts.deco: A ==
    i.ts.plain: A ==
"declare class C { a(public private b: B) {} }"
    tsc: parse.ts[] parse.tsx[] chk.ts[TS1028,TS1183] chk.tsx[TS1028,TS1183] oth[2304,2369]
    t.ts.plain: R "Expected \")\" but found \"private\"" +4 -> A
    t.ts.exp: R "Expected \")\" but found \"private\"" +4 -> A
    t.ts.deco: R "Expected \")\" but found \"private\"" +4 -> A
    i.ts.plain: R "Expected \")\" but found \"private\"" +4 -> A
"abstract class C { a(public private b: B) {} }"
    tsc: parse.ts[] parse.tsx[] chk.ts[TS1028] chk.tsx[TS1028] oth[2304,2369]
    t.ts.plain: R "Expected \")\" but found \"private\"" +4 -> A
    t.ts.exp: R "Expected \")\" but found \"private\"" +4 -> A
    t.ts.deco: R "Expected \")\" but found \"private\"" +4 -> A
    i.ts.plain: R "Expected \")\" but found \"private\"" +4 -> A
"let v = class { a(public private b: B) {} };"
    tsc: parse.ts[] parse.tsx[] chk.ts[TS1028] chk.tsx[TS1028] oth[2304,2369]
    t.ts.plain: R "Expected \")\" but found \"private\"" +4 -> A
    t.ts.exp: R "Expected \")\" but found \"private\"" +4 -> A
    t.ts.deco: R "Expected \")\" but found \"private\"" +4 -> A
    i.ts.plain: R "Expected \")\" but found \"private\"" +4 -> A
