   Compiling proc-macro2 v1.0.106
   Compiling unicode-ident v1.0.24
   Compiling quote v1.0.45
   Compiling memchr v2.8.0
   Compiling rustversion v1.0.22
   Compiling libc v0.2.186
   Compiling allocator-api2 v0.2.21
   Compiling bun_opaque v0.0.0 (/workspace/wt/typecheck/src/opaque)
   Compiling heck v0.5.0
   Compiling thiserror v2.0.18
   Compiling unicode-xid v0.2.6
   Compiling konst_macro_rules v0.2.19
   Compiling bstr v1.12.1
   Compiling konst v0.2.20
   Compiling bun_mimalloc_sys v0.0.0 (/workspace/wt/typecheck/src/mimalloc_sys)
   Compiling bun_core v0.0.0 (/workspace/wt/typecheck/src/bun_core)
   Compiling bun_output_tags v0.0.0 (/workspace/wt/typecheck/src/bun_output_tags)
   Compiling itoa v1.0.18
   Compiling bun_wyhash v0.0.0 (/workspace/wt/typecheck/src/wyhash)
   Compiling bun_highway v0.0.0 (/workspace/wt/typecheck/src/highway)
   Compiling bytemuck v1.25.0
   Compiling bun_simdutf_sys v0.0.0 (/workspace/wt/typecheck/src/simdutf_sys)
   Compiling paste v1.0.15
   Compiling scopeguard v1.2.0
   Compiling bun_hash v0.0.0 (/workspace/wt/typecheck/src/hash)
   Compiling hashbrown v0.15.5
   Compiling bun_alloc v0.0.0 (/workspace/wt/typecheck/src/bun_alloc)
   Compiling smallvec v1.15.1
   Compiling syn v2.0.117
   Compiling rustc-hash v2.1.2
   Compiling const_format_proc_macros v0.2.34
   Compiling const_format v0.2.36
   Compiling strum_macros v0.26.4
   Compiling thiserror-impl v2.0.18
   Compiling bun_core_macros v0.0.0 (/workspace/wt/typecheck/src/bun_core_macros)
   Compiling bun_dispatch v0.0.0 (/workspace/wt/typecheck/src/dispatch)
   Compiling strum v0.26.3
   Compiling bun_ptr v0.0.0 (/workspace/wt/typecheck/src/ptr)
   Compiling bun_collections v0.0.0 (/workspace/wt/typecheck/src/collections)
   Compiling ntc_probe v0.0.0 (/tmp/ntc/probe)
    Finished `test` profile [unoptimized + debuginfo] target(s) in 1m 12s
     Running unittests src/lib.rs (/tmp/ntc/target/debug/build/ntc_probe/014829e7ca5284c0/out/ntc_probe-014829e7ca5284c0)

running 1 test
test tests::maps_link ... ok

test result: ok. 1 passed; 0 failed; 0 ignored; 0 measured; 0 filtered out; finished in 0.07s

   Doc-tests ntc_probe

running 0 tests

test result: ok. 0 passed; 0 failed; 0 ignored; 0 measured; 0 filtered out; finished in 0.00s

rc=0
