// Jest Snapshot v1, https://jestjs.io/docs/snapshot-testing

exports[`update_expression.js format 1`] = `
====================================options=====================================
parsers: ["babel", "flow", "typescript"]
                                                      printWidth: 80 (default) |
=====================================input======================================
(this.x++).toString()
new (r++);
(x++)();
const uuid = String(this._uuidCounter++);

=====================================output=====================================
(this.x++).toString();
new (r++)();
(x++)();
const uuid = String(this._uuidCounter++);

================================================================================
`;
